store_sales_forecasting_raw.csv
Date,Product_Category,Units_Sold,Daily_Revenue,Demand_Index,Day_of_Week,Is_Weekend,Is_Holiday,Price,Is_On_Sale,Avg_Daily_Temperature,Rainfall_mm
2021-01-01,Clothing,64,1920.0,61,4,0,1,30.0,0.0,15.755449652483767,1.3167931231428107
2021-01-02,Clothing,59,1770.0,56,5,1,0,30.0,0.0,15.474275033192814,1.5033427361350893
2021-01-03,Clothing,58,1740.0,56,6,1,0,30.0,0.0,17.11475613760575,0.7992366311777133
2021-01-04,Clothing,52,1560.0,51,0,0,0,30.0,0.0,17.83370286933573,0.0
2021-01-05,Clothing,48,1440.0,46,1,0,0,30.0,0.0,16.73485372991104,0.32522810051151163
2021-01-06,Clothing,51,1530.0,47,2,0,0,30.0,0.0,14.368826452821676,
2021-01-07,Clothing,56,1680.0,52,3,0,0,30.0,0.0,15.07661655051944,0.0
2021-01-08,Clothing,52,1560.0,47,4,0,0,30.0,0.0,13.364322169097255,0.3968288670099349
2021-01-09,Clothing,60,1800.0,57,5,1,0,30.0,0.0,15.527570292177833,1.164937914911902
2021-01-10,Clothing,67,2010.0,62,6,1,0,30.0,0.0,13.83410576972595,0.0
2021-01-11,Clothing,49,1470.0,47,0,0,0,30.0,0.0,16.804175435565863,0.11901465655964394
2021-01-12,Clothing,49,1470.0,48,1,0,0,30.0,0.0,,
2021-01-13,Clothing,54,1620.0,53,2,0,0,30.0,0.0,18.25506891263805,0.0
2021-01-14,Clothing,47,1410.0,48,3,0,0,30.0,0.0,20.243641773743867,3.1370633281377778
2021-01-15,Clothing,53,1590.0,53,4,0,0,30.0,0.0,19.077033400982007,0.0
2021-01-16,Clothing,64,1920.0,63,5,1,0,30.0,0.0,18.419154948593917,0.0
2021-01-17,Clothing,65,1950.0,63,6,1,0,30.0,0.0,17.06707642616704,0.0
2021-01-18,Clothing,50,1500.0,49,0,0,0,30.0,0.0,18.430452572896332,4.422462665871697
2021-01-19,Clothing,46,1380.0,49,1,0,0,30.0,0.0,22.310832955414693,2.1374328661497883
2021-01-20,Clothing,52,1560.0,49,2,0,0,30.0,0.0,16.185355318707916,0.37895914453210056
2021-01-21,Clothing,53,1590.0,49,3,0,0,30.0,0.0,14.35326240330184,0.1545799596880928
2021-01-22,Clothing,51,1530.0,49,4,0,0,30.0,0.0,17.280657409393974,0.3492165883870424
2021-01-23,Clothing,62,1860.0,59,5,1,0,30.0,0.0,16.31172839285245,1.9175504045297989
2021-01-24,Clothing,61,1830.0,60,6,1,0,30.0,0.0,18.536117036899256,0.15048822218230562
2021-01-25,Clothing,48,1440.0,50,0,0,0,30.0,0.0,21.19658509141999,2.5864029074948625
2021-01-26,Clothing,76,1938.0,55,1,0,0,25.5,1.0,18.63415282674686,0.0
2021-01-27,Clothing,67,1708.5,50,2,0,0,25.5,1.0,20.039859002245166,0.9750680778667542
2021-01-28,Clothing,66,1683.0,50,3,0,0,25.5,1.0,20.979181010764396,0.0636102905299043
2021-01-29,Clothing,48,1440.0,50,4,0,0,30.0,0.0,21.141869815488647,
2021-01-30,Clothing,57,1710.0,60,5,1,0,30.0,0.0,22.80710930141588,0.29063794857981984
2021-01-31,Clothing,65,1950.0,66,6,1,0,30.0,0.0,20.61417507641214,0.0
2021-02-01,Clothing,49,1470.0,51,0,0,0,30.0,,21.769754952291397,1.4451923551400743
2021-02-02,Clothing,54,1620.0,56,1,0,0,30.0,0.0,20.971373216535632,0.0
2021-02-03,Clothing,70,1785.0,51,2,0,0,25.5,1.0,19.278294499818216,2.2808078742014115
2021-02-04,Clothing,73,1861.5,56,3,0,0,25.5,1.0,22.50950987818185,0.0
2021-02-05,Clothing,56,1428.0,41,4,0,0,25.5,1.0,19.197479237258054,6.708035079701612
2021-02-06,Clothing,59,1770.0,61,5,1,0,30.0,0.0,21.36313048324423,1.697411579945534
2021-02-07,Clothing,83,2116.5,62,6,1,0,25.5,1.0,20.908851468237977,0.43922488671757765
2021-02-08,Clothing,74,1887.0,57,0,0,0,25.5,1.0,22.658928669493747,0.0
2021-02-09,Clothing,71,1810.5,52,1,0,0,25.5,1.0,19.278376562509898,0.8041017520653206
2021-02-10,Clothing,52,1560.0,52,2,0,0,30.0,0.0,18.966158189145826,1.3977414458090252
2021-02-11,Clothing,49,1470.0,52,3,0,0,30.0,0.0,22.943872638621663,0.710462234635578
2021-02-12,Clothing,55,1650.0,57,4,0,0,30.0,0.0,21.89542624462173,0.0
2021-02-13,Clothing,87,2218.5,67,5,1,0,25.5,1.0,23.60597425024744,0.0
2021-02-14,Clothing,89,2269.5,67,6,1,0,25.5,1.0,21.65599575963217,
2021-02-15,Clothing,72,1836.0,58,0,0,0,25.5,1.0,25.067023842986618,0.0
2021-02-16,Clothing,48,1440.0,53,1,0,0,30.0,0.0,25.20508438725235,1.1679943681647558
2021-02-17,Clothing,53,1590.0,58,2,0,0,30.0,0.0,24.91664696407197,0.0
2021-02-18,Clothing,74,1887.0,58,3,0,0,25.5,1.0,23.414043327026576,0.0
2021-02-19,Clothing,72,1836.0,58,4,0,0,25.5,1.0,25.463505539088377,0.0
2021-02-20,Clothing,82,2091.0,63,5,1,0,25.5,1.0,23.083819339000524,0.47678999116794674
2021-02-21,Clothing,59,1770.0,63,6,1,0,30.0,0.0,24.065087578183615,0.2833948025683093
2021-02-22,Clothing,55,1650.0,58,0,0,0,30.0,0.0,22.211022725237854,0.0
2021-02-23,Clothing,56,1680.0,59,1,0,0,30.0,0.0,22.397578932608912,0.0
2021-02-24,Clothing,49,1470.0,54,2,0,0,30.0,0.0,25.136954704076473,0.89644695380404
2021-02-25,Clothing,49,1470.0,54,3,0,0,30.0,0.0,24.26330434786671,1.1541180210238533
2021-02-26,Clothing,72,1836.0,54,4,0,0,25.5,1.0,20.81629193561364,
2021-02-27,Clothing,89,2269.5,69,5,1,0,25.5,1.0,24.111112477827263,0.0
2021-02-28,Clothing,83,2116.5,64,6,1,0,25.5,1.0,23.56155874884402,0.9791573180198867
2021-03-01,Clothing,49,1470.0,54,0,0,0,30.0,0.0,24.861698768210807,1.0170331162956328
2021-03-02,Clothing,52,1560.0,54,1,0,0,30.0,0.0,21.598929311179454,0.5267712869595764
2021-03-03,Clothing,52,1560.0,54,2,0,0,30.0,0.0,21.017596368158365,0.02313382117669316
2021-03-04,Clothing,50,1500.0,54,3,0,0,30.0,0.0,23.987570292992043,1.4323605583298171
2021-03-05,Clothing,56,1680.0,59,4,0,0,30.0,0.0,,0.0
2021-03-06,Clothing,60,1800.0,64,5,1,0,30.0,0.0,23.898160280715555,0.7223327603307332
2021-03-07,Clothing,59,1770.0,65,6,1,0,30.0,0.0,26.299590042828505,0.7570286772683659
2021-03-08,Clothing,58,1740.0,60,0,0,0,30.0,0.0,21.261081654237532,0.0
2021-03-09,Clothing,57,1710.0,60,1,0,0,30.0,0.0,22.87478533228874,0.0
2021-03-10,Clothing,56,1680.0,60,2,0,0,30.0,0.0,24.010469115321563,0.0
2021-03-11,Clothing,55,1650.0,60,3,0,0,30.0,0.0,25.25076913700864,0.0
2021-03-12,Clothing,49,1470.0,55,4,0,0,30.0,0.0,25.50360845003875,1.238831038307819
2021-03-13,Clothing,61,1830.0,65,5,1,0,30.0,0.0,23.972937363600295,0.5929577247095852
2021-03-14,Clothing,69,2070.0,70,6,1,0,30.0,0.0,20.670244398049817,0.0
2021-03-15,Clothing,49,1470.0,55,0,0,0,30.0,0.0,26.209571575365057,1.3786994718368555
2021-03-16,Clothing,50,1500.0,60,1,0,0,30.0,0.0,29.85300844814149,0.0
2021-03-17,Clothing,57,1710.0,60,2,0,0,30.0,0.0,22.934068887802773,0.0
2021-03-18,Clothing,53,1590.0,55,3,0,0,30.0,0.0,21.52713541418337,2.1334512161443584
2021-03-19,Clothing,52,1560.0,55,4,0,0,30.0,0.0,22.98139265425096,3.8430384455884834
2021-03-20,Clothing,61,1830.0,65,5,1,0,30.0,0.0,23.179223314794683,0.5944862576373686
2021-03-21,Clothing,60,1800.0,65,6,1,0,30.0,0.0,24.50623243993426,0.07946732859909389
2021-03-22,Clothing,51,1530.0,55,0,0,0,30.0,0.0,23.452424113713516,
2021-03-23,Clothing,51,1530.0,55,1,0,0,30.0,0.0,23.896797621452205,0.33551370836279903
2021-03-24,Clothing,70,1785.0,55,2,0,0,25.5,1.0,23.52286646985233,0.3258024917765432
2021-03-25,Clothing,68,1734.0,55,3,0,0,25.5,1.0,25.3887918622229,0.8572163994892912
2021-03-26,Clothing,67,1708.5,55,4,0,0,25.5,1.0,25.964966905492492,4.641884247477067
2021-03-27,Clothing,66,1980.0,70,5,1,0,30.0,0.0,23.73957709714727,0.0
2021-03-28,Clothing,58,1740.0,65,6,1,0,30.0,0.0,26.938218595318048,1.5053893693035532
2021-03-29,Clothing,52,1560.0,55,0,0,0,30.0,0.0,22.48816375546308,2.1108517266060036
2021-03-30,Clothing,54,1620.0,60,1,0,0,30.0,0.0,26.04669356579649,0.0
2021-03-31,Clothing,48,1440.0,55,2,0,0,30.0,0.0,26.605382584215974,0.8701810871670408
2021-04-01,Clothing,58,1740.0,61,3,0,0,30.0,0.0,23.00309642420663,0.0
2021-04-02,Clothing,51,1530.0,60,4,0,0,30.0,0.0,28.644097588239717,0.0
2021-04-03,Clothing,57,1710.0,65,5,1,0,30.0,0.0,28.589813995687106,0.5088973492839406
2021-04-04,Clothing,57,1710.0,65,6,1,0,30.0,0.0,27.83382596331087,
2021-04-05,Clothing,47,1410.0,55,0,0,0,30.0,0.0,28.207137946914983,2.4987381670249516
2021-04-06,Clothing,57,1710.0,60,1,0,0,30.0,0.0,23.015761476776312,0.0
2021-04-07,Clothing,54,1620.0,55,2,0,0,30.0,0.0,20.282061034672502,0.4173414344931021
2021-04-08,Clothing,50,1500.0,55,3,0,0,30.0,0.0,24.444290322128236,2.158925934428726
2021-04-09,Clothing,52,1560.0,60,4,0,0,30.0,0.0,27.6144778229654,0.0
2021-04-10,Clothing,65,1950.0,70,5,1,0,30.0,0.0,24.835804940857333,
2021-04-11,Clothing,61,1830.0,65,6,1,0,30.0,0.0,23.99393658195068,0.2690419502222614
2021-04-12,Clothing,49,1470.0,55,0,0,0,30.0,0.0,,0.5750315296570505
2021-04-13,Clothing,52,1560.0,55,1,0,0,30.0,0.0,22.45806630795722,0.15077303147387333
2021-04-14,Clothing,54,1620.0,60,2,0,0,30.0,0.0,25.923126566713176,0.0
2021-04-15,Clothing,48,1440.0,55,3,0,0,30.0,0.0,26.722800846582796,4.891849294267282
2021-04-16,Clothing,58,1740.0,60,4,0,0,30.0,0.0,21.02698264987843,
2021-04-17,Clothing,59,1770.0,65,5,1,0,30.0,0.0,,0.7397655209254055
2021-04-18,Clothing,60,1800.0,65,6,1,0,30.0,0.0,24.64868056099249,0.21624124083519414
2021-04-19,Clothing,52,1560.0,55,0,0,0,30.0,0.0,22.559475170216885,0.014166694216268594
2021-04-20,Clothing,51,1530.0,55,1,0,0,30.0,0.0,23.11986022692167,0.3864237832044144
2021-04-21,Clothing,51,1530.0,55,2,0,0,30.0,0.0,23.903187332465702,0.13765455447440567
2021-04-22,Clothing,51,1530.0,55,3,0,0,30.0,0.0,23.86520809475746,
2021-04-23,Clothing,55,1650.0,60,4,0,0,30.0,0.0,24.98030718977798,0.0
2021-04-24,Clothing,52,1560.0,55,5,1,0,30.0,0.0,22.344556182329246,8.451454973894572
2021-04-25,Clothing,61,1830.0,65,6,1,0,30.0,0.0,23.887636981964782,0.4498666841065615
2021-04-26,Clothing,50,1500.0,55,0,0,0,30.0,0.0,24.9569950584053,0.32916871707459716
2021-04-27,Clothing,49,1470.0,55,1,0,0,30.0,0.0,26.180998197836768,0.9376146998601027
2021-04-28,Clothing,48,1440.0,54,2,0,0,30.0,0.0,25.922294907341158,
2021-04-29,Clothing,50,1500.0,54,3,0,0,30.0,0.0,24.171603448222744,0.9027923612915727
2021-04-30,Clothing,48,1440.0,54,4,0,0,30.0,0.0,25.35541141556852,1.717002337706885
2021-05-01,Clothing,60,1800.0,64,5,1,0,30.0,0.0,24.174787319196945,0.9835854887434721
2021-05-02,Clothing,66,1980.0,69,6,1,0,30.0,0.0,21.997911976047387,0.0
2021-05-03,Clothing,51,1530.0,54,0,0,0,30.0,0.0,22.992326718753194,1.1431145155536506
2021-05-04,Clothing,,,44,1,0,0,30.0,0.0,21.860287952781405,104.79737860772074
2021-05-05,Clothing,52,1560.0,54,2,0,0,30.0,0.0,21.835556684017348,1.9043444895056307
2021-05-06,Clothing,53,1590.0,59,3,0,0,30.0,0.0,25.39672599809742,0.0
2021-05-07,Clothing,52,1560.0,54,4,0,0,30.0,0.0,21.96597838558809,0.11924062157338344
2021-05-08,Clothing,62,1860.0,64,5,1,0,30.0,0.0,21.513913426933183,
2021-05-09,Clothing,67,2010.0,68,6,1,0,30.0,0.0,20.01623911570652,0.0
2021-05-10,Clothing,51,1530.0,53,0,0,0,30.0,0.0,21.959166748010006,0.894119617923389
2021-05-11,Clothing,50,1500.0,53,1,0,0,30.0,0.0,22.081168838097312,3.2724312111534415
2021-05-12,Clothing,53,1590.0,58,2,0,0,30.0,0.0,24.47108424738212,
2021-05-13,Clothing,57,1710.0,58,3,0,0,30.0,0.0,20.268426379666497,0.0
2021-05-14,Clothing,50,1500.0,53,4,0,0,30.0,0.0,,1.128855333741401
2021-05-15,Clothing,59,1770.0,63,5,1,0,30.0,0.0,24.122876605278048,1.7096507248957202
2021-05-16,Clothing,59,1770.0,63,6,1,0,30.0,0.0,23.707246815074406,1.707306134891271
2021-05-17,Clothing,68,1734.0,53,0,0,0,25.5,1.0,,1.2956911278891692
2021-05-18,Clothing,79,2014.5,57,1,0,0,25.5,1.0,18.681863136150795,0.0
2021-05-19,Clothing,70,1785.0,57,2,0,0,25.5,1.0,25.508702245580377,0.0
2021-05-20,Clothing,51,1530.0,52,3,0,0,30.0,0.0,20.83444861101683,0.18754631461563886
2021-05-21,Clothing,54,1620.0,57,4,0,0,30.0,0.0,22.329534312442814,0.0
2021-05-22,Clothing,85,2550.0,87,5,1,0,30.0,0.0,21.775019373815752,4.408518739704272
2021-05-23,Clothing,89,2670.0,87,6,1,0,30.0,0.0,16.74411186395938,
2021-05-24,Clothing,75,2250.0,77,0,0,0,30.0,0.0,21.4723600820923,0.13800637138191219
2021-05-25,Clothing,51,1530.0,52,1,0,0,30.0,0.0,20.423927359446974,1.6986075728191574
2021-05-26,Clothing,50,1500.0,51,2,0,0,30.0,0.0,20.62321676644561,0.9893618375287978
2021-05-27,Clothing,51,1530.0,51,3,0,0,30.0,0.0,19.270104053822493,1.2657849768387952
2021-05-28,Clothing,40,1200.0,41,4,0,0,30.0,0.0,20.25044102280463,8.952284585947089
2021-05-29,Clothing,59,1770.0,61,5,1,0,30.0,0.0,21.955471575057118,0.3616774601022743
2021-05-30,Clothing,62,1860.0,66,6,1,0,30.0,0.0,23.648225954925802,
2021-05-31,Clothing,71,1810.5,51,0,0,0,25.5,1.0,18.1447116156315,0.3484010066625072
2021-06-01,Clothing,68,1734.0,51,1,0,0,25.5,1.0,21.012011770171085,
2021-06-02,Clothing,65,1657.5,50,2,0,0,25.5,1.0,22.35747354299951,1.1633226218033461
2021-06-03,Clothing,51,1530.0,50,3,0,0,30.0,0.0,18.042051226893573,0.6813706944350724
2021-06-04,Clothing,53,1590.0,55,4,0,0,30.0,0.0,21.163497427920902,0.0
2021-06-05,Clothing,62,1860.0,65,5,1,0,30.0,0.0,22.608869167901098,
2021-06-06,Clothing,66,1980.0,65,6,1,0,30.0,0.0,17.710007550090335,0.0
2021-06-07,Clothing,57,1710.0,55,0,0,0,30.0,0.0,16.735697112077467,
2021-06-08,Clothing,67,1708.5,49,1,0,0,25.5,1.0,19.365030433174276,0.002966566339363652
2021-06-09,Clothing,69,1759.5,49,2,0,0,25.5,1.0,17.453475438185812,2.9604627864209863
2021-06-10,Clothing,67,1708.5,49,3,0,0,25.5,1.0,19.525808072105143,3.131038872512356
2021-06-11,Clothing,50,1500.0,49,4,0,0,30.0,0.0,,3.671007013666289
2021-06-12,Clothing,59,1770.0,59,5,1,0,30.0,0.0,19.073638039889776,0.8539343411369988
2021-06-13,Clothing,50,1500.0,49,6,1,0,30.0,0.0,18.60707506584251,8.71711795801779
2021-06-14,Clothing,37,1110.0,38,0,0,0,30.0,0.0,20.534857526481265,5.430901087456312
2021-06-15,Clothing,54,1620.0,53,1,0,0,30.0,0.0,17.789965608986844,0.0
2021-06-16,Clothing,51,1530.0,48,2,0,0,30.0,0.0,16.221225645772147,0.29756024391790614
2021-06-17,Clothing,53,1590.0,53,3,0,0,30.0,0.0,19.111662130537635,
2021-06-18,Clothing,49,1470.0,48,4,0,0,30.0,0.0,17.99496717255731,0.8062806965553535
2021-06-19,Clothing,88,2640.0,88,5,1,0,30.0,0.0,19.01186563810301,0.0
2021-06-20,Clothing,73,2190.0,72,6,1,0,30.0,0.0,18.572188421750376,5.288956769552929
2021-06-21,Clothing,76,2280.0,72,0,0,0,30.0,0.0,15.157607738023167,0.8030560538256883
2021-06-22,Clothing,50,1500.0,47,1,0,0,30.0,0.0,15.40017676252845,0.3096524006837853
2021-06-23,Clothing,53,1590.0,47,2,0,0,30.0,0.0,12.992968518398957,1.1403183494896227
2021-06-24,Clothing,56,1680.0,52,3,0,0,30.0,0.0,14.300097124631307,0.0
2021-06-25,Clothing,47,1410.0,47,4,0,0,30.0,0.0,,2.047063534624632
2021-06-26,Clothing,48,1440.0,46,5,1,0,30.0,0.0,16.92961895620768,5.389820142021069
2021-06-27,Clothing,58,1740.0,56,6,1,0,30.0,0.0,16.64825781132612,0.3853396632853838
2021-06-28,Clothing,50,1500.0,46,0,0,0,30.0,0.0,15.273146258396908,4.4239953735667745
2021-06-29,Clothing,57,1710.0,51,1,0,0,30.0,0.0,13.014323128137164,0.0
2021-06-30,Clothing,52,1560.0,46,2,0,0,30.0,0.0,12.704213899351839,0.17588481983623439
2021-07-01,Clothing,50,1500.0,46,3,0,0,30.0,0.0,14.59598201757059,0.7596233201821652
2021-07-02,Clothing,49,1470.0,45,4,0,0,30.0,0.0,14.43502268353572,1.2354157378455821
2021-07-03,Clothing,55,1650.0,55,5,1,0,30.0,0.0,19.623083214315884,0.03529825224776606
2021-07-04,Clothing,75,2250.0,70,6,1,1,30.0,0.0,13.977927335990554,1.5679714530403936
2021-07-05,Clothing,49,1470.0,45,0,0,0,30.0,0.0,14.565339251469696,0.9455830154732985
2021-07-06,Clothing,51,1530.0,45,1,0,0,30.0,0.0,12.3752040728788,0.23606935437272436
2021-07-07,Clothing,50,1500.0,45,2,0,0,30.0,0.0,13.446563985916951,0.35326582965526243
2021-07-08,Clothing,52,1560.0,49,3,0,0,30.0,0.0,15.730208694321888,0.0
2021-07-09,Clothing,49,1470.0,44,4,0,0,30.0,0.0,13.314323269525072,0.25010676952135236
2021-07-10,Clothing,61,1830.0,54,5,1,0,30.0,0.0,11.123209397517487,4.060566900568895
2021-07-11,Clothing,48,1440.0,44,6,1,0,30.0,0.0,14.296015616884034,6.7792645455831
2021-07-12,Clothing,38,1140.0,34,0,0,0,30.0,0.0,14.410397221650063,6.547909761480024
2021-07-13,Clothing,50,1500.0,44,1,0,0,30.0,0.0,12.919999164149015,0.6974174486053324
2021-07-14,Clothing,47,1410.0,43,2,0,0,30.0,0.0,14.654244604420319,2.7154016502545204
2021-07-15,Clothing,49,1470.0,43,3,0,0,30.0,0.0,12.021430584803097,1.4945097137576848
2021-07-16,Clothing,48,1440.0,43,4,0,0,30.0,0.0,14.153190707772415,2.0036362443976206
2021-07-17,Clothing,59,1770.0,53,5,1,0,30.0,0.0,12.329783635567548,2.1510670886184857
2021-07-18,Clothing,60,1800.0,53,6,1,0,30.0,0.0,10.868990194968205,0.7342473358026667
2021-07-19,Clothing,40,1200.0,33,0,0,0,30.0,0.0,11.798736651317064,5.059260283327086
2021-07-20,Clothing,48,1440.0,42,1,0,0,30.0,0.0,12.271568093063058,2.0482400448038702
2021-07-21,Clothing,67,1708.5,42,2,0,0,25.5,1.0,11.510053051566876,3.8974962582067674
2021-07-22,Clothing,65,1657.5,42,3,0,0,25.5,1.0,12.99987042679609,1.2900652749000145
2021-07-23,Clothing,72,1836.0,42,4,0,0,25.5,1.0,7.61666913963609,1.1209006166316087
2021-07-24,Clothing,80,2040.0,52,5,1,0,25.5,1.0,12.607807900671709,0.9921077029552665
2021-07-25,Clothing,92,2346.0,57,6,1,0,25.5,1.0,8.129926053177288,0.0
2021-07-26,Clothing,66,1683.0,41,0,0,0,25.5,1.0,11.323749783939427,0.9432884447299859
2021-07-27,Clothing,49,1470.0,41,1,0,0,30.0,0.0,9.875787359806555,0.11870742193102934
2021-07-28,Clothing,51,1530.0,46,2,0,0,30.0,0.0,13.84724053373085,0.0
2021-07-29,Clothing,46,1380.0,41,3,0,0,30.0,0.0,13.292246937522725,2.0092613935942243
2021-07-30,Clothing,49,1470.0,41,4,0,0,30.0,0.0,10.223185606869476,0.6986569300746441
2021-07-31,Clothing,66,1980.0,56,5,1,0,30.0,0.0,8.546697967588463,0.0
2021-08-01,Clothing,66,1980.0,56,6,1,0,30.0,,8.331484965141296,0.0
2021-08-02,Clothing,47,1410.0,40,0,0,0,30.0,0.0,11.035211154358523,1.3332664274997708
2021-08-03,Clothing,49,1470.0,40,1,0,0,30.0,0.0,9.258173812708486,1.876571675552822
2021-08-04,Clothing,52,1560.0,40,2,0,0,30.0,0.0,5.385457929892674,1.1302367253000063
2021-08-05,Clothing,,,40,3,0,0,30.0,0.0,9.354974552713887,2.7279399294729116
2021-08-06,Clothing,47,1410.0,40,4,0,0,30.0,0.0,11.694364889092316,0.8974300323963116
2021-08-07,Clothing,65,1950.0,55,5,1,0,30.0,0.0,8.614155359507624,0.0
2021-08-08,Clothing,61,1830.0,50,6,1,0,30.0,0.0,6.814057812120694,3.9103628043608545
2021-08-09,Clothing,48,1440.0,39,0,0,0,30.0,,8.793011187229716,1.119487231155996
2021-08-10,Clothing,51,1530.0,39,1,0,0,30.0,0.0,6.050156985808842,0.2529181380790082
2021-08-11,Clothing,67,1708.5,39,2,0,0,25.5,1.0,8.38555467195225,3.844348380043911
2021-08-12,Clothing,64,1632.0,39,3,0,0,25.5,1.0,10.631631553724805,1.2036416428846115
