store_sales_forecasting_raw.csv
Date,Product_Category,Units_Sold,Daily_Revenue,Demand_Index,Day_of_Week,Is_Weekend,Is_Holiday,Price,Is_On_Sale,Avg_Daily_Temperature,Rainfall_mm
2022-03-24,Clothing,54,1620.0,57,3,0,0,30.0,0.0,22.56471862077569,1.120350333109109
2022-03-25,Clothing,56,1680.0,62,4,0,0,30.0,0.0,25.62564374396557,0.0
2022-03-26,Clothing,58,1740.0,67,5,1,0,30.0,0.0,28.895874642588122,2.363361239231724
2022-03-27,Clothing,65,1950.0,72,6,1,0,30.0,0.0,27.13829814195618,0.0
2022-03-28,Clothing,60,1530.0,47,0,0,0,25.5,1.0,22.467555848947175,8.288510509213156
2022-03-29,Clothing,83,2116.5,62,1,0,0,25.5,1.0,20.656222734963695,0.0
2022-03-30,Clothing,76,1938.0,62,2,0,0,25.5,1.0,26.52678245983104,0.0
2022-03-31,Clothing,82,2091.0,62,3,0,0,25.5,1.0,21.479653984288273,0.0
2022-04-01,Clothing,71,1810.5,58,4,0,0,25.5,1.0,25.803821884563767,0.7527012636897759
2022-04-02,Clothing,84,2142.0,67,5,1,0,25.5,1.0,25.523411021065833,2.147040062265204
2022-04-03,Clothing,63,1890.0,67,6,1,0,30.0,0.0,23.229112149604653,0.00854042517791087
2022-04-04,Clothing,53,1590.0,57,0,0,0,30.0,0.0,23.3260071552354,0.026274514987608022
2022-04-05,Clothing,52,1560.0,57,1,0,0,30.0,0.0,25.259220032343183,1.5267602431597287
2022-04-06,Clothing,51,1530.0,57,2,0,0,30.0,0.0,26.01099858023082,3.5878392328306195
2022-04-07,Clothing,48,1440.0,57,3,0,0,30.0,0.0,28.803247360130534,3.212225611038374
2022-04-08,Clothing,50,1500.0,57,4,0,0,30.0,0.0,27.194199331113758,3.1599704313246066
2022-04-09,Clothing,64,1920.0,67,5,1,0,30.0,0.0,22.004771961859756,1.1500304141443283
2022-04-10,Clothing,457,13710.0,67,6,1,0,30.0,0.0,26.322849186416576,0.14292615157029953
2022-04-11,Clothing,76,1938.0,57,0,0,0,25.5,1.0,21.122747118479012,1.0763704509830858
2022-04-12,Clothing,61,1555.5,47,1,0,0,25.5,1.0,22.105621042254164,6.52380826038447
2022-04-13,Clothing,74,1887.0,62,2,0,0,25.5,1.0,28.510629980896603,0.0
2022-04-14,Clothing,57,1710.0,62,3,0,0,30.0,0.0,24.78311537902649,0.0
2022-04-15,Clothing,54,1620.0,57,4,0,0,30.0,0.0,22.58819993068367,
2022-04-16,Clothing,58,1740.0,67,5,1,0,30.0,0.0,29.606601104705355,1.4714497416277044
2022-04-17,Clothing,61,1830.0,67,6,1,0,30.0,0.0,26.29111582706083,0.8054831911091143
2022-04-18,Clothing,72,1836.0,57,0,0,0,25.5,1.0,24.4900086937604,2.184315207579188
2022-04-19,Clothing,70,1785.0,57,1,0,0,25.5,1.0,25.848016778334234,
2022-04-20,Clothing,78,1989.0,62,2,0,0,25.5,1.0,24.689604939054135,0.0
2022-04-21,Clothing,51,1530.0,57,3,0,0,30.0,0.0,25.62134010713469,4.182368303534464
2022-04-22,Clothing,58,1740.0,62,4,0,0,30.0,0.0,23.293400222864367,0.0
2022-04-23,Clothing,65,1950.0,72,5,1,0,30.0,0.0,26.68566579135978,0.0
2022-04-24,Clothing,68,2040.0,72,6,1,0,30.0,0.0,23.453589211483944,0.0
2022-04-25,Clothing,54,1620.0,57,0,0,0,30.0,0.0,22.88897946770723,1.3249140803142847
2022-04-26,Clothing,42,1260.0,47,1,0,0,30.0,0.0,24.77732585896789,5.459539244243765
2022-04-27,Clothing,71,1810.5,57,2,0,0,25.5,1.0,24.760856360442684,0.14226708484261508
2022-04-28,Clothing,78,1989.0,61,3,0,0,25.5,1.0,23.83307940622372,0.0
2022-04-29,Clothing,78,1989.0,61,4,0,0,25.5,1.0,23.75071969745855,0.0
2022-04-30,Clothing,61,1830.0,66,5,1,0,30.0,0.0,25.254047063570646,0.03323942027139837
2022-05-01,Clothing,60,1800.0,66,6,1,0,30.0,0.0,26.02564349845439,1.75561207173407
2022-05-02,Clothing,55,1650.0,56,0,0,0,30.0,0.0,,0.5324286727647951
2022-05-03,Clothing,48,1440.0,56,1,0,0,30.0,0.0,,0.29811970880913763
2022-05-04,Clothing,52,1560.0,56,2,0,0,30.0,0.0,23.57574587300313,0.8579100277312313
2022-05-05,Clothing,50,1500.0,56,3,0,0,30.0,0.0,25.514971311183803,4.051051458914993
2022-05-06,Clothing,54,1620.0,56,4,0,0,30.0,0.0,21.563352733541294,0.8768621166794006
2022-05-07,Clothing,94,2397.0,71,5,1,0,25.5,1.0,21.936294558218993,0.0
2022-05-08,Clothing,93,2371.5,71,6,1,0,25.5,1.0,23.32136293357696,0.0
2022-05-09,Clothing,73,1861.5,55,0,0,0,25.5,1.0,20.894692661340965,0.6569937715203193
2022-05-10,Clothing,52,1560.0,55,1,0,0,30.0,0.0,22.47829135117931,0.31511766974173083
2022-05-11,Clothing,58,1740.0,60,2,0,0,30.0,0.0,20.91009418555805,0.0
2022-05-12,Clothing,53,1590.0,55,3,0,0,30.0,0.0,21.236313337677995,0.5226014401362367
2022-05-13,Clothing,39,1170.0,45,4,0,0,30.0,0.0,25.346756832519933,5.331265235610392
2022-05-14,Clothing,61,1830.0,65,5,1,0,30.0,0.0,23.190596983535393,1.1069526877560527
2022-05-15,Clothing,63,1890.0,65,6,1,0,30.0,0.0,21.731825725352536,2.4291465383113846
2022-05-16,Clothing,52,1560.0,55,0,0,0,30.0,0.0,22.165736765378085,0.9754916530365121
2022-05-17,Clothing,54,1620.0,60,1,0,0,30.0,0.0,25.306317845739294,
2022-05-18,Clothing,44,1320.0,44,2,0,0,30.0,0.0,19.352942036559476,6.8485695831503
2022-05-19,Clothing,,,54,3,0,0,30.0,0.0,21.43974720977225,1.135196377500443
2022-05-20,Clothing,51,1530.0,54,4,0,0,30.0,0.0,22.46648355887449,1.0410013371847544
2022-05-21,Clothing,69,2070.0,69,5,1,0,30.0,0.0,19.173737623195557,0.0
2022-05-22,Clothing,67,2010.0,69,6,1,0,30.0,0.0,21.058570521703967,0.0
2022-05-23,Clothing,44,1320.0,44,0,0,0,30.0,0.0,19.174854257611536,10.543083354270792
2022-05-24,Clothing,53,1590.0,54,1,0,0,30.0,0.0,20.221473920041497,0.2583814374266371
2022-05-25,Clothing,57,1710.0,59,2,0,0,30.0,0.0,21.6292539764042,0.0
2022-05-26,Clothing,50,1500.0,53,3,0,0,30.0,0.0,22.031996157947074,0.6098146114305989
2022-05-27,Clothing,39,1170.0,43,4,0,0,30.0,0.0,24.0538239254107,5.877223472608284
2022-05-28,Clothing,59,1770.0,63,5,1,0,30.0,0.0,23.177614749241464,0.6946583873959045
2022-05-29,Clothing,63,1890.0,63,6,1,0,30.0,0.0,18.911363768014272,3.608167412234592
2022-05-30,Clothing,55,1650.0,58,0,0,0,30.0,0.0,22.849661201268443,0.0
2022-05-31,Clothing,51,1530.0,53,1,0,0,30.0,0.0,21.89268684792929,3.603507389178004
2022-06-01,Clothing,52,1560.0,53,2,0,0,30.0,0.0,20.075435159244783,4.9694302869698115
2022-06-02,Clothing,57,1710.0,57,3,0,0,30.0,0.0,19.56694597512113,0.0
2022-06-03,Clothing,56,1680.0,57,4,0,0,30.0,0.0,20.24609315125864,
2022-06-04,Clothing,68,2040.0,67,5,1,0,30.0,0.0,17.993248222371925,0.0
2022-06-05,Clothing,83,2116.5,62,6,1,0,25.5,1.0,20.641295082818107,0.7471490566170034
2022-06-06,Clothing,79,2014.5,57,0,0,0,25.5,1.0,18.335418172580376,0.0
2022-06-07,Clothing,77,1963.5,57,1,0,0,25.5,1.0,20.584550675090597,0.0
2022-06-08,Clothing,65,1950.0,66,2,0,0,30.0,0.0,19.94894400541809,11.810744046365771
2022-06-09,Clothing,77,2310.0,76,3,0,0,30.0,0.0,18.12606736460972,0.06727531854219104
2022-06-10,Clothing,81,2430.0,81,4,0,0,30.0,0.0,19.658988810779913,0.0
2022-06-11,Clothing,64,1920.0,61,5,1,0,30.0,0.0,15.839583216083389,0.07764387039394172
2022-06-12,Clothing,63,1890.0,61,6,1,0,30.0,0.0,16.928096562077187,1.162896446975585
2022-06-13,Clothing,57,1710.0,56,0,0,0,30.0,0.0,18.586473558246443,0.0
2022-06-14,Clothing,55,1650.0,55,1,0,0,30.0,0.0,18.767067170800395,0.0
2022-06-15,Clothing,53,1590.0,50,2,0,0,30.0,0.0,16.049146877941837,1.3964930158229203
2022-06-16,Clothing,61,1830.0,55,3,0,0,30.0,0.0,12.5882968848031,0.0
2022-06-17,Clothing,50,1500.0,50,4,0,0,30.0,0.0,19.46676789965613,1.830445708935129
2022-06-18,Clothing,59,1770.0,60,5,1,0,30.0,0.0,19.825078764812876,4.9163128455156695
2022-06-19,Clothing,,,50,6,1,0,25.5,1.0,15.913151738152445,5.3255544391527305
2022-06-20,Clothing,68,1734.0,49,0,0,0,25.5,1.0,18.795387296972837,1.1129897117977094
2022-06-21,Clothing,67,1708.5,49,1,0,0,25.5,1.0,19.08537266670386,2.311789716022084
2022-06-22,Clothing,50,1500.0,49,2,0,0,30.0,0.0,17.744537656771364,
2022-06-23,Clothing,53,1590.0,54,3,0,0,30.0,0.0,20.179893001758437,0.0
2022-06-24,Clothing,52,1560.0,49,4,0,0,30.0,0.0,15.508216094040797,0.14727773495160346
2022-06-25,Clothing,63,1890.0,59,5,1,0,30.0,0.0,14.318180993988278,
2022-06-26,Clothing,59,1770.0,58,6,1,0,30.0,0.0,18.28463060501319,0.1892234469823666
2022-06-27,Clothing,83,2490.0,78,0,0,0,30.0,0.0,13.4812731358777,0.0
2022-06-28,Clothing,78,2340.0,73,1,0,0,30.0,0.0,13.785500157776605,0.8652237827014471
2022-06-29,Clothing,78,2340.0,73,2,0,0,30.0,0.0,13.2915481341973,3.8268844667447572
2022-06-30,Clothing,,,48,3,0,0,30.0,0.0,13.38771405162803,3.1004809202298222
2022-07-01,Clothing,49,1470.0,48,4,0,0,30.0,0.0,17.825392332335294,0.18642023807783104
2022-07-02,Clothing,57,1710.0,57,5,1,0,30.0,0.0,18.672136308397125,3.3529183363024746
2022-07-03,Clothing,61,1830.0,57,6,1,0,30.0,0.0,14.961639216997618,4.07695737205014
2022-07-04,Clothing,67,2010.0,62,0,0,1,30.0,0.0,13.929207591610512,0.9898423183033402
2022-07-05,Clothing,54,1620.0,47,1,0,0,30.0,0.0,11.22568328878743,2.1823546627026076
2022-07-06,Clothing,51,1530.0,47,2,0,0,30.0,0.0,15.152515978036952,0.05699243603116888
2022-07-07,Clothing,51,1530.0,47,3,0,0,30.0,0.0,14.327066804163579,1.4494013229863087
2022-07-08,Clothing,48,1440.0,46,4,0,0,30.0,0.0,17.41569414388802,3.1567066680125944
2022-07-09,Clothing,52,1560.0,46,5,1,0,30.0,0.0,12.238467357237361,5.463870133613763
2022-07-10,Clothing,61,1830.0,56,6,1,0,30.0,0.0,13.532659006053215,
2022-07-11,Clothing,51,1530.0,46,0,0,0,30.0,0.0,13.63195803705987,0.05922219768938186
2022-07-12,Clothing,49,1470.0,46,1,0,0,30.0,0.0,15.388611921472885,0.6892070018383845
2022-07-13,Clothing,51,1530.0,46,2,0,0,30.0,0.0,13.773808252758727,1.5154210440861968
2022-07-14,Clothing,53,1590.0,45,3,0,0,30.0,0.0,10.827574845804275,1.1600784520542402
2022-07-15,Clothing,50,1500.0,45,4,0,0,30.0,0.0,13.922889087495856,1.3530907289523841
2022-07-16,Clothing,60,1800.0,55,5,1,0,30.0,0.0,14.126215809346611,0.45763397078943124
2022-07-17,Clothing,66,1980.0,60,6,1,0,30.0,0.0,12.603127081745233,0.0
2022-07-18,Clothing,51,1530.0,45,0,0,0,30.0,0.0,13.070119500854231,0.42782553888266084
2022-07-19,Clothing,49,1470.0,45,1,0,0,30.0,0.0,14.779773881670648,0.9588210041093703
2022-07-20,Clothing,52,1560.0,44,2,0,0,30.0,0.0,10.283255251074552,0.5775148176353135
2022-07-21,Clothing,58,1740.0,49,3,0,0,30.0,0.0,9.051866987904308,0.0
2022-07-22,Clothing,57,1710.0,49,4,0,0,30.0,0.0,9.764035699900864,0.0
2022-07-23,Clothing,51,1530.0,44,5,1,0,30.0,0.0,11.572405843206806,5.655614502017644
2022-07-24,Clothing,60,1800.0,54,6,1,0,30.0,0.0,12.302799009780436,2.9897848147851454
2022-07-25,Clothing,48,1440.0,44,0,0,0,30.0,0.0,14.37019302745363,3.950962515815543
2022-07-26,Clothing,48,1440.0,43,1,0,0,30.0,0.0,14.004221590575295,1.6715325523313616
2022-07-27,Clothing,53,1590.0,43,2,0,0,30.0,0.0,8.410140199221415,1.7324544368175152
2022-07-28,Clothing,57,1710.0,48,3,0,0,30.0,0.0,9.675338823652147,0.0
2022-07-29,Clothing,57,1710.0,48,4,0,0,30.0,0.0,9.141460945237826,0.0
2022-07-30,Clothing,70,2100.0,58,5,1,0,30.0,0.0,5.469700760789581,0.0
2022-07-31,Clothing,65,1950.0,58,6,1,0,30.0,0.0,10.876913904142176,0.0
2022-08-01,Clothing,52,1560.0,43,0,0,0,30.0,0.0,9.326349980723965,3.1666580528224397
2022-08-02,Clothing,53,1590.0,47,1,0,0,30.0,0.0,12.677815953614736,0.0
2022-08-03,Clothing,51,1530.0,42,2,0,0,30.0,0.0,9.225644083520585,1.621275296876536
2022-08-04,Clothing,47,1410.0,42,3,0,0,30.0,0.0,13.164747358598744,
2022-08-05,Clothing,51,1530.0,42,4,0,0,30.0,0.0,9.299648718854689,4.777038978417867
2022-08-06,Clothing,65,1950.0,57,5,1,0,30.0,0.0,10.65854386893321,0.0
2022-08-07,Clothing,86,2193.0,52,6,1,0,25.5,1.0,7.415145209528229,3.4870475839144506
2022-08-08,Clothing,79,2014.5,47,0,0,0,25.5,1.0,7.911313439841642,0.0
2022-08-09,Clothing,68,1734.0,41,1,0,0,25.5,1.0,9.336396875805958,1.372182609561178
2022-08-10,Clothing,71,1810.5,41,2,0,0,25.5,1.0,6.844900473984005,0.3997983213773131
2022-08-11,Clothing,69,1759.5,41,3,0,0,25.5,1.0,8.64264015945518,0.003145491561010294
2022-08-12,Clothing,58,1479.0,31,4,0,0,25.5,1.0,6.385583317384809,6.14884793878945
2022-08-13,Clothing,64,1920.0,56,5,1,0,30.0,0.0,10.342108044261682,0.0
2022-08-14,Clothing,58,1740.0,51,6,1,0,30.0,0.0,10.865399490556076,0.9809381339466594
2022-08-15,Clothing,57,1710.0,46,0,0,0,30.0,0.0,6.772409501221484,0.0
2022-08-16,Clothing,51,1530.0,40,1,0,0,30.0,0.0,7.229662896913772,3.7682742702780496
2022-08-17,Clothing,56,1680.0,45,2,0,0,30.0,0.0,6.453054522079722,0.0
2022-08-18,Clothing,56,1680.0,45,3,0,0,30.0,0.0,7.286187713350383,0.0
2022-08-19,Clothing,59,1770.0,45,4,0,0,30.0,0.0,3.438098095705307,0.0
2022-08-20,Clothing,65,1950.0,55,5,1,0,30.0,0.0,8.021311607079927,0.0
2022-08-21,Clothing,65,1950.0,50,6,1,0,30.0,0.0,,0.6289483438571355
2022-08-22,Clothing,52,1560.0,40,0,0,0,30.0,0.0,6.275692509522535,1.750694847056117
2022-08-23,Clothing,51,1530.0,40,1,0,0,30.0,0.0,6.852966502713846,1.0572604049476126
2022-08-24,Clothing,50,1500.0,40,2,0,0,30.0,0.0,,0.316211303118789
2022-08-25,Clothing,49,1470.0,39,3,0,0,30.0,0.0,8.524138399872882,0.06880638976718645
2022-08-26,Clothing,51,1530.0,39,4,0,0,30.0,0.0,5.5518411830887775,2.6506123900141754
2022-08-27,Clothing,61,1830.0,49,5,1,0,30.0,0.0,5.668750296494174,1.06841277079779
2022-08-28,Clothing,63,1890.0,49,6,1,0,30.0,0.0,3.673804123832932,3.753450191481499
2022-08-29,Clothing,51,1530.0,39,0,0,0,30.0,0.0,5.427727598055345,0.5732448948534163
2022-08-30,Clothing,52,1560.0,39,1,0,0,30.0,0.0,5.235312096783379,2.6855708008443435
2022-08-31,Clothing,53,1590.0,44,2,0,0,30.0,0.0,9.662946545999496,0.0
2022-09-01,Clothing,51,1530.0,39,3,0,0,30.0,0.0,6.01746166670564,0.3427392834163254
2022-09-02,Clothing,53,1590.0,44,4,0,0,30.0,0.0,9.70595076536043,0.0
2022-09-03,Clothing,79,2014.5,49,5,1,0,25.5,1.0,10.05003977645203,2.2739134383191644
2022-09-04,Clothing,90,2295.0,54,6,1,0,25.5,1.0,6.556481739771538,0.0
2022-09-05,Clothing,71,1810.5,38,0,0,0,25.5,1.0,3.536487222782336,1.3769417229400256
2022-09-06,Clothing,51,1530.0,38,1,0,0,30.0,0.0,4.318854037068943,
2022-09-07,Clothing,49,1470.0,38,2,0,0,30.0,0.0,6.627016057960797,1.0668668286559755
2022-09-08,Clothing,55,1650.0,43,3,0,0,30.0,0.0,6.172441482632771,0.0
2022-09-09,Clothing,67,1708.5,38,4,0,0,25.5,1.0,7.326112062907284,2.0816318717217794
2022-09-10,Clothing,88,2244.0,53,5,1,0,25.5,1.0,6.963267506897436,0.0
2022-09-11,Clothing,84,2142.0,48,6,1,0,25.5,1.0,4.748640946233489,2.211326235568493
2022-09-12,Clothing,51,1530.0,38,0,0,0,30.0,0.0,4.920493389340658,0.08979162644857452
2022-09-13,Clothing,49,1470.0,38,1,0,0,30.0,0.0,6.557004359990724,0.14088754446285345
2022-09-14,Clothing,49,1470.0,38,2,0,0,30.0,0.0,6.501294195783976,0.15884240255075732
2022-09-15,Clothing,51,1530.0,38,3,0,0,30.0,0.0,4.627459649381815,0.03941996026639094
2022-09-16,Clothing,51,1530.0,38,4,0,0,30.0,0.0,5.201585599357728,0.3146193583333352
2022-09-17,Clothing,61,1830.0,48,5,1,0,30.0,0.0,4.8387597443312815,0.18894925836680443
2022-09-18,Clothing,50,1500.0,38,6,1,0,30.0,0.0,6.06537070386699,6.249234366876768
2022-09-19,Clothing,51,1530.0,38,0,0,0,30.0,0.0,4.725026063988225,1.4133142535070906
2022-09-20,Clothing,58,1740.0,43,1,0,0,30.0,0.0,2.080267161847377,0.0
2022-09-21,Clothing,56,1680.0,43,2,0,0,30.0,0.0,5.194650073401837,0.0
2022-09-22,Clothing,57,1710.0,43,3,0,0,30.0,0.0,3.2824887081400203,0.0
2022-09-23,Clothing,51,1530.0,38,4,0,0,30.0,0.0,4.559502949131802,3.9623521583277324
2022-09-24,Clothing,66,1980.0,53,5,1,0,30.0,0.0,4.840748382149672,0.0
2022-09-25,Clothing,62,1860.0,48,6,1,0,30.0,0.0,4.050273765178629,0.2706431233089688
2022-09-26,Clothing,42,1260.0,30,0,0,0,30.0,0.0,5.372200363431494,11.856706991653429
2022-09-27,Clothing,54,1620.0,43,1,0,0,30.0,0.0,6.743519245921034,0.0
2022-09-28,Clothing,49,1470.0,38,2,0,0,30.0,0.0,6.538567675316294,3.5550323857328667
2022-09-29,Clothing,54,1620.0,38,3,0,0,30.0,0.0,1.0141932628147812,0.45048963212886495
2022-09-30,Clothing,58,1740.0,43,4,0,0,30.0,0.0,3.053922025780119,0.0
2022-10-01,Clothing,64,1920.0,48,5,1,0,30.0,0.0,1.7405312082837967,2.623635882065242
2022-10-02,Clothing,82,2091.0,48,6,1,0,25.5,1.0,5.95083098219193,0.17857317413323193
2022-10-03,Clothing,75,1912.5,43,0,0,0,25.5,1.0,6.147966909919589,0.0
2022-10-04,Clothing,70,1785.0,38,1,0,0,25.5,1.0,4.756162616860944,2.9536600970763063
2022-10-05,Clothing,56,1680.0,43,2,0,0,30.0,0.0,4.327284917276386,0.0
2022-10-06,Clothing,51,1530.0,38,3,0,0,30.0,0.0,4.519286000092054,0.8454454196971293
2022-10-07,Clothing,55,1650.0,43,4,0,0,30.0,0.0,5.458007088580608,0.0
2022-10-08,Clothing,67,2010.0,53,5,1,0,30.0,0.0,3.6705882125688087,0.0
2022-10-09,Clothing,52,1560.0,38,6,1,0,30.0,0.0,3.178191505925644,5.902962030910619
2022-10-10,Clothing,76,2280.0,63,0,0,0,30.0,0.0,4.372545875971648,0.7674941995749334
2022-10-11,Clothing,77,2310.0,63,1,0,0,30.0,0.0,4.060507517430054,2.0128846314640656
2022-10-12,Clothing,82,2460.0,68,2,0,0,30.0,0.0,3.317685081152206,0.0
2022-10-13,Clothing,47,1410.0,38,3,0,0,30.0,0.0,9.102682599358454,1.8527914268504229
2022-10-14,Clothing,55,1650.0,38,4,0,0,30.0,0.0,,1.3131489040127455
2022-10-15,Clothing,60,1800.0,48,5,1,0,30.0,0.0,6.411877278435075,1.7294800768834153
2022-10-16,Clothing,58,1740.0,48,6,1,0,30.0,0.0,7.981349221251872,0.7006683548756631
2022-10-17,Clothing,51,1530.0,38,0,0,0,30.0,0.0,4.868924772275691,2.4622914026637375
2022-10-18,Clothing,52,1560.0,38,1,0,0,30.0,0.0,3.7266271479438204,1.5375938038881172
2022-10-19,Clothing,466,13980.0,38,2,0,0,30.0,0.0,5.194076589838023,3.2740824346888333
2022-10-20,Clothing,49,1470.0,38,3,0,0,30.0,0.0,6.705608186743337,1.0546365658913137
2022-10-21,Clothing,67,1708.5,38,4,0,0,25.5,1.0,6.667435479048396,0.842593476904091
2022-10-22,Clothing,81,2065.5,48,5,1,0,25.5,1.0,6.705194841992437,0.4752611940832825
2022-10-23,Clothing,92,2346.0,53,6,1,0,25.5,1.0,4.1565230565416496,0.0
2022-10-24,Clothing,41,1230.0,30,0,0,0,30.0,0.0,6.578228425181981,5.692482967503701
2022-10-25,Clothing,49,1470.0,38,1,0,0,30.0,0.0,6.790307124350088,0.9605419031338864
2022-10-26,Clothing,49,1470.0,38,2,0,0,30.0,0.0,6.828518428233107,0.295380617801132
2022-10-27,Clothing,43,1290.0,30,3,0,0,30.0,0.0,5.058926695366156,5.58768047616958
2022-10-28,Clothing,50,1500.0,39,4,0,0,30.0,0.0,7.1257179081967035,
2022-10-29,Clothing,64,1920.0,49,5,1,0,30.0,0.0,2.6021529130624663,0.8325554116553611
2022-10-30,Clothing,59,1770.0,49,6,1,0,30.0,0.0,7.635028986810278,2.904116510229641
2022-10-31,Clothing,53,1590.0,44,0,0,0,30.0,0.0,8.822850260907089,0.0
2022-11-01,Clothing,52,1560.0,39,1,0,0,30.0,0.0,5.116069135548239,1.201919293448357
