store_sales_forecasting_raw.csv
Date,Product_Category,Units_Sold,Daily_Revenue,Demand_Index,Day_of_Week,Is_Weekend,Is_Holiday,Price,Is_On_Sale,Avg_Daily_Temperature,Rainfall_mm
2022-11-02,Clothing,57,1710.0,44,2,0,0,30.0,0.0,5.0160825004489045,0.0
2022-11-03,Clothing,57,1710.0,44,3,0,0,30.0,0.0,4.86399550744844,0.0
2022-11-04,Clothing,52,1560.0,39,4,0,0,30.0,0.0,5.267907196659928,0.7908562279707627
2022-11-05,Clothing,58,1740.0,49,5,1,0,30.0,0.0,9.195932688341909,2.2808216422251695
2022-11-06,Clothing,50,1500.0,39,6,1,0,30.0,0.0,7.201359118867811,5.0931052664996646
2022-11-07,Clothing,42,1260.0,30,0,0,0,30.0,0.0,6.120093158297461,6.41863146110256
2022-11-08,Clothing,55,1650.0,45,1,0,0,30.0,0.0,7.767947161916785,0.0
2022-11-09,Clothing,54,1620.0,45,2,0,0,30.0,0.0,9.717243272673214,0.0
2022-11-10,Clothing,40,1200.0,30,3,0,0,30.0,0.0,8.372294674774786,12.183082752080116
2022-11-11,Clothing,50,1500.0,40,4,0,0,30.0,0.0,8.060403784924782,0.12673584985219888
2022-11-12,Clothing,68,2040.0,55,5,1,0,30.0,0.0,4.311440823883994,0.0
2022-11-13,Clothing,,,55,6,1,0,30.0,0.0,6.924340788142656,0.0
2022-11-14,Clothing,48,1440.0,40,0,0,0,30.0,0.0,10.779629835783751,0.3626858595594411
2022-11-15,Clothing,58,1740.0,45,1,0,0,30.0,0.0,5.117482640327081,0.0
2022-11-16,Clothing,57,1710.0,45,2,0,0,30.0,,5.466492486982107,0.0
2022-11-17,Clothing,52,1560.0,41,3,0,0,30.0,0.0,7.027485836820099,3.7039725430967234
2022-11-18,Clothing,56,1680.0,46,4,0,0,30.0,0.0,8.432315439578275,0.0
2022-11-19,Clothing,60,1800.0,51,5,1,0,30.0,0.0,9.597166876506867,2.8400150146964696
2022-11-20,Clothing,52,1560.0,41,6,1,0,30.0,0.0,6.769392357261229,8.148694158918321
2022-11-21,Clothing,52,1560.0,41,0,0,0,30.0,0.0,6.556686073073564,2.8798222489913807
2022-11-22,Clothing,68,1734.0,41,1,0,0,25.5,1.0,9.763053448748115,1.6367031411463953
2022-11-23,Clothing,66,1683.0,41,2,0,0,25.5,1.0,10.813332556112016,0.24115335514886027
2022-11-24,Clothing,70,1785.0,42,3,0,0,25.5,1.0,9.058707295397028,0.5527096508526306
2022-11-25,Clothing,49,1470.0,42,4,0,0,30.0,0.0,11.838469082012695,0.35246787271812097
2022-11-26,Clothing,60,1800.0,52,5,1,0,30.0,0.0,10.643586823137037,0.2143709726540579
2022-11-27,Clothing,85,2167.5,52,6,1,0,25.5,1.0,8.25198677998033,0.7497626232693129
2022-11-28,Clothing,72,1836.0,42,0,0,0,25.5,1.0,7.32191519057307,4.339072807531622
2022-11-29,Clothing,68,1734.0,42,1,0,0,25.5,1.0,,1.3269129257876662
2022-11-30,Clothing,53,1590.0,47,2,0,0,30.0,0.0,12.601352485009082,0.0
2022-12-01,Clothing,58,1740.0,48,3,0,0,30.0,0.0,8.007311438727157,0.0
2022-12-02,Clothing,80,2400.0,68,4,0,0,30.0,0.0,5.739340900746227,0.5348790308684168
2022-12-03,Clothing,84,2520.0,78,5,1,0,30.0,0.0,12.501756167105409,0.13369598216198209
2022-12-04,Clothing,83,2490.0,78,6,1,0,30.0,0.0,13.67488790115798,0.041133457241699256
2022-12-05,Clothing,51,1530.0,43,0,0,0,30.0,0.0,10.45951912895707,1.8660608376638548
2022-12-06,Clothing,55,1650.0,48,1,0,0,30.0,0.0,11.486739386652426,0.0
2022-12-07,Clothing,57,1710.0,48,2,0,0,30.0,0.0,8.79001508258904,0.0
2022-12-08,Clothing,51,1530.0,44,3,0,0,30.0,0.0,10.945798530969947,0.4124064405778496
2022-12-09,Clothing,54,1620.0,44,4,0,0,30.0,0.0,8.304820427050359,3.104263280492102
2022-12-10,Clothing,60,1800.0,54,5,1,0,30.0,0.0,12.754685133007168,0.6914663293922618
2022-12-11,Clothing,61,1830.0,54,6,1,0,30.0,0.0,11.444939927994964,1.8929969812455307
2022-12-12,Clothing,52,1560.0,44,0,0,0,30.0,0.0,9.758991214237152,1.7422880177340456
2022-12-13,Clothing,51,1530.0,44,1,0,0,30.0,0.0,11.862031768341565,0.9465885723366749
2022-12-14,Clothing,52,1560.0,45,2,0,0,30.0,0.0,11.25997654310568,3.168145299273881
2022-12-15,Clothing,46,1380.0,45,3,0,0,30.0,0.0,18.1591295227951,0.2182608519205227
2022-12-16,Clothing,52,1560.0,45,4,0,0,30.0,0.0,11.884928534890479,1.0942943815170598
2022-12-17,Clothing,59,1770.0,55,5,1,0,30.0,0.0,14.406638293093744,0.02073022609810793
2022-12-18,Clothing,89,2269.5,60,6,1,0,25.5,1.0,14.197237161468836,0.0
2022-12-19,Clothing,79,2014.5,50,0,0,0,25.5,1.0,,0.0
2022-12-20,Clothing,66,1683.0,46,1,0,0,25.5,1.0,16.942293035728134,0.42904461940322314
2022-12-21,Clothing,54,1620.0,51,2,0,0,30.0,0.0,15.758809334900114,0.0
2022-12-22,Clothing,49,1470.0,46,3,0,0,30.0,0.0,15.967393984475038,0.016999958422704076
2022-12-23,Clothing,52,1560.0,46,4,0,0,30.0,0.0,12.867200629981005,1.4465025481737248
2022-12-24,Clothing,63,1890.0,56,5,1,0,30.0,0.0,11.95944247429579,0.11336655460325118
2022-12-25,Clothing,75,2250.0,71,6,1,1,30.0,0.0,14.352506910830183,0.6527668585240947
2022-12-26,Clothing,56,1680.0,52,0,0,0,30.0,0.0,14.790726396989545,0.0
2022-12-27,Clothing,57,1710.0,52,1,0,0,30.0,0.0,13.580793398475462,0.0
2022-12-28,Clothing,56,1680.0,52,2,0,0,30.0,0.0,14.535172247823503,0.0
2022-12-29,Clothing,49,1470.0,47,3,0,0,30.0,0.0,16.808985678893414,2.0455176301370774
2022-12-30,Clothing,52,1560.0,47,4,0,0,30.0,0.0,13.614977275688755,0.28903362767449514
2022-12-31,Clothing,61,1830.0,57,5,1,0,30.0,0.0,14.934301644886546,1.6921806600925757
2023-01-01,Clothing,75,2250.0,75,6,1,1,30.0,0.0,18.877578258653163,1.1441532057423327
2023-01-02,Clothing,56,1680.0,50,0,0,0,30.0,0.0,13.050240414242417,0.3055425698113039
2023-01-03,Clothing,72,1836.0,50,1,0,0,25.5,1.0,16.076436675226454,0.3442759910139086
2023-01-04,Clothing,67,1708.5,50,2,0,0,25.5,1.0,20.184426626063992,2.4765887021353388
2023-01-05,Clothing,73,1861.5,50,3,0,0,25.5,1.0,15.34061065288996,0.4370845093515747
2023-01-06,Clothing,52,1560.0,51,4,0,0,30.0,0.0,17.81415423463218,2.5028381573707486
2023-01-07,Clothing,69,2070.0,66,5,1,0,30.0,0.0,15.377209513141631,0.0
2023-01-08,Clothing,62,1860.0,61,6,1,0,30.0,0.0,17.678426578556117,0.2302346044572945
2023-01-09,Clothing,53,1590.0,51,0,0,0,30.0,0.0,16.917226970473305,2.561402668153005
2023-01-10,Clothing,58,1740.0,56,1,0,0,30.0,0.0,16.44009316661126,0.0
2023-01-11,Clothing,42,1260.0,41,2,0,0,30.0,0.0,17.875043999468414,6.237426836850156
2023-01-12,Clothing,48,1440.0,42,3,0,0,30.0,0.0,12.864103351072433,7.903254086909934
2023-01-13,Clothing,48,1440.0,52,4,0,0,30.0,0.0,23.999516733412605,0.7755863797076206
2023-01-14,Clothing,60,1800.0,62,5,1,0,30.0,0.0,21.38931161587765,0.45776091968435995
2023-01-15,Clothing,64,1920.0,62,6,1,0,30.0,0.0,16.89014170975939,1.8144611662362498
2023-01-16,Clothing,52,1560.0,52,0,0,0,30.0,0.0,19.539940316775677,2.34393887192615
2023-01-17,Clothing,56,1680.0,52,1,0,0,30.0,0.0,15.224991776058193,0.25885099872634254
2023-01-18,Clothing,53,1590.0,53,2,0,0,30.0,0.0,18.779581093247348,2.7285664290472424
2023-01-19,Clothing,52,1560.0,53,3,0,0,30.0,0.0,20.254185016306018,0.9491069559368177
2023-01-20,Clothing,54,1620.0,53,4,0,0,30.0,0.0,18.011974931332634,2.0099117013708616
2023-01-21,Clothing,67,2010.0,68,5,1,0,30.0,0.0,20.81745028483487,0.0
2023-01-22,Clothing,64,1920.0,63,6,1,0,30.0,0.0,17.843937714420044,2.0079262058163487
2023-01-23,Clothing,57,1710.0,58,0,0,0,30.0,0.0,19.960092694089067,0.0
2023-01-24,Clothing,78,1989.0,59,1,0,0,25.5,1.0,21.644556483853354,0.0
2023-01-25,Clothing,78,1989.0,54,2,0,0,25.5,1.0,16.429011366860063,0.2980277008211589
2023-01-26,Clothing,74,1887.0,54,3,0,0,25.5,1.0,19.24494474494016,1.6045828937783955
2023-01-27,Clothing,55,1650.0,54,4,0,0,30.0,0.0,18.10825367165603,0.7367564932674464
2023-01-28,Clothing,61,1830.0,64,5,1,0,30.0,0.0,22.40892780188739,0.06494053520149778
2023-01-29,Clothing,63,1890.0,64,6,1,0,30.0,0.0,20.37184055241206,1.6514023273260734
2023-01-30,Clothing,54,1620.0,54,0,0,0,30.0,0.0,19.59890214550707,3.8677350598090747
2023-01-31,Clothing,54,1620.0,55,1,0,0,30.0,0.0,20.537925911100995,3.441464396403336
2023-02-01,Clothing,53,1590.0,55,2,0,0,30.0,0.0,21.570007168316007,1.9897528010632266
2023-02-02,Clothing,53,1590.0,55,3,0,0,30.0,0.0,21.793424530836557,1.6647882521503874
2023-02-03,Clothing,53,1590.0,55,4,0,0,30.0,0.0,20.906091934154777,0.36882832058327075
2023-02-04,Clothing,62,1860.0,65,5,1,0,30.0,0.0,22.577348768803446,
2023-02-05,Clothing,71,2130.0,70,6,1,0,30.0,0.0,17.976814071086935,0.0
2023-02-06,Clothing,56,1680.0,55,0,0,0,30.0,0.0,18.36342501364194,
2023-02-07,Clothing,56,1680.0,56,1,0,0,30.0,0.0,19.28102225335188,0.19465947576722797
2023-02-08,Clothing,55,1650.0,56,2,0,0,30.0,0.0,20.63366801222637,1.1554885577293077
2023-02-09,Clothing,53,1590.0,56,3,0,0,30.0,0.0,22.22217975010883,1.2912396447252759
2023-02-10,Clothing,54,1620.0,56,4,0,0,30.0,0.0,21.482014815482298,0.4971004897185902
2023-02-11,Clothing,68,2040.0,71,5,1,0,30.0,0.0,22.855730376495615,0.0
2023-02-12,Clothing,64,1920.0,66,6,1,0,30.0,0.0,21.947267706171836,0.8908653851473378
2023-02-13,Clothing,58,1740.0,61,0,0,0,30.0,0.0,22.653074195348555,0.0
2023-02-14,Clothing,53,1590.0,56,1,0,0,30.0,0.0,22.851041699901376,1.5143429922643645
2023-02-15,Clothing,73,1861.5,57,2,0,0,25.5,1.0,23.44187600737352,2.6284188624616833
2023-02-16,Clothing,74,1887.0,57,3,0,0,25.5,1.0,,1.6919405937645537
2023-02-17,Clothing,78,1989.0,57,4,0,0,25.5,1.0,19.45881553475243,0.4905644919038741
2023-02-18,Clothing,64,1920.0,67,5,1,0,30.0,0.0,22.85328303207618,2.526733691308695
2023-02-19,Clothing,70,2100.0,72,6,1,0,30.0,0.0,21.404533002961966,0.0
2023-02-20,Clothing,58,1740.0,57,0,0,0,30.0,0.0,18.409249820057383,1.9761032406765353
2023-02-21,Clothing,52,1560.0,57,1,0,0,30.0,0.0,24.62685540698099,0.25605411596734085
2023-02-22,Clothing,59,1770.0,57,2,0,0,30.0,0.0,17.419837045820017,0.7105812064700228
2023-02-23,Clothing,54,1620.0,58,3,0,0,30.0,0.0,23.337466702329426,1.6668528431297016
2023-02-24,Clothing,59,1770.0,63,4,0,0,30.0,0.0,23.894775095902144,0.0
2023-02-25,Clothing,64,1920.0,68,5,1,0,30.0,0.0,23.442578191747735,2.044035824035132
2023-02-26,Clothing,67,2010.0,73,6,1,0,30.0,0.0,25.811235026505578,0.0
2023-02-27,Clothing,55,1650.0,58,0,0,0,30.0,0.0,22.366783924150962,2.5935050634997445
2023-02-28,Clothing,62,1860.0,63,1,0,0,30.0,0.0,20.606934179562273,0.0
2023-03-01,Clothing,43,1290.0,48,2,0,0,30.0,0.0,25.015017936849667,15.23518993382353
2023-03-02,Clothing,51,1530.0,58,3,0,0,30.0,0.0,26.43303731240643,0.23676305095109362
2023-03-03,Clothing,55,1650.0,58,4,0,0,30.0,0.0,21.97027428996095,1.114328781728823
2023-03-04,Clothing,70,2100.0,73,5,1,0,30.0,0.0,22.909298276920374,0.0
2023-03-05,Clothing,69,2070.0,73,6,1,0,30.0,0.0,23.968287391759375,0.0
2023-03-06,Clothing,56,1680.0,58,0,0,0,30.0,0.0,21.85988666915249,0.651864206874901
2023-03-07,Clothing,86,2193.0,64,1,0,0,25.5,1.0,21.194154148455823,0.0
2023-03-08,Clothing,73,1861.5,59,2,0,0,25.5,1.0,25.575749843541153,0.18654956582670978
2023-03-09,Clothing,114,2907.0,89,3,0,0,25.5,1.0,26.484578709725085,0.0
2023-03-10,Clothing,77,2310.0,84,4,0,0,30.0,0.0,26.763232051982953,1.1669873724181379
2023-03-11,Clothing,90,2700.0,99,5,1,0,30.0,0.0,28.795461090290647,0.0
2023-03-12,Clothing,96,2880.0,99,6,1,0,30.0,0.0,22.717100499850368,0.0
2023-03-13,Clothing,82,2460.0,89,0,0,0,30.0,0.0,27.28533283742049,0.0
2023-03-14,Clothing,78,2340.0,84,1,0,0,30.0,0.0,25.989230356602757,1.5564333101024705
2023-03-15,Clothing,55,1650.0,59,2,0,0,30.0,0.0,23.82439452131752,2.3225032580176888
2023-03-16,Clothing,59,1770.0,64,3,0,0,30.0,0.0,25.23948043765366,0.0
2023-03-17,Clothing,55,1650.0,59,4,0,0,30.0,0.0,23.51221570076331,0.14610641461360507
2023-03-18,Clothing,66,1980.0,74,5,1,0,30.0,0.0,27.610673221424662,0.0
2023-03-19,Clothing,62,1860.0,69,6,1,0,30.0,0.0,26.808122662600983,0.8774414425475003
2023-03-20,Clothing,54,1620.0,59,0,0,0,30.0,0.0,24.80052331697823,4.824475784972323
2023-03-21,Clothing,44,1320.0,49,1,0,0,30.0,0.0,25.29087931498727,5.545545921982382
2023-03-22,Clothing,53,1590.0,59,2,0,0,30.0,0.0,25.953305376662374,0.6322580051626576
2023-03-23,Clothing,52,1560.0,59,3,0,0,30.0,0.0,26.508344704890682,2.5205474388047935
2023-03-24,Clothing,54,1620.0,59,4,0,0,30.0,0.0,24.3767493009527,0.46201904006041583
2023-03-25,Clothing,64,1920.0,69,5,1,0,30.0,0.0,24.53848042812556,0.7031511007937314
2023-03-26,Clothing,66,1980.0,69,6,1,0,30.0,0.0,23.04699991174451,2.5662852309490005
2023-03-27,Clothing,57,1710.0,59,0,0,0,30.0,0.0,21.89064790809286,1.278538456511987
2023-03-28,Clothing,51,1530.0,59,1,0,0,30.0,0.0,27.726341631934876,0.2261554244402879
2023-03-29,Clothing,55,1650.0,59,2,0,0,30.0,0.0,23.62099094595772,0.7075899340274656
2023-03-30,Clothing,54,1620.0,59,3,0,0,30.0,0.0,24.21927287194609,1.7340740166677162
2023-03-31,Clothing,47,1410.0,49,4,0,0,30.0,0.0,21.79697984556077,6.0881969950980945
2023-04-01,Clothing,66,1980.0,70,5,1,0,30.0,0.0,23.196085007774126,2.8725872278379296
2023-04-02,Clothing,68,2040.0,74,6,1,0,30.0,0.0,25.382049042047814,0.0
2023-04-03,Clothing,53,1590.0,59,0,0,0,30.0,0.0,25.964774199977278,0.331136623899531
2023-04-04,Clothing,54,1620.0,59,1,0,0,30.0,0.0,24.86961604329237,1.195013409936069
2023-04-05,Clothing,56,1680.0,64,2,0,0,30.0,0.0,28.26882963921635,0.0
2023-04-06,Clothing,75,1912.5,59,3,0,0,25.5,1.0,24.398788076181223,1.7467179251658131
2023-04-07,Clothing,75,1912.5,59,4,0,0,25.5,1.0,,1.8819490718032639
2023-04-08,Clothing,95,2422.5,74,5,1,0,25.5,1.0,24.71340843281699,0.0
2023-04-09,Clothing,65,1950.0,69,6,1,0,30.0,0.0,23.612333983991643,4.737904276647886
2023-04-10,Clothing,50,1500.0,59,0,0,0,30.0,0.0,29.399857124056318,0.0025896003492318354
2023-04-11,Clothing,58,1740.0,64,1,0,0,30.0,0.0,,0.0
2023-04-12,Clothing,54,1620.0,59,2,0,0,30.0,0.0,24.858293448688606,0.23786858626057628
2023-04-13,Clothing,51,1530.0,59,3,0,0,30.0,0.0,27.830481053097028,0.8483456674211389
2023-04-14,Clothing,53,1590.0,59,4,0,0,30.0,0.0,25.537376925447536,
2023-04-15,Clothing,60,1800.0,69,5,1,0,30.0,0.0,29.212594472401456,3.554241929170548
2023-04-16,Clothing,63,1890.0,69,6,1,0,30.0,0.0,25.910189547257296,0.3354891543238936
2023-04-17,Clothing,57,1710.0,59,0,0,0,30.0,0.0,20.899646945114227,4.6011432355929465
2023-04-18,Clothing,61,1830.0,64,1,0,0,30.0,0.0,22.129004608620715,0.0
2023-04-19,Clothing,54,1620.0,59,2,0,0,30.0,0.0,24.74579942191674,0.8029497756447115
2023-04-20,Clothing,51,1530.0,59,3,0,0,30.0,0.0,27.97632982116643,0.6230454702533459
2023-04-21,Clothing,62,1860.0,64,4,0,0,30.0,0.0,21.76895693116519,0.0
2023-04-22,Clothing,75,1912.5,59,5,1,0,25.5,1.0,24.166267256708846,7.440867051140101
2023-04-23,Clothing,85,2167.5,69,6,1,0,25.5,1.0,27.30468942270575,0.7534744489569476
2023-04-24,Clothing,76,1938.0,59,0,0,0,25.5,1.0,23.48717946720187,1.934481995205381
2023-04-25,Clothing,57,1710.0,59,1,0,0,30.0,0.0,21.600915245075484,0.292471506908345
2023-04-26,Clothing,53,1590.0,59,2,0,0,30.0,0.0,26.0565362284051,1.238445447175617
2023-04-27,Clothing,57,1710.0,59,3,0,0,30.0,0.0,21.218937256760725,0.2058061628312735
2023-04-28,Clothing,54,1620.0,58,4,0,0,30.0,0.0,23.878148091935394,0.2664458066080535
2023-04-29,Clothing,53,1590.0,58,5,1,0,30.0,0.0,24.526696611619215,6.166208091435396
2023-04-30,Clothing,69,2070.0,73,6,1,0,30.0,0.0,23.579118888732566,0.0
2023-05-01,Clothing,60,1800.0,63,0,0,0,30.0,0.0,22.06049464689097,0.0
2023-05-02,Clothing,53,1590.0,58,1,0,0,30.0,0.0,24.38360302708599,0.5627746130065256
2023-05-03,Clothing,53,1590.0,58,2,0,0,30.0,0.0,24.81340473158243,3.4363537903393357
2023-05-04,Clothing,78,2340.0,83,3,0,0,30.0,0.0,24.591006202929194,1.246427129985546
2023-05-05,Clothing,78,2340.0,83,4,0,0,30.0,0.0,24.961215975839146,3.8424320584378577
2023-05-06,Clothing,93,2790.0,98,5,1,0,30.0,0.0,24.59035620419207,0.0
2023-05-07,Clothing,68,2040.0,73,6,1,0,30.0,0.0,24.21813147415813,0.0
2023-05-08,Clothing,55,1650.0,58,0,0,0,30.0,0.0,22.262075037974963,2.420799602169194
2023-05-09,Clothing,56,1680.0,57,1,0,0,30.0,0.0,20.278593266908675,0.27919088839207196
2023-05-10,Clothing,57,1710.0,57,2,0,0,30.0,0.0,18.992554439813187,0.5373937722569067
2023-05-11,Clothing,49,1470.0,57,3,0,0,30.0,0.0,27.69415597191945,2.3784588835067733
2023-05-12,Clothing,55,1650.0,57,4,0,0,30.0,0.0,21.5988025079789,2.924520022085011
2023-05-13,Clothing,65,1950.0,67,5,1,0,30.0,0.0,21.07377501300553,3.5129179109915247
2023-05-14,Clothing,89,2269.5,67,6,1,0,25.5,1.0,21.486216054094005,1.2878238339089885
2023-05-15,Clothing,76,1938.0,57,0,0,0,25.5,1.0,21.310097740984347,0.1404370690847585
2023-05-16,Clothing,71,1810.5,57,1,0,0,25.5,1.0,24.96128834268105,0.9620662886410289
2023-05-17,Clothing,59,1770.0,62,2,0,0,30.0,0.0,23.040715362608598,0.0
2023-05-18,Clothing,53,1590.0,56,3,0,0,30.0,0.0,22.738513206764654,0.13412691466828996
2023-05-19,Clothing,55,1650.0,61,4,0,0,30.0,0.0,25.74304502716359,0.0
2023-05-20,Clothing,65,1950.0,66,5,1,0,30.0,,20.33808781273476,0.5041656738485865
2023-05-21,Clothing,64,1920.0,66,6,1,0,30.0,0.0,20.946318594975292,0.46562178441532875
2023-05-22,Clothing,56,1680.0,56,0,0,0,30.0,0.0,18.79698136170459,0.20837791689557283
2023-05-23,Clothing,53,1590.0,56,1,0,0,30.0,0.0,23.038863889104473,4.785524109457031
2023-05-24,Clothing,55,1650.0,56,2,0,0,30.0,0.0,20.411780628964813,0.3361522871775833
2023-05-25,Clothing,62,1860.0,61,3,0,0,30.0,0.0,18.176039991126412,0.0
2023-05-26,Clothing,52,1560.0,55,4,0,0,30.0,0.0,,0.12213361762910346
2023-05-27,Clothing,68,2040.0,70,5,1,0,30.0,0.0,21.249538828133907,0.0
2023-05-28,Clothing,69,2070.0,70,6,1,0,30.0,0.0,20.20460645630741,0.0
2023-05-29,Clothing,51,1530.0,55,0,0,0,30.0,0.0,23.185197963863956,2.8827447050956225
2023-05-30,Clothing,58,1740.0,60,1,0,0,30.0,0.0,21.68133905555653,0.0
2023-05-31,Clothing,54,1620.0,55,2,0,0,30.0,0.0,20.240015973943553,
2023-06-01,Clothing,61,1830.0,60,3,0,0,30.0,0.0,17.71511882811931,0.0
2023-06-02,Clothing,51,1530.0,54,4,0,0,30.0,0.0,21.996858044252242,0.9914847693563826
2023-06-03,Clothing,65,1950.0,64,5,1,0,30.0,0.0,18.01043437891103,2.407163997573135
2023-06-04,Clothing,64,1920.0,64,6,1,0,30.0,0.0,18.853287356141728,2.474878348732087
2023-06-05,Clothing,81,2065.5,59,0,0,0,25.5,1.0,19.309367504940113,0.0
2023-06-06,Clothing,79,2014.5,59,1,0,0,25.5,1.0,21.01761569788892,0.0
2023-06-07,Clothing,74,1887.0,54,2,0,0,25.5,1.0,18.990199325597867,0.14521228101922823
2023-06-08,Clothing,79,2370.0,78,3,0,0,30.0,0.0,18.37863439327804,0.028604468107163994
2023-06-09,Clothing,106,2703.0,78,4,0,0,25.5,1.0,20.26788956685057,1.3382988099369064
