store_sales_forecasting_raw.csv
Date,Product_Category,Units_Sold,Daily_Revenue,Demand_Index,Day_of_Week,Is_Weekend,Is_Holiday,Price,Is_On_Sale,Avg_Daily_Temperature,Rainfall_mm
2024-01-20,Clothing,65,1950.0,65,5,1,0,30.0,0.0,19.698658405261078,1.460658092152563
2024-01-21,Clothing,66,1980.0,65,6,1,0,30.0,0.0,17.901586328627417,1.0319772854083693
2024-01-22,Clothing,61,1830.0,60,0,0,0,30.0,0.0,17.796313477338238,0.0
2024-01-23,Clothing,58,1740.0,55,1,0,0,30.0,0.0,15.721789638986321,2.527293661065235
2024-01-24,Clothing,60,1800.0,61,2,0,0,30.0,0.0,20.531378026448582,0.0
2024-01-25,Clothing,56,1680.0,56,3,0,0,30.0,0.0,19.043001989305957,1.432259722312124
2024-01-26,Clothing,58,1740.0,56,4,0,0,30.0,0.0,17.408270459544916,0.33522973740675344
2024-01-27,Clothing,75,2250.0,71,5,1,0,30.0,0.0,15.068764938525707,0.0
2024-01-28,Clothing,56,1680.0,56,6,1,0,30.0,0.0,18.920796191386934,12.945689846002487
2024-01-29,Clothing,54,1620.0,56,0,0,0,30.0,0.0,20.952563813308508,0.558780125102639
2024-01-30,Clothing,55,1650.0,56,1,0,0,30.0,0.0,20.553216562710347,0.20079611231424588
2024-01-31,Clothing,57,1710.0,57,2,0,0,30.0,0.0,18.95978582495364,1.2059940743252038
2024-02-01,Clothing,65,1950.0,62,3,0,0,30.0,0.0,16.035079531860575,0.0
2024-02-02,Clothing,58,1740.0,57,4,0,0,30.0,0.0,18.630143641207564,0.3900074301295735
2024-02-03,Clothing,65,1950.0,67,5,1,0,30.0,0.0,21.492812806508496,3.320664336182414
2024-02-04,Clothing,69,2070.0,72,6,1,0,30.0,0.0,22.219784380404196,0.0
2024-02-05,Clothing,43,1290.0,47,0,0,0,30.0,0.0,23.694286504411807,7.10443753880096
2024-02-06,Clothing,56,1680.0,57,1,0,0,30.0,0.0,20.55770417144562,
2024-02-07,Clothing,55,1650.0,58,2,0,0,30.0,0.0,22.32955212909261,1.9258395009147362
2024-02-08,Clothing,62,1860.0,58,3,0,0,30.0,0.0,14.515605432523921,1.190811910541437
2024-02-09,Clothing,54,1620.0,58,4,0,0,30.0,0.0,24.189723647034956,0.14277080271081588
2024-02-10,Clothing,102,2601.0,73,5,1,0,25.5,1.0,18.436594311022656,0.0
2024-02-11,Clothing,103,2626.5,73,6,1,0,25.5,1.0,17.466252203063668,0.0
2024-02-12,Clothing,80,2040.0,58,0,0,0,25.5,1.0,19.2454874767906,0.9676831603693405
2024-02-13,Clothing,58,1740.0,63,1,0,0,30.0,0.0,24.276502741616614,0.0
2024-02-14,Clothing,55,1650.0,58,2,0,0,30.0,0.0,22.106110299795617,0.25905045160627593
2024-02-15,Clothing,58,1740.0,59,3,0,0,30.0,0.0,20.046697373411494,0.8196750676159648
2024-02-16,Clothing,60,1800.0,64,4,0,0,30.0,0.0,24.17492937818746,0.0
2024-02-17,Clothing,66,1980.0,69,5,1,0,30.0,0.0,22.632935183236604,2.15883970590708
2024-02-18,Clothing,55,1650.0,59,6,1,0,30.0,0.0,23.365892027380518,8.39778647535381
2024-02-19,Clothing,55,1650.0,59,0,0,0,30.0,0.0,23.82886352929552,1.1773951574497539
2024-02-20,Clothing,56,1680.0,59,1,0,0,30.0,0.0,22.519314978629602,1.6914675299511104
2024-02-21,Clothing,57,1710.0,59,2,0,0,30.0,0.0,21.182521396317387,1.0242636538693062
2024-02-22,Clothing,55,1650.0,59,3,0,0,30.0,0.0,23.297298594066433,2.3648385526144575
2024-02-23,Clothing,60,1800.0,65,4,0,0,30.0,0.0,24.792194335356207,0.0
2024-02-24,Clothing,65,1950.0,70,5,1,0,30.0,0.0,25.094363894252478,3.4510439654435423
2024-02-25,Clothing,71,2130.0,75,6,1,0,30.0,0.0,24.036667714564178,0.0
2024-02-26,Clothing,58,1740.0,60,0,0,0,30.0,0.0,21.2459305341739,1.09850536107878
2024-02-27,Clothing,62,1860.0,65,1,0,0,30.0,0.0,22.60711732747836,0.0
2024-02-28,Clothing,53,1590.0,60,2,0,0,30.0,0.0,26.512659198824824,0.17820041034440615
2024-02-29,Clothing,61,1830.0,65,3,0,0,30.0,0.0,23.379958461011178,0.0
2024-03-01,Clothing,57,1710.0,60,4,0,0,30.0,0.0,22.5443494248986,0.7615369536277945
2024-03-02,Clothing,71,2130.0,75,5,1,0,30.0,0.0,23.677693179770948,0.0
2024-03-03,Clothing,67,2010.0,70,6,1,0,30.0,0.0,22.8871569683447,4.395770397192847
2024-03-04,Clothing,55,1650.0,60,0,0,0,30.0,0.0,24.40095028973225,1.3154189074548577
2024-03-05,Clothing,62,1860.0,65,1,0,0,30.0,0.0,22.900306561971647,0.0
2024-03-06,Clothing,61,1830.0,66,2,0,0,30.0,0.0,25.203647528900216,0.0
2024-03-07,Clothing,57,1710.0,61,3,0,0,30.0,0.0,23.394944063350994,2.0914688289998162
2024-03-08,Clothing,86,2580.0,91,4,0,0,30.0,0.0,25.22164270552017,0.0
2024-03-09,Clothing,88,2640.0,96,5,1,0,30.0,0.0,28.61174302917768,0.028763151270927434
2024-03-10,Clothing,91,2730.0,96,6,1,0,30.0,0.0,25.135624366813097,2.9096995186129084
2024-03-11,Clothing,59,1770.0,61,0,0,0,30.0,0.0,21.755063646753637,0.1086734143902719
2024-03-12,Clothing,57,1710.0,61,1,0,0,30.0,0.0,24.034184306969884,0.3660257527286066
2024-03-13,Clothing,55,1650.0,61,2,0,0,30.0,0.0,26.364542942987445,0.842634115788047
2024-03-14,Clothing,46,1380.0,51,3,0,0,30.0,0.0,25.057319676015982,24.41525171327077
2024-03-15,Clothing,55,1650.0,61,4,0,0,30.0,0.0,25.4745170792774,0.6948473949987553
2024-03-16,Clothing,64,1920.0,71,5,1,0,30.0,0.0,27.28109773443978,0.48079548010815754
2024-03-17,Clothing,60,1800.0,61,6,1,0,30.0,0.0,20.549591679449154,5.500181124624299
2024-03-18,Clothing,54,1620.0,61,0,0,0,30.0,0.0,26.94965419672852,0.19831500933107016
2024-03-19,Clothing,56,1680.0,61,1,0,0,30.0,0.0,24.849873669689792,0.8460071565994522
2024-03-20,Clothing,57,1710.0,61,2,0,0,30.0,0.0,23.26100437896065,0.9065401561574249
2024-03-21,Clothing,62,1860.0,66,3,0,0,30.0,0.0,23.880917191485047,0.0
2024-03-22,Clothing,59,1770.0,61,4,0,0,30.0,0.0,21.82205246197093,1.115442349149951
2024-03-23,Clothing,70,2100.0,76,5,1,0,30.0,0.0,26.21378235972315,0.0
2024-03-24,Clothing,65,1950.0,71,6,1,0,30.0,0.0,26.018495025758266,0.4913182014230817
2024-03-25,Clothing,61,1830.0,66,0,0,0,30.0,0.0,25.12454634624812,0.0
2024-03-26,Clothing,57,1710.0,61,1,0,0,30.0,0.0,23.61874128148413,1.4896134227518845
2024-03-27,Clothing,61,1830.0,66,2,0,0,30.0,0.0,24.6795558071628,0.0
2024-03-28,Clothing,57,1710.0,61,3,0,0,30.0,0.0,23.702975129186278,1.5443545319900789
2024-03-29,Clothing,55,1650.0,61,4,0,0,30.0,0.0,25.311919407236612,0.14983875509901967
2024-03-30,Clothing,73,2190.0,76,5,1,0,30.0,0.0,21.971898704791567,0.0
2024-03-31,Clothing,67,2010.0,72,6,1,0,30.0,0.0,24.251091924066305,1.1961189441051694
2024-04-01,Clothing,56,1680.0,61,0,0,0,30.0,0.0,25.222812576044774,1.5805301697334406
2024-04-02,Clothing,62,1860.0,66,1,0,0,30.0,0.0,23.54548460907695,0.0
2024-04-03,Clothing,51,1530.0,61,2,0,0,30.0,0.0,30.196495401164512,0.9241211820077873
2024-04-04,Clothing,56,1680.0,61,3,0,0,30.0,0.0,25.085072878001174,
2024-04-05,Clothing,56,1680.0,61,4,0,0,30.0,0.0,24.726389828465212,1.7731992905397425
2024-04-06,Clothing,67,2010.0,71,5,1,0,30.0,0.0,23.975025955736026,3.0244516338372804
2024-04-07,Clothing,69,2070.0,76,6,1,0,30.0,0.0,26.55561990888549,0.0
2024-04-08,Clothing,56,1680.0,61,0,0,0,30.0,0.0,24.196229586369746,2.172022301094886
2024-04-09,Clothing,53,1590.0,61,1,0,0,30.0,0.0,28.081385770940155,2.9038377966430695
2024-04-10,Clothing,53,1590.0,61,2,0,0,30.0,0.0,27.7088384741702,0.07966462279377362
2024-04-11,Clothing,52,1560.0,61,3,0,0,30.0,0.0,29.30226962766952,0.12095613917711323
2024-04-12,Clothing,61,1830.0,66,4,0,0,30.0,0.0,25.075382453375706,0.0
2024-04-13,Clothing,68,2040.0,71,5,1,0,30.0,0.0,22.805892177796046,1.4024793274844578
2024-04-14,Clothing,91,2320.5,71,6,1,0,25.5,1.0,24.92983493747902,1.9245982422751262
2024-04-15,Clothing,83,2116.5,66,0,0,0,25.5,1.0,25.346526703083477,0.0
2024-04-16,Clothing,74,1887.0,61,1,0,0,25.5,1.0,26.78127799894843,4.025772053081575
2024-04-17,Clothing,60,1800.0,66,2,0,0,30.0,0.0,25.539762548279427,0.0
2024-04-18,Clothing,56,1680.0,66,3,0,0,30.0,0.0,30.223292513873503,0.0
2024-04-19,Clothing,54,1620.0,61,4,0,0,30.0,0.0,26.700168362718475,0.6840639482627136
2024-04-20,Clothing,66,1980.0,71,5,1,0,30.0,0.0,24.93123228455414,2.0105642847703624
2024-04-21,Clothing,88,2244.0,71,6,1,0,25.5,1.0,27.02999265126077,0.7620017703699318
2024-04-22,Clothing,76,1938.0,61,0,0,0,25.5,1.0,25.183037341345322,0.7751971839239871
2024-04-23,Clothing,73,1861.5,61,1,0,0,25.5,1.0,27.64371577306234,2.556842892469985
2024-04-24,Clothing,57,1710.0,61,2,0,0,30.0,0.0,24.124966663929477,0.2780772274111216
2024-04-25,Clothing,57,1710.0,61,3,0,0,30.0,,23.32235156526897,1.5240789149171836
2024-04-26,Clothing,60,1800.0,61,4,0,0,30.0,0.0,20.8188356879891,0.8494485268238188
2024-04-27,Clothing,68,2040.0,75,5,1,0,30.0,0.0,26.73641018729283,0.0
2024-04-28,Clothing,68,2040.0,70,6,1,0,30.0,0.0,21.53540914336493,0.18322280855061446
2024-04-29,Clothing,54,1620.0,60,0,0,0,30.0,0.0,26.112382791071518,2.056947184128437
2024-04-30,Clothing,54,1620.0,60,1,0,0,30.0,0.0,25.98870951778968,0.05262679754013688
2024-05-01,Clothing,63,1890.0,65,2,0,0,30.0,0.0,21.905982208229563,0.0
2024-05-02,Clothing,59,1770.0,60,3,0,0,30.0,0.0,20.850246069531078,0.8235337904855717
2024-05-03,Clothing,62,1860.0,65,4,0,0,30.0,0.0,,0.0
2024-05-04,Clothing,71,2130.0,75,5,1,0,30.0,0.0,23.99412272991388,0.0
2024-05-05,Clothing,98,2499.0,75,6,1,0,25.5,1.0,23.26754505076718,0.0
2024-05-06,Clothing,80,2040.0,65,0,0,0,25.5,1.0,26.339164635936335,0.0
2024-05-07,Clothing,81,2065.5,65,1,0,0,25.5,1.0,25.676589817702986,0.0
2024-05-08,Clothing,59,1770.0,64,2,0,0,30.0,0.0,24.37993872016986,0.0
2024-05-09,Clothing,57,1710.0,59,3,0,0,30.0,0.0,21.605795016554453,0.30459449347960144
2024-05-10,Clothing,55,1650.0,59,4,0,0,30.0,0.0,23.6189989334029,2.325448935521915
2024-05-11,Clothing,65,1950.0,69,5,1,0,30.0,0.0,23.349752875060826,0.28709906355523085
2024-05-12,Clothing,67,2010.0,69,6,1,0,30.0,0.0,21.710707368576415,0.004306982211268684
2024-05-13,Clothing,57,1710.0,59,0,0,0,30.0,0.0,21.060636466845494,0.7632487287675027
2024-05-14,Clothing,56,1680.0,59,1,0,0,30.0,0.0,22.78442781163863,3.276209286498501
2024-05-15,Clothing,62,1860.0,64,2,0,0,30.0,,21.715395266438875,
2024-05-16,Clothing,62,1860.0,64,3,0,0,30.0,0.0,20.915914558459757,0.0
2024-05-17,Clothing,55,1650.0,58,4,0,0,30.0,0.0,23.043718022007862,0.05791461245397711
2024-05-18,Clothing,87,2610.0,93,5,1,0,30.0,0.0,26.150458660357064,0.2949669608745742
2024-05-19,Clothing,95,2850.0,98,6,1,0,30.0,0.0,22.750568079822752,0.0
2024-05-20,Clothing,87,2610.0,88,0,0,0,30.0,0.0,20.135979714902412,0.0
2024-05-21,Clothing,57,1710.0,58,1,0,0,30.0,0.0,20.190701168514973,1.794941378830905
2024-05-22,Clothing,53,1590.0,58,2,0,0,30.0,0.0,24.886960305008948,2.0441041656631156
2024-05-23,Clothing,53,1590.0,58,3,0,0,30.0,0.0,24.25626007489567,1.8397844083735455
2024-05-24,Clothing,52,1560.0,58,4,0,0,30.0,0.0,26.399197781631322,0.663063601481412
2024-05-25,Clothing,73,2190.0,72,5,1,0,30.0,0.0,17.690376655278857,0.0
2024-05-26,Clothing,65,1950.0,67,6,1,0,30.0,0.0,21.02389648218467,2.051651664063467
2024-05-27,Clothing,56,1680.0,57,0,0,0,30.0,0.0,20.178649741205593,0.17030996973585166
2024-05-28,Clothing,80,2040.0,57,1,0,0,25.5,1.0,18.11761620490772,0.9556629524391902
2024-05-29,Clothing,82,2091.0,57,2,0,0,25.5,1.0,16.45685045320326,1.2310650303053778
2024-05-30,Clothing,74,1887.0,57,3,0,0,25.5,1.0,22.745420290563644,1.2034194551719621
2024-05-31,Clothing,55,1650.0,57,4,0,0,30.0,0.0,20.91632171742278,0.46488688702311887
2024-06-01,Clothing,63,1890.0,66,5,1,0,30.0,0.0,22.077345467316793,0.47164314991116507
2024-06-02,Clothing,64,1920.0,66,6,1,0,30.0,0.0,21.96470177670782,3.341639932400298
2024-06-03,Clothing,59,1770.0,61,0,0,0,30.0,0.0,21.11065384699502,0.0
2024-06-04,Clothing,53,1590.0,56,1,0,0,30.0,0.0,22.355518105649512,0.923550808218023
2024-06-05,Clothing,54,1620.0,56,2,0,0,30.0,0.0,21.348511836513016,2.727502747008525
2024-06-06,Clothing,54,1620.0,56,3,0,0,30.0,0.0,21.37133487174675,0.8298626426599003
2024-06-07,Clothing,58,1740.0,55,4,0,0,30.0,0.0,15.793362199876679,1.3969884089534346
2024-06-08,Clothing,68,2040.0,70,5,1,0,30.0,0.0,20.998950198773564,0.0
2024-06-09,Clothing,73,2190.0,70,6,1,0,30.0,0.0,15.3704489694289,0.0
2024-06-10,Clothing,61,1830.0,60,0,0,0,30.0,0.0,18.316134015501525,0.0
2024-06-11,Clothing,57,1710.0,55,1,0,0,30.0,0.0,16.737136462157046,1.0312465590469655
2024-06-12,Clothing,55,1650.0,55,2,0,0,30.0,0.0,19.698333756200178,1.366603606058297
2024-06-13,Clothing,62,1860.0,59,3,0,0,30.0,0.0,16.1601895486121,0.0
2024-06-14,Clothing,55,1650.0,54,4,0,0,30.0,0.0,18.2672527491995,
2024-06-15,Clothing,70,2100.0,69,5,1,0,30.0,0.0,18.174952808122,0.0
2024-06-16,Clothing,64,1920.0,64,6,1,0,30.0,0.0,19.316431482788467,0.37020952231193616
2024-06-17,Clothing,57,1710.0,54,0,0,0,30.0,0.0,16.11918026441289,1.1127492875435037
2024-06-18,Clothing,55,1650.0,54,1,0,0,30.0,0.0,18.117079507437914,0.15718635225754185
2024-06-19,Clothing,61,1830.0,58,2,0,0,30.0,0.0,15.618200618070048,0.0
2024-06-20,Clothing,58,1740.0,53,3,0,0,30.0,0.0,13.973609728119074,2.169587411226784
2024-06-21,Clothing,61,1830.0,58,4,0,0,30.0,0.0,16.294449764000046,0.0
2024-06-22,Clothing,69,2070.0,68,5,1,0,30.0,0.0,18.444674470958322,0.0
2024-06-23,Clothing,73,2190.0,68,6,1,0,30.0,0.0,13.600005062924842,0.0
2024-06-24,Clothing,56,1680.0,53,0,0,0,30.0,0.0,15.335783371050477,1.9165625824141723
2024-06-25,Clothing,57,1710.0,52,1,0,0,30.0,0.0,13.859762856371947,0.4030522812774433
2024-06-26,Clothing,53,1590.0,52,2,0,0,30.0,0.0,18.098056470103003,0.31048044267334407
2024-06-27,Clothing,81,2430.0,77,3,0,0,30.0,0.0,14.976588893979928,4.150468156343229
2024-06-28,Clothing,79,2370.0,77,4,0,0,30.0,0.0,16.579843603296993,3.2184707675077187
2024-06-29,Clothing,126,3213.0,87,5,1,0,25.5,1.0,,0.9873548251481234
2024-06-30,Clothing,99,2524.5,67,6,1,0,25.5,1.0,13.853827229965056,0.0
2024-07-01,Clothing,79,2014.5,51,0,0,0,25.5,1.0,12.134238194005821,3.6535873484008388
2024-07-02,Clothing,56,1680.0,51,1,0,0,30.0,0.0,13.7687535217683,1.1379310260733284
2024-07-03,Clothing,55,1650.0,51,2,0,0,30.0,0.0,14.322106926675561,1.14956560925945
2024-07-04,Clothing,75,2250.0,66,3,0,1,30.0,0.0,8.934290786876796,3.0606579532340676
2024-07-05,Clothing,57,1710.0,56,4,0,0,30.0,0.0,18.159603199301532,0.0
2024-07-06,Clothing,65,1950.0,61,5,1,0,30.0,0.0,,3.810887807398779
2024-07-07,Clothing,69,2070.0,65,6,1,0,30.0,0.0,14.953708803878733,0.0
2024-07-08,Clothing,54,1620.0,50,0,0,0,30.0,0.0,14.906037497401808,0.009930562326858183
2024-07-09,Clothing,59,1770.0,55,1,0,0,30.0,0.0,14.56432248053115,0.0
2024-07-10,Clothing,54,1620.0,50,2,0,0,30.0,0.0,14.490626287911606,
2024-07-11,Clothing,56,1680.0,50,3,0,0,30.0,0.0,12.624075574889435,2.590494646121454
2024-07-12,Clothing,57,1710.0,50,4,0,0,30.0,0.0,11.089981923090383,0.8026724061348063
2024-07-13,Clothing,65,1950.0,59,5,1,0,30.0,0.0,12.626630595335435,0.4913752955026176
2024-07-14,Clothing,67,2010.0,59,6,1,0,30.0,0.0,10.773953324683847,3.03019565842504
2024-07-15,Clothing,54,1620.0,49,0,0,0,30.0,0.0,13.53364844577808,1.1381234877921456
2024-07-16,Clothing,76,1938.0,49,1,0,0,25.5,1.0,11.933531243937297,0.0623657385618106
2024-07-17,Clothing,77,1963.5,49,2,0,0,25.5,1.0,11.327872669886368,1.942661748147843
2024-07-18,Clothing,74,1887.0,49,3,0,0,25.5,1.0,13.862484828696724,0.9322749481992934
2024-07-19,Clothing,61,1830.0,53,4,0,0,30.0,0.0,9.948337246979545,0.0
2024-07-20,Clothing,67,2010.0,58,5,1,0,30.0,0.0,9.203328813944951,1.3104681902248672
2024-07-21,Clothing,64,1920.0,58,6,1,0,30.0,0.0,12.07063250861648,2.5399189895608436
2024-07-22,Clothing,59,1770.0,53,0,0,0,30.0,0.0,12.140439475360878,0.0
2024-07-23,Clothing,55,1650.0,48,1,0,0,30.0,0.0,11.201852889916411,0.4639485511723298
2024-07-24,Clothing,56,1680.0,48,2,0,0,30.0,0.0,10.256797439100248,0.2573413751913165
2024-07-25,Clothing,46,1380.0,37,3,0,0,30.0,,9.19419079398785,5.277047347032267
2024-07-26,Clothing,55,1650.0,47,4,0,0,30.0,0.0,10.55405489957884,0.6471171281970249
2024-07-27,Clothing,67,2010.0,57,5,1,0,30.0,0.0,7.598128448082202,0.29930587668159037
2024-07-28,Clothing,63,1890.0,57,6,1,0,30.0,0.0,12.25211790278936,2.6565321161005757
2024-07-29,Clothing,61,1830.0,52,0,0,0,30.0,0.0,9.66678338153091,0.0
2024-07-30,Clothing,58,1740.0,47,1,0,0,30.0,0.0,6.418201523909415,0.4165538567489473
2024-07-31,Clothing,54,1620.0,47,2,0,0,30.0,0.0,10.903519039812467,0.8621619703965211
2024-08-01,Clothing,59,1770.0,51,3,0,0,30.0,0.0,10.121217345706011,0.0
2024-08-02,Clothing,55,1650.0,46,4,0,0,30.0,0.0,8.910029448073942,0.02597011341668698
2024-08-03,Clothing,67,2010.0,56,5,1,0,30.0,0.0,6.776545081636359,0.33395802436720334
2024-08-04,Clothing,71,2130.0,61,6,1,0,30.0,0.0,7.693029686453182,0.0
2024-08-05,Clothing,55,1650.0,46,0,0,0,30.0,,9.335797900664947,0.028042025220174516
2024-08-06,Clothing,61,1830.0,51,1,0,0,30.0,0.0,8.325603215993686,0.0
2024-08-07,Clothing,53,1590.0,46,2,0,0,30.0,0.0,11.140415341496519,2.1185869861524584
2024-08-08,Clothing,57,1710.0,45,3,0,0,30.0,0.0,6.04831726718917,0.7870374886479197
2024-08-09,Clothing,52,1560.0,45,4,0,0,30.0,0.0,11.333671331429418,1.423097254164324
2024-08-10,Clothing,64,1920.0,55,5,1,0,30.0,0.0,8.721288947295951,4.905507970246179
2024-08-11,Clothing,64,1920.0,55,6,1,0,30.0,0.0,9.703045196314253,1.8757293863540587
2024-08-12,Clothing,57,1710.0,45,0,0,0,30.0,0.0,5.964275923824457,
2024-08-13,Clothing,57,1710.0,45,1,0,0,30.0,0.0,6.12614523197518,0.13545583279008855
2024-08-14,Clothing,51,1530.0,45,2,0,0,30.0,0.0,12.860995067585245,2.344637779590414
2024-08-15,Clothing,56,1680.0,44,3,0,0,30.0,0.0,6.180868349588517,0.13913718864595737
2024-08-16,Clothing,54,1620.0,44,4,0,0,30.0,0.0,8.545546976704998,0.895701003118692
2024-08-17,Clothing,64,1920.0,54,5,1,0,30.0,0.0,7.679121634096743,2.1981093023950438
2024-08-18,Clothing,62,1860.0,54,6,1,0,30.0,0.0,9.8833869261638,1.5681098460908025
2024-08-19,Clothing,55,1650.0,44,0,0,0,30.0,0.0,,0.2966653102431296
2024-08-20,Clothing,85,2550.0,74,1,0,0,30.0,0.0,7.030544913840908,0.0
2024-08-21,Clothing,70,2100.0,59,2,0,0,30.0,0.0,6.716028041263325,5.960410925269556
2024-08-22,Clothing,80,2400.0,69,3,0,0,30.0,,6.995610982861144,1.088457426913569
2024-08-23,Clothing,80,2400.0,69,4,0,0,30.0,0.0,7.036962373058233,1.0044033332928368
2024-08-24,Clothing,78,2340.0,68,5,1,0,30.0,0.0,8.5099052001672,12.794949981185757
2024-08-25,Clothing,65,1950.0,53,6,1,0,30.0,0.0,5.795858319332007,173.00945354641325
2024-08-26,Clothing,51,1530.0,43,0,0,0,30.0,0.0,10.837877303301028,1.1605432200837598
2024-08-27,Clothing,53,1590.0,43,1,0,0,30.0,0.0,8.474973504399523,
