store_sales_forecasting_raw.csv
Date,Product_Category,Units_Sold,Daily_Revenue,Demand_Index,Day_of_Week,Is_Weekend,Is_Holiday,Price,Is_On_Sale,Avg_Daily_Temperature,Rainfall_mm
2025-04-09,Clothing,59,1770.0,63,2,0,0,30.0,0.0,24.18465032125797,3.0481972185793085
2025-04-10,Clothing,48,1440.0,53,3,0,0,30.0,0.0,24.25811590692933,9.605624956698419
2025-04-11,Clothing,57,1710.0,63,4,0,0,30.0,0.0,25.878857066207786,0.8644988639802254
2025-04-12,Clothing,74,2220.0,78,5,1,0,30.0,0.0,24.181701930413993,0.0
2025-04-13,Clothing,75,2250.0,78,6,1,0,30.0,0.0,22.99231968558822,0.0
2025-04-14,Clothing,60,1800.0,63,0,0,0,30.0,0.0,22.597366280281364,1.851122712235565
2025-04-15,Clothing,60,1800.0,63,1,0,0,30.0,0.0,23.038835695026098,0.877912895623189
2025-04-16,Clothing,64,1920.0,68,2,0,0,30.0,0.0,23.43083042202595,0.0
2025-04-17,Clothing,63,1890.0,68,3,0,0,30.0,0.0,24.372159784691558,0.0
2025-04-18,Clothing,59,1770.0,63,4,0,0,30.0,0.0,,0.6112633990166687
2025-04-19,Clothing,72,2160.0,78,5,1,0,30.0,0.0,25.359086943538685,0.0
2025-04-20,Clothing,74,2220.0,78,6,1,0,30.0,0.0,24.11123279463257,0.0
2025-04-21,Clothing,59,1770.0,63,0,0,0,30.0,0.0,23.838698703989916,0.0022133334910583446
2025-04-22,Clothing,56,1680.0,63,1,0,0,30.0,0.0,26.998963242706843,0.08066343725355019
2025-04-23,Clothing,83,2490.0,88,2,0,0,30.0,0.0,24.608395864456064,1.9964188343780869
2025-04-24,Clothing,89,2670.0,93,3,0,0,30.0,0.0,23.754465433325848,0.0
2025-04-25,Clothing,89,2670.0,93,4,0,0,30.0,0.0,24.019294914108396,0.0
2025-04-26,Clothing,70,2100.0,73,5,1,0,30.0,0.0,22.645478907101808,
2025-04-27,Clothing,68,2040.0,73,6,1,0,30.0,0.0,24.2293550148914,0.23176254563464305
2025-04-28,Clothing,61,1830.0,62,0,0,0,30.0,0.0,19.852093285956617,0.33972417132504185
2025-04-29,Clothing,57,1710.0,62,1,0,0,30.0,0.0,25.040522619969654,0.5459870468175416
2025-04-30,Clothing,66,1980.0,67,2,0,0,30.0,0.0,19.961219039267128,0.0
2025-05-01,Clothing,57,1710.0,62,3,0,0,30.0,0.0,25.016159270322305,0.35596098954287547
2025-05-02,Clothing,61,1830.0,67,4,0,0,30.0,0.0,26.39998833785155,0.0
2025-05-03,Clothing,67,2010.0,72,5,1,0,30.0,0.0,25.224222044910796,1.4063858985206186
2025-05-04,Clothing,66,1980.0,72,6,1,0,30.0,0.0,25.358232588956703,2.4458178218501043
2025-05-05,Clothing,58,1740.0,62,0,0,0,30.0,0.0,24.047531392472138,0.859143164584897
2025-05-06,Clothing,55,1650.0,62,1,0,0,30.0,0.0,27.405848261061006,3.8328327573901353
2025-05-07,Clothing,60,1800.0,62,2,0,0,30.0,0.0,21.08320022211389,1.919836548405799
2025-05-08,Clothing,54,1620.0,62,3,0,0,30.0,0.0,27.72011800642918,0.9901175732716414
2025-05-09,Clothing,59,1770.0,61,4,0,0,30.0,0.0,21.609270575660044,1.3026551317676751
2025-05-10,Clothing,67,2010.0,71,5,1,0,30.0,0.0,23.88279924864709,0.2961518983714595
2025-05-11,Clothing,91,2320.5,71,6,1,0,25.5,1.0,24.957083869527917,0.2948532365276946
2025-05-12,Clothing,78,1989.0,61,0,0,0,25.5,1.0,23.55473088019612,0.9434138276732784
2025-05-13,Clothing,80,2040.0,61,1,0,0,25.5,1.0,22.552969268933673,0.22900032270509074
2025-05-14,Clothing,59,1770.0,61,2,0,0,30.0,0.0,21.577977559019644,1.6173272108793606
2025-05-15,Clothing,58,1740.0,61,3,0,0,30.0,0.0,21.988776358802546,0.10191181400020177
2025-05-16,Clothing,57,1710.0,61,4,0,0,30.0,0.0,23.149942147454947,1.3362293947190267
2025-05-17,Clothing,68,2040.0,71,5,1,0,30.0,0.0,22.501392819936356,1.1572295336327234
2025-05-18,Clothing,67,2010.0,70,6,1,0,30.0,0.0,22.202239238595393,
2025-05-19,Clothing,44,1320.0,50,0,0,0,30.0,0.0,25.844712481566454,6.238857367122777
2025-05-20,Clothing,57,1710.0,60,1,0,0,30.0,0.0,23.04354124422941,0.10123558002167643
2025-05-21,Clothing,56,1680.0,60,2,0,0,30.0,0.0,23.747151896978487,0.7448561712393975
2025-05-22,Clothing,58,1740.0,60,3,0,0,30.0,0.0,21.33410598053389,4.4663342658110805
2025-05-23,Clothing,57,1710.0,60,4,0,0,30.0,0.0,22.531857970617878,0.09535152543007408
2025-05-24,Clothing,68,2040.0,70,5,1,0,30.0,0.0,21.6103236831384,0.5031245144838965
2025-05-25,Clothing,68,2040.0,70,6,1,0,30.0,0.0,21.313710505468276,1.8497148981003857
2025-05-26,Clothing,64,1920.0,64,0,0,0,30.0,0.0,19.54307822177803,0.0
2025-05-27,Clothing,57,1710.0,59,1,0,0,30.0,0.0,21.056992050559675,1.3884362657257818
2025-05-28,Clothing,55,1650.0,59,2,0,0,30.0,0.0,23.306359366923214,0.5581398495575252
2025-05-29,Clothing,59,1770.0,59,3,0,0,30.0,0.0,19.564132393886965,0.09589548672501635
2025-05-30,Clothing,60,1800.0,59,4,0,0,30.0,0.0,18.04177183029972,
2025-05-31,Clothing,69,2070.0,69,5,1,0,30.0,0.0,19.639720864600097,0.18225513397218784
2025-06-01,Clothing,68,2040.0,69,6,1,0,30.0,0.0,20.18659526687989,0.5120934901321403
2025-06-02,Clothing,58,1740.0,58,0,0,0,30.0,0.0,19.54552053589972,1.0526455968108204
2025-06-03,Clothing,66,1980.0,63,1,0,0,30.0,0.0,15.94168399351071,0.0
2025-06-04,Clothing,59,1770.0,58,2,0,0,30.0,0.0,17.910567208467572,0.6300079658966729
2025-06-05,Clothing,49,1470.0,48,3,0,0,30.0,0.0,18.61008327006413,
2025-06-06,Clothing,58,1740.0,58,4,0,0,30.0,0.0,19.634767385378368,1.0865655311702387
2025-06-07,Clothing,66,1980.0,68,5,1,0,30.0,0.0,20.95599955303002,0.14241057884072816
2025-06-08,Clothing,90,2295.0,67,6,1,0,25.5,1.0,20.648055516333855,2.1170910145970776
2025-06-09,Clothing,80,2040.0,57,0,0,0,25.5,1.0,18.16532328077688,0.4596509221855618
2025-06-10,Clothing,65,1657.5,47,1,0,0,25.5,1.0,18.73571035075127,6.597414849428462
2025-06-11,Clothing,59,1770.0,57,2,0,0,30.0,0.0,17.07864677703389,2.7256677641033593
2025-06-12,Clothing,57,1710.0,57,3,0,0,30.0,0.0,18.914473353094472,1.5478395856165164
2025-06-13,Clothing,61,1830.0,57,4,0,0,30.0,0.0,14.981529063310925,1.8600236758318607
2025-06-14,Clothing,67,2010.0,66,5,1,0,30.0,0.0,17.958979774099618,0.10873825879538646
2025-06-15,Clothing,65,1950.0,66,6,1,0,30.0,0.0,19.859212030232115,1.5610812901369147
2025-06-16,Clothing,56,1680.0,56,0,0,0,30.0,0.0,18.965031856900172,0.5904002610873771
2025-06-17,Clothing,62,1860.0,61,1,0,0,30.0,0.0,18.596183083071,0.0
2025-06-18,Clothing,58,1740.0,56,2,0,0,30.0,0.0,17.37221891486793,0.03492521914624147
2025-06-19,Clothing,56,1680.0,56,3,0,0,30.0,0.0,18.869258872027537,0.8946408160285799
2025-06-20,Clothing,56,1680.0,55,4,0,0,30.0,0.0,18.346407661494354,2.1029971894033914
2025-06-21,Clothing,73,2190.0,70,5,1,0,30.0,0.0,16.173024028677958,0.0
2025-06-22,Clothing,69,2070.0,65,6,1,0,30.0,0.0,15.193586393976235,1.0193143292141413
2025-06-23,Clothing,89,2269.5,60,0,0,0,25.5,1.0,14.061544343594806,0.0
2021-01-01,Household,108,1620.0,61,4,0,1,15.0,0.0,15.755449652483767,1.3167931231428107
2021-01-02,Household,99,1485.0,56,5,1,0,15.0,0.0,15.474275033192814,1.5033427361350893
2021-01-03,Household,99,1485.0,56,6,1,0,15.0,0.0,17.11475613760575,0.7992366311777133
2021-01-04,Household,90,1350.0,51,0,0,0,15.0,0.0,17.83370286933573,0.0
2021-01-05,Household,97,1236.75,46,1,0,0,12.75,1.0,16.73485372991104,0.32522810051151163
2021-01-06,Household,100,1275.0,47,2,0,0,12.75,1.0,14.368826452821676,2.683538445587151
2021-01-07,Household,92,1380.0,52,3,0,0,15.0,0.0,15.07661655051944,0.0
2021-01-08,Household,83,1245.0,47,4,0,0,15.0,0.0,13.364322169097255,0.3968288670099349
2021-01-09,Household,101,1515.0,57,5,1,0,15.0,0.0,15.527570292177833,1.164937914911902
2021-01-10,Household,110,1650.0,62,6,1,0,15.0,0.0,13.83410576972595,0.0
2021-01-11,Household,83,1245.0,47,0,0,0,15.0,0.0,16.804175435565863,0.11901465655964394
2021-01-12,Household,84,1260.0,48,1,0,0,15.0,0.0,17.719952256694437,0.42002009801392526
2021-01-13,Household,93,1395.0,53,2,0,0,15.0,0.0,18.25506891263805,0.0
2021-01-14,Household,84,1260.0,48,3,0,0,15.0,,20.243641773743867,3.1370633281377778
2021-01-15,Household,93,1395.0,53,4,0,0,15.0,0.0,19.077033400982007,0.0
2021-01-16,Household,111,1665.0,63,5,1,0,15.0,0.0,18.419154948593917,0.0
2021-01-17,Household,111,1665.0,63,6,1,0,15.0,0.0,,0.0
2021-01-18,Household,86,1290.0,49,0,0,0,15.0,0.0,18.430452572896332,4.422462665871697
2021-01-19,Household,86,1290.0,49,1,0,0,15.0,0.0,22.310832955414693,2.1374328661497883
2021-01-20,Household,86,1290.0,49,2,0,0,15.0,0.0,16.185355318707916,0.37895914453210056
2021-01-21,Household,86,1290.0,49,3,0,0,15.0,0.0,14.35326240330184,0.1545799596880928
2021-01-22,Household,86,1290.0,49,4,0,0,15.0,0.0,17.280657409393974,0.3492165883870424
2021-01-23,Household,104,1560.0,59,5,1,0,15.0,0.0,16.31172839285245,1.9175504045297989
2021-01-24,Household,106,1590.0,60,6,1,0,15.0,0.0,18.536117036899256,0.15048822218230562
2021-01-25,Household,88,1320.0,50,0,0,0,15.0,0.0,21.19658509141999,2.5864029074948625
2021-01-26,Household,97,1455.0,55,1,0,0,15.0,0.0,18.63415282674686,0.0
2021-01-27,Household,88,1320.0,50,2,0,0,15.0,0.0,20.039859002245166,
2021-01-28,Household,88,1320.0,50,3,0,0,15.0,0.0,20.979181010764396,0.0636102905299043
2021-01-29,Household,88,1320.0,50,4,0,0,15.0,0.0,21.141869815488647,0.267095821219967
2021-01-30,Household,105,1575.0,60,5,1,0,15.0,0.0,22.80710930141588,0.29063794857981984
2021-01-31,Household,,,66,6,1,0,15.0,0.0,20.61417507641214,0.0
2021-02-01,Household,89,1335.0,51,0,0,0,15.0,0.0,21.769754952291397,1.4451923551400743
2021-02-02,Household,98,1470.0,56,1,0,0,15.0,0.0,,0.0
2021-02-03,Household,90,1350.0,51,2,0,0,15.0,0.0,19.278294499818216,2.2808078742014115
2021-02-04,Household,98,1470.0,56,3,0,0,15.0,0.0,22.50950987818185,0.0
2021-02-05,Household,72,1080.0,41,4,0,0,15.0,0.0,19.197479237258054,6.708035079701612
2021-02-06,Household,107,1605.0,61,5,1,0,15.0,0.0,21.36313048324423,1.697411579945534
2021-02-07,Household,109,1635.0,62,6,1,0,15.0,0.0,20.908851468237977,0.43922488671757765
2021-02-08,Household,100,1500.0,57,0,0,0,15.0,0.0,22.658928669493747,0.0
2021-02-09,Household,91,1365.0,52,1,0,0,15.0,0.0,19.278376562509898,0.8041017520653206
2021-02-10,Household,110,1402.5,52,2,0,0,12.75,1.0,18.966158189145826,1.3977414458090252
2021-02-11,Household,110,1402.5,52,3,0,0,12.75,1.0,22.943872638621663,0.710462234635578
2021-02-12,Household,100,1500.0,57,4,0,0,15.0,0.0,21.89542624462173,0.0
2021-02-13,Household,118,1770.0,67,5,1,0,15.0,0.0,23.60597425024744,0.0
2021-02-14,Household,118,1770.0,67,6,1,0,15.0,0.0,21.65599575963217,0.0
2021-02-15,Household,102,1530.0,58,0,0,0,15.0,0.0,25.067023842986618,0.0
2021-02-16,Household,93,1395.0,53,1,0,0,15.0,0.0,25.20508438725235,1.1679943681647558
2021-02-17,Household,102,1530.0,58,2,0,0,15.0,0.0,24.91664696407197,0.0
2021-02-18,Household,102,1530.0,58,3,0,0,15.0,0.0,23.414043327026576,0.0
2021-02-19,Household,101,1515.0,58,4,0,0,15.0,0.0,25.463505539088377,0.0
2021-02-20,Household,111,1665.0,63,5,1,0,15.0,0.0,23.083819339000524,0.47678999116794674
2021-02-21,Household,111,1665.0,63,6,1,0,15.0,0.0,24.065087578183615,0.2833948025683093
2021-02-22,Household,102,1530.0,58,0,0,0,15.0,0.0,22.211022725237854,0.0
2021-02-23,Household,104,1560.0,59,1,0,0,15.0,0.0,22.397578932608912,0.0
2021-02-24,Household,94,1410.0,54,2,0,0,15.0,0.0,25.136954704076473,0.89644695380404
2021-02-25,Household,94,1410.0,54,3,0,0,15.0,0.0,24.26330434786671,1.1541180210238533
2021-02-26,Household,95,1425.0,54,4,0,0,15.0,0.0,20.81629193561364,0.8621848326695893
2021-02-27,Household,121,1815.0,69,5,1,0,15.0,0.0,24.111112477827263,0.0
2021-02-28,Household,112,1680.0,64,6,1,0,15.0,0.0,23.56155874884402,0.9791573180198867
2021-03-01,Household,94,1410.0,54,0,0,0,15.0,0.0,24.861698768210807,1.0170331162956328
2021-03-02,Household,95,1425.0,54,1,0,0,15.0,0.0,21.598929311179454,0.5267712869595764
2021-03-03,Household,95,1425.0,54,2,0,0,15.0,0.0,21.017596368158365,0.02313382117669316
2021-03-04,Household,94,1410.0,54,3,0,0,15.0,0.0,23.987570292992043,1.4323605583298171
2021-03-05,Household,104,1560.0,59,4,0,0,15.0,0.0,22.02788358251859,0.0
2021-03-06,Household,112,1680.0,64,5,1,0,15.0,0.0,23.898160280715555,0.7223327603307332
2021-03-07,Household,114,1710.0,65,6,1,0,15.0,0.0,26.299590042828505,0.7570286772683659
2021-03-08,Household,106,1590.0,60,0,0,0,15.0,0.0,21.261081654237532,0.0
2021-03-09,Household,105,1575.0,60,1,0,0,15.0,0.0,22.87478533228874,0.0
2021-03-10,Household,105,1575.0,60,2,0,0,15.0,0.0,24.010469115321563,0.0
2021-03-11,Household,127,1619.25,60,3,0,0,12.75,1.0,25.25076913700864,0.0
2021-03-12,Household,116,1479.0,55,4,0,0,12.75,1.0,25.50360845003875,1.238831038307819
2021-03-13,Household,114,1710.0,65,5,1,0,15.0,0.0,23.972937363600295,0.5929577247095852
2021-03-14,Household,124,1860.0,70,6,1,0,15.0,0.0,20.670244398049817,0.0
2021-03-15,Household,96,1440.0,55,0,0,0,15.0,0.0,26.209571575365057,1.3786994718368555
2021-03-16,Household,105,1575.0,60,1,0,0,15.0,,29.85300844814149,0.0
2021-03-17,Household,105,1575.0,60,2,0,0,15.0,0.0,22.934068887802773,0.0
2021-03-18,Household,96,1440.0,55,3,0,0,15.0,0.0,21.52713541418337,2.1334512161443584
2021-03-19,Household,96,1440.0,55,4,0,0,15.0,0.0,22.98139265425096,3.8430384455884834
2021-03-20,Household,114,1710.0,65,5,1,0,15.0,0.0,23.179223314794683,0.5944862576373686
2021-03-21,Household,114,1710.0,65,6,1,0,15.0,0.0,24.50623243993426,0.07946732859909389
2021-03-22,Household,96,1440.0,55,0,0,0,15.0,0.0,23.452424113713516,1.651441837003242
2021-03-23,Household,96,1440.0,55,1,0,0,15.0,0.0,23.896797621452205,0.33551370836279903
2021-03-24,Household,,,55,2,0,0,15.0,0.0,23.52286646985233,0.3258024917765432
2021-03-25,Household,96,1440.0,55,3,0,0,15.0,0.0,25.3887918622229,0.8572163994892912
2021-03-26,Household,96,1440.0,55,4,0,0,15.0,0.0,25.964966905492492,4.641884247477067
2021-03-27,Household,123,1845.0,70,5,1,0,15.0,0.0,23.73957709714727,0.0
2021-03-28,Household,114,1710.0,65,6,1,0,15.0,0.0,26.938218595318048,1.5053893693035532
2021-03-29,Household,116,1479.0,55,0,0,0,12.75,1.0,22.48816375546308,2.1108517266060036
2021-03-30,Household,126,1606.5,60,1,0,0,12.75,1.0,26.04669356579649,0.0
2021-03-31,Household,96,1440.0,55,2,0,0,15.0,0.0,26.605382584215974,0.8701810871670408
2021-04-01,Household,107,1605.0,61,3,0,0,15.0,0.0,23.00309642420663,0.0
2021-04-02,Household,105,1575.0,60,4,0,0,15.0,0.0,28.644097588239717,0.0
2021-04-03,Household,114,1710.0,65,5,1,0,15.0,0.0,28.589813995687106,0.5088973492839406
2021-04-04,Household,114,1710.0,65,6,1,0,15.0,0.0,27.83382596331087,0.28690940145596944
2021-04-05,Household,96,1440.0,55,0,0,0,15.0,0.0,28.207137946914983,2.4987381670249516
2021-04-06,Household,105,1575.0,60,1,0,0,15.0,0.0,23.015761476776312,0.0
2021-04-07,Household,97,1455.0,55,2,0,0,15.0,0.0,20.282061034672502,0.4173414344931021
2021-04-08,Household,96,1440.0,55,3,0,0,15.0,0.0,24.444290322128236,2.158925934428726
2021-04-09,Household,105,1575.0,60,4,0,0,15.0,0.0,27.6144778229654,0.0
2021-04-10,Household,123,1845.0,70,5,1,0,15.0,0.0,24.835804940857333,0.0
2021-04-11,Household,114,1710.0,65,6,1,0,15.0,0.0,23.99393658195068,0.2690419502222614
2021-04-12,Household,96,1440.0,55,0,0,0,15.0,0.0,25.9618360792904,0.5750315296570505
2021-04-13,Household,96,1440.0,55,1,0,0,15.0,0.0,22.45806630795722,0.15077303147387333
2021-04-14,Household,126,1606.5,60,2,0,0,12.75,,25.923126566713176,0.0
2021-04-15,Household,116,1479.0,55,3,0,0,12.75,1.0,26.722800846582796,4.891849294267282
2021-04-16,Household,106,1590.0,60,4,0,0,15.0,0.0,21.02698264987843,0.0
2021-04-17,Household,114,1710.0,65,5,1,0,15.0,0.0,25.408379635614356,
2021-04-18,Household,114,1710.0,65,6,1,0,15.0,0.0,24.64868056099249,0.21624124083519414
2021-04-19,Household,96,1440.0,55,0,0,0,15.0,0.0,22.559475170216885,0.014166694216268594
2021-04-20,Household,96,1440.0,55,1,0,0,15.0,0.0,23.11986022692167,0.3864237832044144
2021-04-21,Household,96,1440.0,55,2,0,0,15.0,0.0,23.903187332465702,0.13765455447440567
2021-04-22,Household,96,1440.0,55,3,0,0,15.0,0.0,23.86520809475746,2.5398810216332555
2021-04-23,Household,105,1575.0,60,4,0,0,15.0,0.0,24.98030718977798,0.0
2021-04-24,Household,96,1440.0,55,5,1,0,15.0,0.0,22.344556182329246,8.451454973894572
2021-04-25,Household,114,1710.0,65,6,1,0,15.0,0.0,23.887636981964782,0.4498666841065615
2021-04-26,Household,96,1440.0,55,0,0,0,15.0,0.0,24.9569950584053,
2021-04-27,Household,96,1440.0,55,1,0,0,15.0,0.0,26.180998197836768,0.9376146998601027
2021-04-28,Household,94,1410.0,54,2,0,0,15.0,0.0,25.922294907341158,3.76277063487382
2021-04-29,Household,114,1453.5,54,3,0,0,12.75,1.0,24.171603448222744,0.9027923612915727
2021-04-30,Household,114,1453.5,54,4,0,0,12.75,1.0,25.35541141556852,1.717002337706885
2021-05-01,Household,112,1680.0,64,5,1,0,15.0,0.0,24.174787319196945,0.9835854887434721
2021-05-02,Household,122,1830.0,69,6,1,0,15.0,0.0,21.997911976047387,0.0
2021-05-03,Household,95,1425.0,54,0,0,0,15.0,0.0,22.992326718753194,1.1431145155536506
2021-05-04,Household,77,1155.0,44,1,0,0,15.0,0.0,21.860287952781405,5.029997955676352
2021-05-05,Household,95,1425.0,54,2,0,0,15.0,0.0,21.835556684017348,1.9043444895056307
2021-05-06,Household,103,1545.0,59,3,0,0,15.0,0.0,25.39672599809742,0.0
2021-05-07,Household,95,1425.0,54,4,0,0,15.0,0.0,21.96597838558809,0.11924062157338344
2021-05-08,Household,113,1695.0,64,5,1,0,15.0,0.0,21.513913426933183,1.0738815987076964
2021-05-09,Household,120,1800.0,68,6,1,0,15.0,0.0,20.01623911570652,0.0
2021-05-10,Household,93,1395.0,53,0,0,0,15.0,0.0,21.959166748010006,0.894119617923389
2021-05-11,Household,93,1395.0,53,1,0,0,15.0,0.0,22.081168838097312,3.2724312111534415
2021-05-12,Household,102,1530.0,58,2,0,0,15.0,0.0,24.47108424738212,0.0
2021-05-13,Household,102,1530.0,58,3,0,0,15.0,0.0,20.268426379666497,0.0
2021-05-14,Household,93,1395.0,53,4,0,0,15.0,0.0,22.96392847277915,1.128855333741401
2021-05-15,Household,111,1665.0,63,5,1,0,15.0,0.0,24.122876605278048,1.7096507248957202
2021-05-16,Household,111,1665.0,63,6,1,0,15.0,0.0,23.707246815074406,1.707306134891271
2021-05-17,Household,93,1395.0,53,0,0,0,15.0,0.0,22.5539645403871,1.2956911278891692
2021-05-18,Household,100,1500.0,57,1,0,0,15.0,0.0,18.681863136150795,0.0
2021-05-19,Household,100,1500.0,57,2,0,0,15.0,0.0,25.508702245580377,0.0
2021-05-20,Household,91,1365.0,52,3,0,0,15.0,0.0,20.83444861101683,
2021-05-21,Household,100,1500.0,57,4,0,0,15.0,0.0,22.329534312442814,0.0
2021-05-22,Household,154,2310.0,87,5,1,0,15.0,0.0,21.775019373815752,4.408518739704272
2021-05-23,Household,155,2325.0,87,6,1,0,15.0,0.0,16.74411186395938,0.31652549429958365
