store_sales_forecasting_raw.csv
Date,Product_Category,Units_Sold,Daily_Revenue,Demand_Index,Day_of_Week,Is_Weekend,Is_Holiday,Price,Is_On_Sale,Avg_Daily_Temperature,Rainfall_mm
2021-05-24,Household,136,2040.0,77,0,0,0,15.0,0.0,21.4723600820923,0.13800637138191219
2021-05-25,Household,91,1365.0,52,1,0,0,15.0,0.0,20.423927359446974,1.6986075728191574
2021-05-26,Household,89,1335.0,51,2,0,0,15.0,0.0,20.62321676644561,0.9893618375287978
2021-05-27,Household,90,1350.0,51,3,0,0,15.0,0.0,19.270104053822493,196.65576934276498
2021-05-28,Household,71,1065.0,41,4,0,0,15.0,0.0,20.25044102280463,8.952284585947089
2021-05-29,Household,107,1605.0,61,5,1,0,15.0,0.0,21.955471575057118,0.3616774601022743
2021-05-30,Household,116,1740.0,66,6,1,0,15.0,0.0,23.648225954925802,0.0
2021-05-31,Household,90,1350.0,51,0,0,0,15.0,0.0,18.1447116156315,0.3484010066625072
2021-06-01,Household,89,1335.0,51,1,0,0,15.0,0.0,21.012011770171085,1.3808620891208947
2021-06-02,Household,87,1305.0,50,2,0,0,15.0,0.0,22.35747354299951,1.1633226218033461
2021-06-03,Household,88,1320.0,50,3,0,0,15.0,0.0,18.042051226893573,0.6813706944350724
2021-06-04,Household,97,1455.0,55,4,0,0,15.0,0.0,21.163497427920902,0.0
2021-06-05,Household,114,1710.0,65,5,1,0,15.0,0.0,22.608869167901098,0.0
2021-06-06,Household,115,1725.0,65,6,1,0,15.0,0.0,17.710007550090335,0.0
2021-06-07,Household,97,1455.0,55,0,0,0,15.0,0.0,16.735697112077467,0.0
2021-06-08,Household,86,1290.0,49,1,0,0,15.0,0.0,19.365030433174276,0.002966566339363652
2021-06-09,Household,86,1290.0,49,2,0,0,15.0,0.0,17.453475438185812,2.9604627864209863
2021-06-10,Household,86,1290.0,49,3,0,0,15.0,,19.525808072105143,3.131038872512356
2021-06-11,Household,86,1290.0,49,4,0,0,15.0,0.0,,3.671007013666289
2021-06-12,Household,104,1560.0,59,5,1,0,15.0,0.0,19.073638039889776,0.8539343411369988
2021-06-13,Household,86,1290.0,49,6,1,0,15.0,0.0,18.60707506584251,8.71711795801779
2021-06-14,Household,66,990.0,38,0,0,0,15.0,0.0,20.534857526481265,5.430901087456312
2021-06-15,Household,93,1395.0,53,1,0,0,15.0,0.0,17.789965608986844,0.0
2021-06-16,Household,84,1260.0,48,2,0,0,15.0,0.0,16.221225645772147,0.29756024391790614
2021-06-17,Household,93,1395.0,53,3,0,0,15.0,0.0,19.111662130537635,0.0
2021-06-18,Household,84,1260.0,48,4,0,0,15.0,0.0,17.99496717255731,0.8062806965553535
2021-06-19,Household,156,2340.0,88,5,1,0,15.0,0.0,19.01186563810301,0.0
2021-06-20,Household,127,1905.0,72,6,1,0,15.0,0.0,18.572188421750376,5.288956769552929
2021-06-21,Household,128,1920.0,72,0,0,0,15.0,0.0,15.157607738023167,0.8030560538256883
2021-06-22,Household,83,1245.0,47,1,0,0,15.0,0.0,15.40017676252845,0.3096524006837853
2021-06-23,Household,83,1245.0,47,2,0,0,15.0,0.0,12.992968518398957,1.1403183494896227
2021-06-24,Household,92,1380.0,52,3,0,0,15.0,0.0,14.300097124631307,0.0
2021-06-25,Household,82,1230.0,47,4,0,0,15.0,0.0,19.142191317781702,2.047063534624632
2021-06-26,Household,81,1215.0,46,5,1,0,15.0,0.0,,5.389820142021069
2021-06-27,Household,99,1485.0,56,6,1,0,15.0,0.0,16.64825781132612,0.3853396632853838
2021-06-28,Household,81,1215.0,46,0,0,0,15.0,0.0,15.273146258396908,4.4239953735667745
2021-06-29,Household,90,1350.0,51,1,0,0,15.0,0.0,13.014323128137164,
2021-06-30,Household,81,1215.0,46,2,0,0,15.0,0.0,12.704213899351839,0.17588481983623439
2021-07-01,Household,81,1215.0,46,3,0,0,15.0,0.0,14.59598201757059,0.7596233201821652
2021-07-02,Household,79,1185.0,45,4,0,0,15.0,0.0,14.43502268353572,1.2354157378455821
2021-07-03,Household,97,1455.0,55,5,1,0,15.0,0.0,19.623083214315884,0.03529825224776606
2021-07-04,Household,124,1860.0,70,6,1,1,15.0,0.0,13.977927335990554,1.5679714530403936
2021-07-05,Household,79,1185.0,45,0,0,0,15.0,0.0,14.565339251469696,0.9455830154732985
2021-07-06,Household,79,1185.0,45,1,0,0,15.0,0.0,12.3752040728788,0.23606935437272436
2021-07-07,Household,79,1185.0,45,2,0,0,15.0,0.0,,0.35326582965526243
2021-07-08,Household,86,1290.0,49,3,0,0,15.0,0.0,15.730208694321888,0.0
2021-07-09,Household,78,1170.0,44,4,0,0,15.0,0.0,13.314323269525072,0.25010676952135236
2021-07-10,Household,96,1440.0,54,5,1,0,15.0,0.0,11.123209397517487,4.060566900568895
2021-07-11,Household,77,1155.0,44,6,1,0,15.0,0.0,14.296015616884034,6.7792645455831
2021-07-12,Household,59,885.0,34,0,0,0,15.0,0.0,14.410397221650063,6.547909761480024
2021-07-13,Household,78,1170.0,44,1,0,0,15.0,0.0,12.919999164149015,0.6974174486053324
2021-07-14,Household,76,1140.0,43,2,0,0,15.0,0.0,14.654244604420319,2.7154016502545204
2021-07-15,Household,76,1140.0,43,3,0,0,15.0,0.0,12.021430584803097,1.4945097137576848
2021-07-16,Household,76,1140.0,43,4,0,0,15.0,0.0,14.153190707772415,2.0036362443976206
2021-07-17,Household,94,1410.0,53,5,1,0,15.0,0.0,,2.1510670886184857
2021-07-18,Household,94,1410.0,53,6,1,0,15.0,0.0,10.868990194968205,0.7342473358026667
2021-07-19,Household,58,870.0,33,0,0,0,15.0,0.0,11.798736651317064,
2021-07-20,Household,74,1110.0,42,1,0,0,15.0,0.0,12.271568093063058,2.0482400448038702
2021-07-21,Household,74,1110.0,42,2,0,0,15.0,0.0,11.510053051566876,3.8974962582067674
2021-07-22,Household,74,1110.0,42,3,0,0,15.0,0.0,12.99987042679609,1.2900652749000145
2021-07-23,Household,74,1110.0,42,4,0,0,15.0,0.0,7.61666913963609,1.1209006166316087
2021-07-24,Household,92,1380.0,52,5,1,0,15.0,0.0,12.607807900671709,0.9921077029552665
2021-07-25,Household,101,1515.0,57,6,1,0,15.0,0.0,8.129926053177288,0.0
2021-07-26,Household,72,1080.0,41,0,0,0,15.0,0.0,11.323749783939427,0.9432884447299859
2021-07-27,Household,72,1080.0,41,1,0,0,15.0,0.0,9.875787359806555,0.11870742193102934
2021-07-28,Household,81,1215.0,46,2,0,0,15.0,0.0,13.84724053373085,0.0
2021-07-29,Household,72,1080.0,41,3,0,0,15.0,0.0,13.292246937522725,2.0092613935942243
2021-07-30,Household,72,1080.0,41,4,0,0,15.0,0.0,10.223185606869476,0.6986569300746441
2021-07-31,Household,100,1500.0,56,5,1,0,15.0,0.0,8.546697967588463,0.0
2021-08-01,Household,100,1500.0,56,6,1,0,15.0,0.0,8.331484965141296,0.0
2021-08-02,Household,71,1065.0,40,0,0,0,15.0,0.0,11.035211154358523,1.3332664274997708
2021-08-03,Household,71,1065.0,40,1,0,0,15.0,0.0,9.258173812708486,1.876571675552822
2021-08-04,Household,71,1065.0,40,2,0,0,15.0,0.0,5.385457929892674,1.1302367253000063
2021-08-05,Household,71,1065.0,40,3,0,0,15.0,0.0,9.354974552713887,2.7279399294729116
2021-08-06,Household,70,1050.0,40,4,0,0,15.0,0.0,11.694364889092316,0.8974300323963116
2021-08-07,Household,98,1470.0,55,5,1,0,15.0,0.0,8.614155359507624,0.0
2021-08-08,Household,89,1335.0,50,6,1,0,15.0,0.0,6.814057812120694,3.9103628043608545
2021-08-09,Household,69,1035.0,39,0,0,0,15.0,0.0,8.793011187229716,1.119487231155996
2021-08-10,Household,69,1035.0,39,1,0,0,15.0,0.0,6.050156985808842,0.2529181380790082
2021-08-11,Household,83,1058.25,39,2,0,0,12.75,1.0,8.38555467195225,3.844348380043911
2021-08-12,Household,83,1058.25,39,3,0,0,12.75,1.0,10.631631553724805,1.2036416428846115
2021-08-13,Household,69,1035.0,39,4,0,0,15.0,0.0,,0.8463389909520411
2021-08-14,Household,96,1440.0,54,5,1,0,15.0,0.0,7.104139679012434,0.0
2021-08-15,Household,87,1305.0,49,6,1,0,15.0,0.0,8.627079862746939,0.9063244729755684
2021-08-16,Household,67,1005.0,38,0,0,0,15.0,0.0,7.573947800316188,2.827589029687683
2021-08-17,Household,68,1020.0,38,1,0,0,15.0,0.0,3.808149868465776,1.4869165546450152
2021-08-18,Household,63,803.25,30,2,0,0,12.75,1.0,11.314674258103558,5.492939622196374
2021-08-19,Household,92,1173.0,43,3,0,0,12.75,1.0,8.828000819770985,
2021-08-20,Household,67,1005.0,38,4,0,0,15.0,0.0,8.299695512097035,2.595831124610075
2021-08-21,Household,102,1300.5,48,5,1,0,12.75,1.0,9.450504157724515,0.7835266954275388
2021-08-22,Household,103,1313.25,48,6,1,0,12.75,1.0,4.172194150307225,0.11770843270741005
2021-08-23,Household,68,1020.0,38,0,0,0,15.0,0.0,4.865941085391338,3.4124075356667074
2021-08-24,Household,67,1005.0,38,1,0,0,15.0,0.0,8.96590032803707,1.137837148106351
2021-08-25,Household,65,975.0,37,2,0,0,15.0,0.0,8.462327453757851,0.14657148203101755
2021-08-26,Household,75,1125.0,42,3,0,0,15.0,0.0,4.400080324436166,0.0
2021-08-27,Household,65,975.0,37,4,0,0,15.0,0.0,7.966044450355927,0.569013446052373
2021-08-28,Household,65,975.0,37,5,1,0,15.0,0.0,7.926301103678224,5.8329438516342975
2021-08-29,Household,83,1245.0,47,6,1,0,15.0,0.0,,0.9395377199574904
2021-08-30,Household,74,1110.0,42,0,0,0,15.0,0.0,10.265316982874628,
2021-08-31,Household,75,1125.0,42,1,0,0,15.0,0.0,3.4559489078688177,0.0
2021-09-01,Household,66,990.0,37,2,0,0,15.0,0.0,4.7531457343586165,0.2041236417354224
2021-09-02,Household,66,990.0,37,3,0,0,15.0,0.0,6.934847621038832,0.3511700737992065
2021-09-03,Household,66,990.0,37,4,0,0,15.0,0.0,7.103052847059815,1.0684977831815172
2021-09-04,Household,84,1260.0,47,5,1,0,15.0,0.0,7.207907468314261,0.4582136958635976
2021-09-05,Household,81,1215.0,46,6,1,0,15.0,0.0,10.729074563764373,1.0379166242494295
2021-09-06,Household,73,1095.0,41,0,0,0,15.0,0.0,6.072816083420222,0.0
2021-09-07,Household,64,960.0,36,1,0,0,15.0,0.0,4.959690114311281,0.6031915460418502
2021-09-08,Household,77,981.75,36,2,0,0,12.75,1.0,5.867936981253084,0.44773155788371355
2021-09-09,Household,87,1109.25,41,3,0,0,12.75,1.0,8.371344887942763,0.0
2021-09-10,Household,109,1635.0,61,4,0,0,15.0,0.0,6.717040303534327,0.321518191327544
2021-09-11,Household,127,1905.0,71,5,1,0,15.0,0.0,9.331140924013111,0.9979413982828045
2021-09-12,Household,136,2040.0,76,6,1,0,15.0,0.0,9.253582904631674,0.0
2021-09-13,Household,64,960.0,36,0,0,0,15.0,0.0,4.630805654766588,3.73706776345921
2021-09-14,Household,73,1095.0,41,1,0,0,15.0,0.0,5.533397578872202,0.0
2021-09-15,Household,64,960.0,36,2,0,0,15.0,0.0,3.1199933370218527,0.15751176185143434
2021-09-16,Household,64,960.0,36,3,0,0,15.0,0.0,3.8496997632736667,2.543766174726531
2021-09-17,Household,64,960.0,36,4,0,0,15.0,0.0,2.525629841702045,0.5402405521299318
2021-09-18,Household,91,1365.0,51,5,1,0,15.0,0.0,6.2509491460053885,0.0
2021-09-19,Household,127,1905.0,71,6,1,0,15.0,0.0,8.503633713408076,4.19636267070367
2021-09-20,Household,109,1635.0,61,0,0,0,15.0,0.0,5.8299332552300465,1.7819251475065419
2021-09-21,Household,109,1635.0,61,1,0,0,15.0,0.0,2.175310758925385,0.6904468482164801
2021-09-22,Household,64,960.0,36,2,0,0,15.0,0.0,6.6682376079961,2.801363764923657
2021-09-23,Household,64,960.0,36,3,0,0,15.0,0.0,3.6610858590587614,0.5296783547956778
2021-09-24,Household,73,1095.0,41,4,0,0,15.0,0.0,9.371010732106484,0.0
2021-09-25,Household,82,1230.0,46,5,1,0,15.0,0.0,2.923288933827061,4.515196933415809
2021-09-26,Household,82,1230.0,46,6,1,0,15.0,0.0,1.4934906930066294,0.9111963743771776
2021-09-27,Household,64,960.0,36,0,0,0,15.0,0.0,7.390643506675659,3.7508672111595525
2021-09-28,Household,77,981.75,36,1,0,0,12.75,1.0,7.349516836695946,
2021-09-29,Household,78,994.5,36,2,0,0,12.75,1.0,,0.11167711314778028
2021-09-30,Household,78,994.5,36,3,0,0,12.75,1.0,1.103334504700773,0.872264146992942
2021-10-01,Household,88,1122.0,41,4,0,0,12.75,1.0,8.274750266656433,0.0
2021-10-02,Household,82,1230.0,46,5,1,0,15.0,0.0,2.5403944467470407,4.416262699180998
2021-10-03,Household,91,1365.0,51,6,1,0,15.0,0.0,5.779201014235575,0.0
2021-10-04,Household,73,1095.0,41,0,0,0,15.0,0.0,3.4223377106732586,0.0
2021-10-05,Household,64,960.0,36,1,0,0,15.0,0.0,3.6153852446188166,0.8353921492605523
2021-10-06,Household,64,960.0,36,2,0,0,15.0,0.0,7.314619850359801,0.5822457919172639
2021-10-07,Household,73,1095.0,41,3,0,0,15.0,0.0,5.061860965987356,0.0
2021-10-08,Household,64,960.0,36,4,0,0,15.0,0.0,4.736304204530808,2.6802604858468
2021-10-09,Household,82,1230.0,46,5,1,0,15.0,0.0,3.9815521242342955,3.825602409306928
2021-10-10,Household,91,1365.0,51,6,1,0,15.0,0.0,5.013790351172753,0.0
2021-10-11,Household,73,1095.0,41,0,0,0,15.0,0.0,7.813369553110018,0.0
2021-10-12,Household,88,1122.0,41,1,0,0,12.75,1.0,4.459981001776439,0.0
2021-10-13,Household,77,981.75,36,2,0,0,12.75,1.0,,1.2439788999966979
2021-10-14,Household,73,1095.0,41,3,0,0,15.0,0.0,1.9854302083169442,0.0
2021-10-15,Household,64,960.0,36,4,0,0,15.0,0.0,7.124609014252939,1.7076758097853815
2021-10-16,Household,82,1230.0,46,5,1,0,15.0,0.0,5.816118283954746,0.18842724705321778
2021-10-17,Household,77,981.75,36,6,1,0,12.75,1.0,4.062571541456576,6.5365715910270525
2021-10-18,Household,77,981.75,36,0,0,0,12.75,1.0,4.382999182735984,0.13618367905904116
2021-10-19,Household,64,960.0,36,1,0,0,15.0,0.0,3.8785627771757145,0.2878289449167273
2021-10-20,Household,64,960.0,36,2,0,0,15.0,0.0,5.845412447214204,2.100001393099623
2021-10-21,Household,64,960.0,36,3,0,0,15.0,0.0,5.331996526151329,2.089752506626031
2021-10-22,Household,77,981.75,36,4,0,0,12.75,1.0,6.396715860576443,0.315566283125041
2021-10-23,Household,99,1262.25,46,5,1,0,12.75,1.0,4.259027103633477,4.883852403186775
2021-10-24,Household,99,1262.25,46,6,1,0,12.75,1.0,2.757783535424935,1.4379490805676634
2021-10-25,Household,77,981.75,36,0,0,0,12.75,1.0,7.458663492617855,4.163018488862843
2021-10-26,Household,73,1095.0,41,1,0,0,15.0,0.0,4.423469031250733,0.0
2021-10-27,Household,73,1095.0,41,2,0,0,15.0,0.0,1.3330781139196128,0.0
2021-10-28,Household,74,1110.0,42,3,0,0,15.0,0.0,8.196987417443518,0.0
2021-10-29,Household,75,1125.0,42,4,0,0,15.0,0.0,7.083460899105801,0.0
2021-10-30,Household,84,1260.0,47,5,1,0,15.0,0.0,0.1355853465716068,0.7021008576335779
2021-10-31,Household,93,1395.0,52,6,1,0,15.0,0.0,5.998431636169663,0.0
2021-11-01,Household,65,975.0,37,0,0,0,15.0,0.0,8.490006414682313,2.5418004296868957
2021-11-02,Household,79,1007.25,37,1,0,0,12.75,1.0,6.131690268570066,1.0476584310743107
2021-11-03,Household,79,1007.25,37,2,0,0,12.75,1.0,5.579061756708473,1.4936028957072387
2021-11-04,Household,74,1110.0,42,3,0,0,15.0,0.0,8.851586069384947,0.0
2021-11-05,Household,66,990.0,37,4,0,0,15.0,0.0,6.829573281404519,
2021-11-06,Household,111,1415.25,52,5,1,0,12.75,1.0,6.757311347935076,0.0
2021-11-07,Household,101,1287.75,47,6,1,0,12.75,1.0,4.112417026028369,0.036732576882641865
2021-11-08,Household,67,1005.0,38,0,0,0,15.0,0.0,5.866003627217481,0.7691845485564535
2021-11-09,Household,67,1005.0,38,1,0,0,15.0,0.0,7.103540351673148,0.7866053068957259
2021-11-10,Household,76,1140.0,43,2,0,0,15.0,0.0,5.5818048537362825,0.0
2021-11-11,Household,77,1155.0,43,3,0,0,15.0,0.0,5.1085516663219845,0.0
2021-11-12,Household,77,1155.0,43,4,0,0,15.0,0.0,5.292121410879933,0.0
2021-11-13,Household,67,1005.0,38,5,1,0,15.0,0.0,9.45731557593723,7.419318729737855
2021-11-14,Household,85,1275.0,48,6,1,0,15.0,0.0,,2.710778270295748
2021-11-15,Household,76,1140.0,43,0,0,0,15.0,0.0,7.448274321331664,0.0
2021-11-16,Household,68,1020.0,38,1,0,0,15.0,0.0,4.9260772715620025,2.0839625023396198
2021-11-17,Household,69,1035.0,39,2,0,0,15.0,0.0,8.692653034644058,2.4738415992775917
2021-11-18,Household,78,1170.0,44,3,0,0,15.0,0.0,9.30903955377957,0.0
2021-11-19,Household,69,1035.0,39,4,0,0,15.0,0.0,5.802145916781971,1.6267218210801957
2021-11-20,Household,87,1305.0,49,5,1,0,15.0,0.0,7.865512319590165,0.026166737699034215
2021-11-21,Household,700,10500.0,54,6,1,0,15.0,0.0,6.983337790943152,0.0
2021-11-22,Household,69,1035.0,39,0,0,0,15.0,0.0,8.43395882427403,0.43216411237157004
2021-11-23,Household,69,1035.0,39,1,0,0,15.0,0.0,8.308156329279846,2.353020569509607
2021-11-24,Household,71,1065.0,40,2,0,0,15.0,0.0,9.315619352306465,1.5036932979394049
2021-11-25,Household,80,1200.0,45,3,0,0,15.0,0.0,10.43566937630344,0.0
2021-11-26,Household,80,1200.0,45,4,0,0,15.0,0.0,7.227413462061024,0.0
2021-11-27,Household,88,1320.0,50,5,1,0,15.0,0.0,12.516359420009222,0.46096270709844966
2021-11-28,Household,89,1335.0,50,6,1,0,15.0,0.0,7.762613545381716,0.11540122068865166
2021-11-29,Household,80,1200.0,45,0,0,0,15.0,0.0,9.574419648535763,0.0
2021-11-30,Household,71,1065.0,40,1,0,0,15.0,0.0,7.130502072531319,0.6253319701727376
2021-12-01,Household,72,1080.0,41,2,0,0,15.0,0.0,,2.462417568330007
2021-12-02,Household,72,1080.0,41,3,0,0,15.0,0.0,11.60678614045474,1.3847974738334368
2021-12-03,Household,81,1215.0,46,4,0,0,15.0,0.0,9.544613767460712,0.0
2021-12-04,Household,90,1350.0,51,5,1,0,15.0,0.0,12.731400776514583,1.235012074571073
2021-12-05,Household,91,1365.0,51,6,1,0,15.0,0.0,8.393687487523113,0.9872211322201825
2021-12-06,Household,72,1080.0,41,0,0,0,15.0,0.0,9.661019541354218,1.5783593283065653
2021-12-07,Household,72,1080.0,41,1,0,0,15.0,0.0,10.675230694548672,1.9904591502290572
2021-12-08,Household,74,1110.0,42,2,0,0,15.0,0.0,9.021478778778501,0.970258342166548
2021-12-09,Household,83,1245.0,47,3,0,0,15.0,0.0,9.84094280758591,0.0
2021-12-10,Household,74,1110.0,42,4,0,0,15.0,0.0,11.427358421828988,1.6422511817846712
2021-12-11,Household,92,1380.0,52,5,1,0,15.0,0.0,10.826813034149067,
2021-12-12,Household,92,1380.0,52,6,1,0,15.0,0.0,13.455127249239217,0.6297831789288351
2021-12-13,Household,74,1110.0,42,0,0,0,15.0,0.0,10.11430443526211,0.7877962642182044
2021-12-14,Household,76,1140.0,43,1,0,0,15.0,0.0,14.588270587751776,1.3219062270720432
2021-12-15,Household,76,1140.0,43,2,0,0,15.0,0.0,12.702727522869479,1.7393775290621134
2021-12-16,Household,85,1275.0,48,3,0,0,15.0,0.0,9.698213301372038,0.0
2021-12-17,Household,85,1275.0,48,4,0,0,15.0,0.0,13.76630176062114,0.0
2021-12-18,Household,103,1545.0,58,5,1,0,15.0,0.0,12.941486453564973,0.0
2021-12-19,Household,94,1410.0,53,6,1,0,15.0,0.0,14.801193048841991,1.1170745002597862
2021-12-20,Household,122,1830.0,69,0,0,0,15.0,0.0,13.899818836831665,1.4152541077012706
2021-12-21,Household,122,1830.0,69,1,0,0,15.0,0.0,14.252823027678046,0.03703145718570089
2021-12-22,Household,132,1980.0,74,2,0,0,15.0,0.0,11.76103790813726,0.0
2021-12-23,Household,78,1170.0,44,3,0,0,15.0,0.0,13.25747962119958,0.4818254939030435
2021-12-24,Household,77,1155.0,44,4,0,0,15.0,,14.933504261403668,1.3524594992792571
2021-12-25,Household,122,1830.0,69,5,1,1,15.0,0.0,15.100408914550757,3.859782795718546
2021-12-26,Household,97,1455.0,55,6,1,0,15.0,0.0,16.329789865215833,0.17822337538236277
2021-12-27,Household,79,1185.0,45,0,0,0,15.0,0.0,15.44756370277115,1.4165290506492503
2021-12-28,Household,80,1200.0,45,1,0,0,15.0,0.0,8.786776759583272,0.28125317287933194
