store_sales_forecasting_raw.csv
Date,Product_Category,Units_Sold,Daily_Revenue,Demand_Index,Day_of_Week,Is_Weekend,Is_Holiday,Price,Is_On_Sale,Avg_Daily_Temperature,Rainfall_mm
2021-12-29,Household,88,1320.0,50,2,0,0,15.0,0.0,,0.0
2021-12-30,Household,88,1320.0,50,3,0,0,15.0,0.0,13.374324466046787,0.0
2021-12-31,Household,79,1185.0,45,4,0,0,15.0,0.0,14.439328740730982,0.7056320301492098
2022-01-01,Household,166,2116.5,78,5,1,1,12.75,1.0,16.655748618710167,171.90577210136607
2022-01-02,Household,123,1568.25,58,6,1,0,12.75,1.0,14.762011790061104,2.588871932815991
2022-01-03,Household,84,1260.0,48,0,0,0,15.0,0.0,16.9349103593756,2.2329634701634333
2022-01-04,Household,93,1395.0,53,1,0,0,15.0,0.0,18.58129505283771,0.0
2022-01-05,Household,84,1260.0,48,2,0,0,15.0,0.0,15.840855820382924,0.9575805979871408
2022-01-06,Household,86,1290.0,49,3,0,0,15.0,0.0,14.573052146080855,3.4978565518788027
2022-01-07,Household,87,1305.0,49,4,0,0,15.0,0.0,12.918812427818388,2.788271054383806
2022-01-08,Household,126,1606.5,59,5,1,0,12.75,1.0,13.532125136206094,2.796985750411856
2022-01-09,Household,136,1734.0,64,6,1,0,12.75,1.0,19.86337396058192,0.0
2022-01-10,Household,86,1290.0,49,0,0,0,15.0,0.0,16.463789244493665,0.14831084531603045
2022-01-11,Household,95,1425.0,54,1,0,0,15.0,0.0,17.072849096590865,0.0
2022-01-12,Household,88,1320.0,50,2,0,0,15.0,0.0,18.066141850429496,1.415994920091939
2022-01-13,Household,97,1455.0,55,3,0,0,15.0,0.0,20.001081242668462,0.0
2022-01-14,Household,88,1320.0,50,4,0,0,15.0,0.0,17.51953789246039,0.47499549144463993
2022-01-15,Household,106,1590.0,60,5,1,0,15.0,0.0,18.00744838110478,2.911468202549471
2022-01-16,Household,105,1575.0,60,6,1,0,15.0,0.0,21.98741384743629,1.766210291033222
2022-01-17,Household,88,1320.0,50,0,0,0,15.0,0.0,18.064308476928773,2.7227279988247473
2022-01-18,Household,90,1350.0,51,1,0,0,15.0,0.0,17.317689714839123,1.6800641899978248
2022-01-19,Household,89,1335.0,51,2,0,0,15.0,0.0,21.735950012042878,2.7040925325728167
2022-01-20,Household,90,1350.0,51,3,0,0,15.0,0.0,16.7812022023297,1.6185641070130954
2022-01-21,Household,98,1470.0,56,4,0,0,15.0,0.0,21.967434768036654,0.0
2022-01-22,Household,117,1755.0,66,5,1,0,15.0,0.0,15.741413961957742,0.0
2022-01-23,Household,107,1605.0,61,6,1,0,15.0,0.0,21.573621873318338,2.2397926151152645
2022-01-24,Household,91,1365.0,52,0,0,0,15.0,0.0,18.708972230069172,0.0827059187273238
2022-01-25,Household,101,1515.0,57,1,0,0,15.0,0.0,16.503839242174916,0.0
2022-01-26,Household,110,1402.5,52,2,0,0,12.75,1.0,16.53491640711315,4.573399491779135
2022-01-27,Household,89,1134.75,42,3,0,0,12.75,1.0,16.3070339347505,5.283089294016254
2022-01-28,Household,91,1365.0,52,4,0,0,15.0,0.0,23.05905050747273,3.362316044968707
2022-01-29,Household,109,1635.0,62,5,1,0,15.0,0.0,20.921778048926534,0.9010813103794209
2022-01-30,Household,110,1650.0,62,6,1,0,15.0,0.0,16.542420266900383,2.663579036071919
2022-01-31,Household,93,1395.0,53,0,0,0,15.0,0.0,24.35191490905152,2.7474392217426447
2022-02-01,Household,93,1395.0,53,1,0,0,15.0,0.0,20.327336842411842,4.682960764086208
2022-02-02,Household,102,1530.0,58,2,0,0,15.0,0.0,21.58298581003247,0.0
2022-02-03,Household,93,1395.0,53,3,0,0,15.0,0.0,20.260724114156563,1.8863735201564218
2022-02-04,Household,93,1395.0,53,4,0,0,15.0,0.0,21.978017920537642,1.3478813021991969
2022-02-05,Household,111,1665.0,63,5,1,0,15.0,0.0,21.057679313002573,3.5529702485169112
2022-02-06,Household,120,1800.0,68,6,1,0,15.0,0.0,24.008029529615193,0.0
2022-02-07,Household,114,1453.5,54,0,0,0,12.75,1.0,19.421924159878206,0.816487483148352
2022-02-08,Household,114,1453.5,54,1,0,0,12.75,1.0,17.744679913672332,1.1926239697266943
2022-02-09,Household,94,1410.0,54,2,0,0,15.0,0.0,26.122656743342425,1.3373892736562536
2022-02-10,Household,95,1425.0,54,3,0,0,15.0,0.0,18.979683015401985,2.205157371919438
2022-02-11,Household,95,1425.0,54,4,0,0,15.0,0.0,21.39155518433207,0.5723379259142154
2022-02-12,Household,136,1734.0,64,5,1,0,12.75,1.0,19.755119336950248,2.3369173760688824
2022-02-13,Household,147,1874.25,69,6,1,0,12.75,1.0,19.67209037553902,0.0
2022-02-14,Household,94,1410.0,54,0,0,0,15.0,0.0,24.569281764493503,1.0251208538955017
2022-02-15,Household,96,1440.0,55,1,0,0,15.0,0.0,21.82757149817907,0.11759408138819416
2022-02-16,Household,105,1575.0,60,2,0,0,15.0,0.0,22.726226400060618,0.0
2022-02-17,Household,105,1575.0,60,3,0,0,15.0,0.0,22.983659505967946,0.0
2022-02-18,Household,105,1575.0,60,4,0,0,15.0,0.0,22.412212351940266,0.0
2022-02-19,Household,124,1860.0,70,5,1,0,15.0,0.0,20.23130353928104,0.0
2022-02-20,Household,114,1710.0,65,6,1,0,15.0,0.0,22.953812599151338,0.3032696385003215
2022-02-21,Household,97,1455.0,55,0,0,0,15.0,0.0,20.749003981500966,0.6731580071110401
2022-02-22,Household,96,1440.0,55,1,0,0,15.0,0.0,23.301688463167537,1.941113339297445
2022-02-23,Household,98,1470.0,56,2,0,0,15.0,0.0,21.695860801045207,1.6067356306248417
2022-02-24,Household,98,1470.0,56,3,0,0,15.0,0.0,22.596923994553066,0.15173726073318905
2022-02-25,Household,98,1470.0,56,4,0,0,15.0,,23.09976926650576,
2022-02-26,Household,116,1740.0,66,5,1,0,15.0,0.0,24.128101672854417,2.64692987157879
2022-02-27,Household,116,1740.0,66,6,1,0,15.0,0.0,23.379849346467363,0.10296379675727252
2022-02-28,Household,98,1470.0,56,0,0,0,15.0,0.0,19.562189172911634,0.711325900022965
2022-03-01,Household,98,1470.0,56,1,0,0,15.0,0.0,26.814103656537544,2.393278421661529
2022-03-02,Household,118,1504.5,56,2,0,0,12.75,1.0,27.18881991906022,2.328298159471652
2022-03-03,Household,118,1504.5,56,3,0,0,12.75,1.0,21.72669040787743,0.7301380379789983
2022-03-04,Household,98,1470.0,56,4,0,0,15.0,0.0,,3.597342500532716
2022-03-05,Household,161,2415.0,91,5,1,0,15.0,0.0,24.636099224681985,2.747020023113894
2022-03-06,Household,161,2415.0,91,6,1,0,15.0,0.0,24.298928690679737,3.761395660604859
2022-03-07,Household,154,2310.0,87,0,0,0,15.0,0.0,22.28139642379743,0.0
2022-03-08,Household,109,1635.0,62,1,0,0,15.0,0.0,25.63295046831035,0.0
2022-03-09,Household,100,1500.0,57,2,0,0,15.0,0.0,25.50915376811845,0.38236313122833354
2022-03-10,Household,100,1500.0,57,3,0,0,15.0,0.0,24.827261693376972,0.30512304941118895
2022-03-11,Household,131,1670.25,62,4,0,0,12.75,1.0,25.036467718681546,0.0
2022-03-12,Household,142,1810.5,67,5,1,0,12.75,1.0,22.98144296904861,3.1673153276591366
2022-03-13,Household,142,1810.5,67,6,1,0,12.75,1.0,25.011808287998633,1.1187481239383206
2022-03-14,Household,120,1530.0,57,0,0,0,12.75,1.0,24.152996809622657,0.20909054318419695
2022-03-15,Household,100,1500.0,57,1,0,0,15.0,0.0,24.40585376167841,
2022-03-16,Household,100,1500.0,57,2,0,0,15.0,0.0,25.64776797747605,0.7045088351086608
2022-03-17,Household,109,1635.0,62,3,0,0,15.0,0.0,23.650556032148106,0.0
2022-03-18,Household,100,1500.0,57,4,0,0,15.0,0.0,26.718043833908084,0.3607296654259271
2022-03-19,Household,127,1905.0,72,5,1,0,15.0,0.0,23.17792311596425,0.0
2022-03-20,Household,127,1905.0,72,6,1,0,15.0,0.0,22.216575573780705,0.0
2022-03-21,Household,100,1500.0,57,0,0,0,15.0,0.0,26.883525673143854,0.6160700688871941
2022-03-22,Household,100,1500.0,57,1,0,0,15.0,0.0,25.60105836509435,0.2128243704670445
2022-03-23,Household,100,1500.0,57,2,0,0,15.0,0.0,20.655914116576074,1.8790431136861168
2022-03-24,Household,100,1500.0,57,3,0,0,15.0,0.0,22.56471862077569,1.120350333109109
2022-03-25,Household,109,1635.0,62,4,0,0,15.0,0.0,25.62564374396557,
2022-03-26,Household,141,1797.75,67,5,1,0,12.75,1.0,28.895874642588122,2.363361239231724
2022-03-27,Household,152,1938.0,72,6,1,0,12.75,1.0,27.13829814195618,0.0
2022-03-28,Household,82,1230.0,47,0,0,0,15.0,0.0,22.467555848947175,8.288510509213156
2022-03-29,Household,109,1635.0,62,1,0,0,15.0,0.0,20.656222734963695,0.0
2022-03-30,Household,109,1635.0,62,2,0,0,15.0,0.0,26.52678245983104,0.0
2022-03-31,Household,109,1635.0,62,3,0,0,15.0,0.0,21.479653984288273,0.0
2022-04-01,Household,101,1515.0,58,4,0,0,15.0,0.0,25.803821884563767,0.7527012636897759
2022-04-02,Household,118,1770.0,67,5,1,0,15.0,0.0,25.523411021065833,2.147040062265204
2022-04-03,Household,118,1770.0,67,6,1,0,15.0,0.0,23.229112149604653,0.00854042517791087
2022-04-04,Household,100,1500.0,57,0,0,0,15.0,0.0,23.3260071552354,0.026274514987608022
2022-04-05,Household,100,1500.0,57,1,0,0,15.0,0.0,25.259220032343183,1.5267602431597287
2022-04-06,Household,100,1500.0,57,2,0,0,15.0,0.0,26.01099858023082,3.5878392328306195
2022-04-07,Household,99,1485.0,57,3,0,0,15.0,0.0,28.803247360130534,3.212225611038374
2022-04-08,Household,100,1500.0,57,4,0,0,15.0,0.0,27.194199331113758,3.1599704313246066
2022-04-09,Household,118,1770.0,67,5,1,0,15.0,0.0,22.004771961859756,1.1500304141443283
2022-04-10,Household,118,1770.0,67,6,1,0,15.0,0.0,26.322849186416576,0.14292615157029953
2022-04-11,Household,100,1500.0,57,0,0,0,15.0,0.0,21.122747118479012,1.0763704509830858
2022-04-12,Household,82,1230.0,47,1,0,0,15.0,0.0,22.105621042254164,6.52380826038447
2022-04-13,Household,108,1620.0,62,2,0,0,15.0,0.0,28.510629980896603,0.0
2022-04-14,Household,109,1635.0,62,3,0,0,15.0,0.0,24.78311537902649,0.0
2022-04-15,Household,120,1530.0,57,4,0,0,12.75,1.0,22.58819993068367,0.06950622186684052
2022-04-16,Household,141,1797.75,67,5,1,0,12.75,1.0,29.606601104705355,1.4714497416277044
2022-04-17,Household,118,1770.0,67,6,1,0,15.0,0.0,26.29111582706083,0.8054831911091143
2022-04-18,Household,100,1500.0,57,0,0,0,15.0,0.0,24.4900086937604,2.184315207579188
2022-04-19,Household,100,1500.0,57,1,0,0,15.0,0.0,25.848016778334234,2.6245376169140036
2022-04-20,Household,109,1635.0,62,2,0,0,15.0,0.0,24.689604939054135,0.0
2022-04-21,Household,120,1530.0,57,3,0,0,12.75,1.0,25.62134010713469,4.182368303534464
2022-04-22,Household,131,1670.25,62,4,0,0,12.75,1.0,23.293400222864367,0.0
2022-04-23,Household,127,1905.0,72,5,1,0,15.0,0.0,26.68566579135978,0.0
2022-04-24,Household,127,1905.0,72,6,1,0,15.0,0.0,23.453589211483944,0.0
2022-04-25,Household,100,1500.0,57,0,0,0,15.0,0.0,22.88897946770723,1.3249140803142847
2022-04-26,Household,82,1230.0,47,1,0,0,15.0,0.0,24.77732585896789,5.459539244243765
2022-04-27,Household,100,1500.0,57,2,0,0,15.0,0.0,24.760856360442684,0.14226708484261508
2022-04-28,Household,107,1605.0,61,3,0,0,15.0,0.0,23.83307940622372,0.0
2022-04-29,Household,107,1605.0,61,4,0,0,15.0,0.0,23.75071969745855,0.0
2022-04-30,Household,116,1740.0,66,5,1,0,15.0,0.0,25.254047063570646,0.03323942027139837
2022-05-01,Household,116,1740.0,66,6,1,0,15.0,0.0,26.02564349845439,1.75561207173407
2022-05-02,Household,98,1470.0,56,0,0,0,15.0,0.0,19.968821343589152,0.5324286727647951
2022-05-03,Household,98,1470.0,56,1,0,0,15.0,0.0,27.58023860488974,0.29811970880913763
2022-05-04,Household,98,1470.0,56,2,0,0,15.0,0.0,23.57574587300313,0.8579100277312313
2022-05-05,Household,98,1470.0,56,3,0,0,15.0,0.0,25.514971311183803,4.051051458914993
2022-05-06,Household,98,1470.0,56,4,0,0,15.0,0.0,21.563352733541294,
2022-05-07,Household,125,1875.0,71,5,1,0,15.0,0.0,,0.0
2022-05-08,Household,125,1875.0,71,6,1,0,15.0,0.0,23.32136293357696,0.0
2022-05-09,Household,97,1455.0,55,0,0,0,15.0,0.0,20.894692661340965,0.6569937715203193
2022-05-10,Household,96,1440.0,55,1,0,0,15.0,0.0,22.47829135117931,0.31511766974173083
2022-05-11,Household,106,1590.0,60,2,0,0,15.0,0.0,20.91009418555805,0.0
2022-05-12,Household,97,1455.0,55,3,0,0,15.0,0.0,21.236313337677995,0.5226014401362367
2022-05-13,Household,94,1198.5,45,4,0,0,12.75,1.0,25.346756832519933,5.331265235610392
2022-05-14,Household,138,1759.5,65,5,1,0,12.75,1.0,23.190596983535393,1.1069526877560527
2022-05-15,Household,114,1710.0,65,6,1,0,15.0,0.0,21.731825725352536,2.4291465383113846
2022-05-16,Household,96,1440.0,55,0,0,0,15.0,0.0,22.165736765378085,0.9754916530365121
2022-05-17,Household,105,1575.0,60,1,0,0,15.0,0.0,25.306317845739294,0.0
2022-05-18,Household,77,1155.0,44,2,0,0,15.0,0.0,19.352942036559476,6.8485695831503
2022-05-19,Household,95,1425.0,54,3,0,0,15.0,0.0,21.43974720977225,1.135196377500443
2022-05-20,Household,95,1425.0,54,4,0,0,15.0,0.0,22.46648355887449,1.0410013371847544
2022-05-21,Household,122,1830.0,69,5,1,0,15.0,0.0,19.173737623195557,0.0
2022-05-22,Household,122,1830.0,69,6,1,0,15.0,0.0,21.058570521703967,0.0
2022-05-23,Household,77,1155.0,44,0,0,0,15.0,0.0,19.174854257611536,10.543083354270792
2022-05-24,Household,95,1425.0,54,1,0,0,15.0,0.0,20.221473920041497,0.2583814374266371
2022-05-25,Household,125,1593.75,59,2,0,0,12.75,1.0,21.6292539764042,0.0
2022-05-26,Household,112,1428.0,53,3,0,0,12.75,1.0,22.031996157947074,0.6098146114305989
2022-05-27,Household,75,1125.0,43,4,0,0,15.0,0.0,24.0538239254107,5.877223472608284
2022-05-28,Household,111,1665.0,63,5,1,0,15.0,0.0,23.177614749241464,0.6946583873959045
2022-05-29,Household,111,1665.0,63,6,1,0,15.0,0.0,18.911363768014272,3.608167412234592
2022-05-30,Household,102,1530.0,58,0,0,0,15.0,0.0,22.849661201268443,0.0
2022-05-31,Household,93,1395.0,53,1,0,0,15.0,0.0,21.89268684792929,3.603507389178004
2022-06-01,Household,93,1395.0,53,2,0,0,15.0,0.0,20.075435159244783,4.9694302869698115
2022-06-02,Household,100,1500.0,57,3,0,0,15.0,0.0,19.56694597512113,0.0
2022-06-03,Household,100,1500.0,57,4,0,0,15.0,0.0,20.24609315125864,0.0
2022-06-04,Household,118,1770.0,67,5,1,0,15.0,0.0,17.993248222371925,0.0
2022-06-05,Household,131,1670.25,62,6,1,0,12.75,1.0,20.641295082818107,0.7471490566170034
2022-06-06,Household,121,1542.75,57,0,0,0,12.75,1.0,18.335418172580376,0.0
2022-06-07,Household,100,1500.0,57,1,0,0,15.0,0.0,20.584550675090597,0.0
2022-06-08,Household,116,1740.0,66,2,0,0,15.0,0.0,19.94894400541809,11.810744046365771
2022-06-09,Household,135,2025.0,76,3,0,0,15.0,0.0,18.12606736460972,0.06727531854219104
2022-06-10,Household,143,2145.0,81,4,0,0,15.0,0.0,,0.0
2022-06-11,Household,108,1620.0,61,5,1,0,15.0,0.0,15.839583216083389,0.07764387039394172
2022-06-12,Household,108,1620.0,61,6,1,0,15.0,0.0,16.928096562077187,1.162896446975585
2022-06-13,Household,99,1485.0,56,0,0,0,15.0,0.0,18.586473558246443,0.0
2022-06-14,Household,97,1455.0,55,1,0,0,15.0,0.0,18.767067170800395,0.0
2022-06-15,Household,88,1320.0,50,2,0,0,15.0,0.0,16.049146877941837,1.3964930158229203
2022-06-16,Household,117,1491.75,55,3,0,0,12.75,1.0,12.5882968848031,0.0
2022-06-17,Household,106,1351.5,50,4,0,0,12.75,1.0,19.46676789965613,1.830445708935129
2022-06-18,Household,106,1590.0,60,5,1,0,15.0,0.0,19.825078764812876,
2022-06-19,Household,88,1320.0,50,6,1,0,15.0,0.0,15.913151738152445,5.3255544391527305
2022-06-20,Household,86,1290.0,49,0,0,0,15.0,0.0,18.795387296972837,1.1129897117977094
2022-06-21,Household,86,1290.0,49,1,0,0,15.0,0.0,19.08537266670386,2.311789716022084
2022-06-22,Household,86,1290.0,49,2,0,0,15.0,0.0,17.744537656771364,0.14593961358565766
2022-06-23,Household,95,1425.0,54,3,0,0,15.0,0.0,20.179893001758437,0.0
2022-06-24,Household,86,1290.0,49,4,0,0,15.0,0.0,15.508216094040797,0.14727773495160346
2022-06-25,Household,104,1560.0,59,5,1,0,15.0,0.0,14.318180993988278,1.3480354793804081
2022-06-26,Household,102,1530.0,58,6,1,0,15.0,0.0,18.28463060501319,0.1892234469823666
2022-06-27,Household,139,2085.0,78,0,0,0,15.0,0.0,13.4812731358777,0.0
2022-06-28,Household,130,1950.0,73,1,0,0,15.0,0.0,13.785500157776605,
2022-06-29,Household,130,1950.0,73,2,0,0,15.0,0.0,13.2915481341973,3.8268844667447572
2022-06-30,Household,85,1275.0,48,3,0,0,15.0,0.0,13.38771405162803,3.1004809202298222
2022-07-01,Household,101,1287.75,48,4,0,0,12.75,1.0,17.825392332335294,0.18642023807783104
2022-07-02,Household,121,1542.75,57,5,1,0,12.75,1.0,18.672136308397125,3.3529183363024746
2022-07-03,Household,101,1515.0,57,6,1,0,15.0,0.0,14.961639216997618,4.07695737205014
2022-07-04,Household,110,1650.0,62,0,0,1,15.0,0.0,13.929207591610512,0.9898423183033402
2022-07-05,Household,83,1245.0,47,1,0,0,15.0,0.0,11.22568328878743,2.1823546627026076
2022-07-06,Household,83,1245.0,47,2,0,0,15.0,0.0,15.152515978036952,
2022-07-07,Household,100,1275.0,47,3,0,0,12.75,1.0,14.327066804163579,1.4494013229863087
2022-07-08,Household,97,1236.75,46,4,0,0,12.75,1.0,17.41569414388802,3.1567066680125944
2022-07-09,Household,81,1215.0,46,5,1,0,15.0,0.0,12.238467357237361,5.463870133613763
2022-07-10,Household,99,1485.0,56,6,1,0,15.0,0.0,13.532659006053215,1.322158420633058
2022-07-11,Household,81,1215.0,46,0,0,0,15.0,0.0,13.63195803705987,0.05922219768938186
2022-07-12,Household,81,1215.0,46,1,0,0,15.0,0.0,15.388611921472885,0.6892070018383845
2022-07-13,Household,81,1215.0,46,2,0,0,15.0,0.0,13.773808252758727,1.5154210440861968
2022-07-14,Household,96,1224.0,45,3,0,0,12.75,1.0,10.827574845804275,1.1600784520542402
2022-07-15,Household,95,1211.25,45,4,0,0,12.75,1.0,13.922889087495856,1.3530907289523841
2022-07-16,Household,97,1455.0,55,5,1,0,15.0,0.0,14.126215809346611,0.45763397078943124
2022-07-17,Household,106,1590.0,60,6,1,0,15.0,0.0,12.603127081745233,0.0
2022-07-18,Household,79,1185.0,45,0,0,0,15.0,0.0,13.070119500854231,0.42782553888266084
2022-07-19,Household,79,1185.0,45,1,0,0,15.0,0.0,14.779773881670648,0.9588210041093703
2022-07-20,Household,78,1170.0,44,2,0,0,15.0,0.0,10.283255251074552,0.5775148176353135
2022-07-21,Household,87,1305.0,49,3,0,0,15.0,0.0,9.051866987904308,0.0
2022-07-22,Household,87,1305.0,49,4,0,0,15.0,0.0,9.764035699900864,0.0
2022-07-23,Household,78,1170.0,44,5,1,0,15.0,0.0,11.572405843206806,5.655614502017644
2022-07-24,Household,96,1440.0,54,6,1,0,15.0,0.0,12.302799009780436,2.9897848147851454
2022-07-25,Household,77,1155.0,44,0,0,0,15.0,0.0,14.37019302745363,3.950962515815543
2022-07-26,Household,76,1140.0,43,1,0,0,15.0,0.0,14.004221590575295,1.6715325523313616
2022-07-27,Household,76,1140.0,43,2,0,0,15.0,0.0,8.410140199221415,1.7324544368175152
2022-07-28,Household,85,1275.0,48,3,0,0,15.0,0.0,9.675338823652147,0.0
2022-07-29,Household,85,1275.0,48,4,0,0,15.0,0.0,9.141460945237826,0.0
2022-07-30,Household,103,1545.0,58,5,1,0,15.0,0.0,5.469700760789581,
2022-07-31,Household,103,1545.0,58,6,1,0,15.0,0.0,10.876913904142176,0.0
2022-08-01,Household,76,1140.0,43,0,0,0,15.0,0.0,9.326349980723965,3.1666580528224397
2022-08-02,Household,83,1245.0,47,1,0,0,15.0,0.0,12.677815953614736,0.0
