store_sales_forecasting_raw.csv
Date,Product_Category,Units_Sold,Daily_Revenue,Demand_Index,Day_of_Week,Is_Weekend,Is_Holiday,Price,Is_On_Sale,Avg_Daily_Temperature,Rainfall_mm
2022-08-03,Household,74,1110.0,42,2,0,0,15.0,0.0,9.225644083520585,1.621275296876536
2022-08-04,Household,74,1110.0,42,3,0,0,15.0,0.0,13.164747358598744,1.6012995049871757
2022-08-05,Household,74,1110.0,42,4,0,0,15.0,0.0,,4.777038978417867
2022-08-06,Household,101,1515.0,57,5,1,0,15.0,0.0,10.65854386893321,
2022-08-07,Household,92,1380.0,52,6,1,0,15.0,0.0,7.415145209528229,3.4870475839144506
2022-08-08,Household,83,1245.0,47,0,0,0,15.0,0.0,7.911313439841642,0.0
2022-08-09,Household,73,1095.0,41,1,0,0,15.0,0.0,9.336396875805958,1.372182609561178
2022-08-10,Household,73,1095.0,41,2,0,0,15.0,0.0,6.844900473984005,0.3997983213773131
2022-08-11,Household,73,1095.0,41,3,0,0,15.0,0.0,8.64264015945518,0.003145491561010294
2022-08-12,Household,55,825.0,31,4,0,0,15.0,0.0,6.385583317384809,6.14884793878945
2022-08-13,Household,99,1485.0,56,5,1,0,15.0,0.0,10.342108044261682,0.0
2022-08-14,Household,90,1350.0,51,6,1,0,15.0,0.0,10.865399490556076,0.9809381339466594
2022-08-15,Household,82,1230.0,46,0,0,0,15.0,0.0,6.772409501221484,0.0
2022-08-16,Household,71,1065.0,40,1,0,0,15.0,0.0,7.229662896913772,
2022-08-17,Household,753,11295.0,45,2,0,0,15.0,0.0,6.453054522079722,0.0
2022-08-18,Household,80,1200.0,45,3,0,0,15.0,0.0,,0.0
2022-08-19,Household,80,1200.0,45,4,0,0,15.0,0.0,3.438098095705307,0.0
2022-08-20,Household,98,1470.0,55,5,1,0,15.0,0.0,8.021311607079927,0.0
2022-08-21,Household,89,1335.0,50,6,1,0,15.0,0.0,2.580549794155959,0.6289483438571355
2022-08-22,Household,71,1065.0,40,0,0,0,15.0,0.0,6.275692509522535,1.750694847056117
2022-08-23,Household,71,1065.0,40,1,0,0,15.0,0.0,6.852966502713846,1.0572604049476126
2022-08-24,Household,71,1065.0,40,2,0,0,15.0,0.0,8.035344149002547,0.316211303118789
2022-08-25,Household,69,1035.0,39,3,0,0,15.0,0.0,8.524138399872882,0.06880638976718645
2022-08-26,Household,69,1035.0,39,4,0,0,15.0,0.0,5.5518411830887775,2.6506123900141754
2022-08-27,Household,87,1305.0,49,5,1,0,15.0,0.0,5.668750296494174,1.06841277079779
2022-08-28,Household,87,1305.0,49,6,1,0,15.0,0.0,3.673804123832932,3.753450191481499
2022-08-29,Household,69,1035.0,39,0,0,0,15.0,0.0,5.427727598055345,0.5732448948534163
2022-08-30,Household,69,1035.0,39,1,0,0,15.0,0.0,5.235312096783379,2.6855708008443435
2022-08-31,Household,78,1170.0,44,2,0,0,15.0,0.0,9.662946545999496,0.0
2022-09-01,Household,69,1035.0,39,3,0,0,15.0,0.0,6.01746166670564,0.3427392834163254
2022-09-02,Household,78,1170.0,44,4,0,0,15.0,0.0,9.70595076536043,0.0
2022-09-03,Household,87,1305.0,49,5,1,0,15.0,0.0,10.05003977645203,
2022-09-04,Household,96,1440.0,54,6,1,0,15.0,0.0,6.556481739771538,0.0
2022-09-05,Household,68,1020.0,38,0,0,0,15.0,0.0,3.536487222782336,1.3769417229400256
2022-09-06,Household,68,1020.0,38,1,0,0,15.0,0.0,4.318854037068943,2.7892169958190927
2022-09-07,Household,67,1005.0,38,2,0,0,15.0,0.0,6.627016057960797,1.0668668286559755
2022-09-08,Household,76,1140.0,43,3,0,0,15.0,0.0,6.172441482632771,0.0
2022-09-09,Household,67,1005.0,38,4,0,0,15.0,0.0,7.326112062907284,2.0816318717217794
2022-09-10,Household,94,1410.0,53,5,1,0,15.0,0.0,,0.0
2022-09-11,Household,86,1290.0,48,6,1,0,15.0,0.0,4.748640946233489,2.211326235568493
2022-09-12,Household,68,1020.0,38,0,0,0,15.0,0.0,4.920493389340658,0.08979162644857452
2022-09-13,Household,67,1005.0,38,1,0,0,15.0,0.0,6.557004359990724,0.14088754446285345
2022-09-14,Household,67,1005.0,38,2,0,0,15.0,0.0,6.501294195783976,0.15884240255075732
2022-09-15,Household,81,1032.75,38,3,0,0,12.75,1.0,4.627459649381815,0.03941996026639094
2022-09-16,Household,81,1032.75,38,4,0,0,12.75,1.0,5.201585599357728,0.3146193583333352
2022-09-17,Household,86,1290.0,48,5,1,0,15.0,0.0,4.8387597443312815,0.18894925836680443
2022-09-18,Household,67,1005.0,38,6,1,0,15.0,0.0,6.06537070386699,6.249234366876768
2022-09-19,Household,68,1020.0,38,0,0,0,15.0,0.0,4.725026063988225,1.4133142535070906
2022-09-20,Household,77,1155.0,43,1,0,0,15.0,0.0,2.080267161847377,0.0
2022-09-21,Household,77,1155.0,43,2,0,0,15.0,0.0,5.194650073401837,0.0
2022-09-22,Household,77,1155.0,43,3,0,0,15.0,0.0,3.2824887081400203,0.0
2022-09-23,Household,68,1020.0,38,4,0,0,15.0,0.0,4.559502949131802,3.9623521583277324
2022-09-24,Household,95,1425.0,53,5,1,0,15.0,0.0,4.840748382149672,0.0
2022-09-25,Household,86,1290.0,48,6,1,0,15.0,0.0,4.050273765178629,0.2706431233089688
2022-09-26,Household,53,795.0,30,0,0,0,15.0,0.0,5.372200363431494,11.856706991653429
2022-09-27,Household,76,1140.0,43,1,0,0,15.0,0.0,6.743519245921034,0.0
2022-09-28,Household,67,1005.0,38,2,0,0,15.0,0.0,6.538567675316294,3.5550323857328667
2022-09-29,Household,68,1020.0,38,3,0,0,15.0,0.0,1.0141932628147812,0.45048963212886495
2022-09-30,Household,77,1155.0,43,4,0,0,15.0,0.0,3.053922025780119,0.0
2022-10-01,Household,86,1290.0,48,5,1,0,15.0,0.0,1.7405312082837967,2.623635882065242
2022-10-02,Household,85,1275.0,48,6,1,0,15.0,0.0,5.95083098219193,0.17857317413323193
2022-10-03,Household,76,1140.0,43,0,0,0,15.0,0.0,6.147966909919589,0.0
2022-10-04,Household,68,1020.0,38,1,0,0,15.0,0.0,4.756162616860944,2.9536600970763063
2022-10-05,Household,77,1155.0,43,2,0,0,15.0,0.0,4.327284917276386,0.0
2022-10-06,Household,68,1020.0,38,3,0,0,15.0,0.0,4.519286000092054,0.8454454196971293
2022-10-07,Household,76,1140.0,43,4,0,0,15.0,0.0,5.458007088580608,0.0
2022-10-08,Household,95,1425.0,53,5,1,0,15.0,0.0,3.6705882125688087,0.0
2022-10-09,Household,68,1020.0,38,6,1,0,15.0,0.0,3.178191505925644,5.902962030910619
2022-10-10,Household,113,1695.0,63,0,0,0,15.0,0.0,4.372545875971648,0.7674941995749334
2022-10-11,Household,113,1695.0,63,1,0,0,15.0,0.0,4.060507517430054,2.0128846314640656
2022-10-12,Household,122,1830.0,68,2,0,0,15.0,0.0,3.317685081152206,0.0
2022-10-13,Household,67,1005.0,38,3,0,0,15.0,0.0,9.102682599358454,1.8527914268504229
2022-10-14,Household,68,1020.0,38,4,0,0,15.0,0.0,0.43899776281433134,1.3131489040127455
2022-10-15,Household,85,1275.0,48,5,1,0,15.0,0.0,6.411877278435075,1.7294800768834153
2022-10-16,Household,103,1313.25,48,6,1,0,12.75,1.0,7.981349221251872,0.7006683548756631
2022-10-17,Household,81,1032.75,38,0,0,0,12.75,1.0,4.868924772275691,2.4622914026637375
2022-10-18,Household,68,1020.0,38,1,0,0,15.0,0.0,3.7266271479438204,1.5375938038881172
2022-10-19,Household,68,1020.0,38,2,0,0,15.0,0.0,5.194076589838023,3.2740824346888333
2022-10-20,Household,67,1005.0,38,3,0,0,15.0,0.0,6.705608186743337,1.0546365658913137
2022-10-21,Household,67,1005.0,38,4,0,0,15.0,0.0,6.667435479048396,0.842593476904091
2022-10-22,Household,85,1275.0,48,5,1,0,15.0,0.0,6.705194841992437,0.4752611940832825
2022-10-23,Household,95,1425.0,53,6,1,0,15.0,0.0,4.1565230565416496,0.0
2022-10-24,Household,53,795.0,30,0,0,0,15.0,0.0,6.578228425181981,5.692482967503701
2022-10-25,Household,67,1005.0,38,1,0,0,15.0,0.0,6.790307124350088,0.9605419031338864
2022-10-26,Household,67,1005.0,38,2,0,0,15.0,0.0,6.828518428233107,0.295380617801132
2022-10-27,Household,53,795.0,30,3,0,0,15.0,0.0,5.058926695366156,5.58768047616958
2022-10-28,Household,69,1035.0,39,4,0,0,15.0,0.0,7.1257179081967035,0.13769366395887994
2022-10-29,Household,88,1320.0,49,5,1,0,15.0,0.0,2.6021529130624663,0.8325554116553611
2022-10-30,Household,87,1305.0,49,6,1,0,15.0,0.0,7.635028986810278,2.904116510229641
2022-10-31,Household,78,1170.0,44,0,0,0,15.0,0.0,8.822850260907089,0.0
2022-11-01,Household,69,1035.0,39,1,0,0,15.0,0.0,5.116069135548239,1.201919293448357
2022-11-02,Household,78,1170.0,44,2,0,0,15.0,0.0,5.0160825004489045,0.0
2022-11-03,Household,78,1170.0,44,3,0,0,15.0,0.0,4.86399550744844,0.0
2022-11-04,Household,69,1035.0,39,4,0,0,15.0,0.0,5.267907196659928,0.7908562279707627
2022-11-05,Household,87,1305.0,49,5,1,0,15.0,0.0,9.195932688341909,2.2808216422251695
2022-11-06,Household,69,1035.0,39,6,1,0,15.0,0.0,7.201359118867811,5.0931052664996646
2022-11-07,Household,53,795.0,30,0,0,0,15.0,0.0,6.120093158297461,6.41863146110256
2022-11-08,Household,80,1200.0,45,1,0,0,15.0,0.0,7.767947161916785,109.0549689483752
2022-11-09,Household,80,1200.0,45,2,0,0,15.0,0.0,9.717243272673214,0.0
2022-11-10,Household,53,795.0,30,3,0,0,15.0,0.0,8.372294674774786,12.183082752080116
2022-11-11,Household,85,1083.75,40,4,0,0,12.75,1.0,8.060403784924782,0.12673584985219888
2022-11-12,Household,118,1504.5,55,5,1,0,12.75,1.0,4.311440823883994,0.0
2022-11-13,Household,98,1470.0,55,6,1,0,15.0,0.0,6.924340788142656,0.0
2022-11-14,Household,71,1065.0,40,0,0,0,15.0,0.0,10.779629835783751,0.3626858595594411
2022-11-15,Household,80,1200.0,45,1,0,0,15.0,0.0,5.117482640327081,0.0
2022-11-16,Household,80,1200.0,45,2,0,0,15.0,0.0,5.466492486982107,0.0
2022-11-17,Household,73,1095.0,41,3,0,0,15.0,0.0,7.027485836820099,3.7039725430967234
2022-11-18,Household,82,1230.0,46,4,0,0,15.0,0.0,8.432315439578275,0.0
2022-11-19,Household,90,1350.0,51,5,1,0,15.0,0.0,9.597166876506867,2.8400150146964696
2022-11-20,Household,73,1095.0,41,6,1,0,15.0,0.0,6.769392357261229,8.148694158918321
2022-11-21,Household,73,1095.0,41,0,0,0,15.0,0.0,6.556686073073564,2.8798222489913807
2022-11-22,Household,72,1080.0,41,1,0,0,15.0,,9.763053448748115,1.6367031411463953
2022-11-23,Household,72,1080.0,41,2,0,0,15.0,0.0,10.813332556112016,0.24115335514886027
2022-11-24,Household,74,1110.0,42,3,0,0,15.0,,9.058707295397028,0.5527096508526306
2022-11-25,Household,74,1110.0,42,4,0,0,15.0,0.0,11.838469082012695,0.35246787271812097
2022-11-26,Household,92,1380.0,52,5,1,0,15.0,0.0,10.643586823137037,0.2143709726540579
2022-11-27,Household,111,1415.25,52,6,1,0,12.75,1.0,8.25198677998033,0.7497626232693129
2022-11-28,Household,90,1147.5,42,0,0,0,12.75,1.0,7.32191519057307,4.339072807531622
2022-11-29,Household,74,1110.0,42,1,0,0,15.0,0.0,10.44577518915449,1.3269129257876662
2022-11-30,Household,83,1245.0,47,2,0,0,15.0,0.0,12.601352485009082,0.0
2022-12-01,Household,85,1275.0,48,3,0,0,15.0,0.0,8.007311438727157,0.0
2022-12-02,Household,121,1815.0,68,4,0,0,15.0,0.0,5.739340900746227,0.5348790308684168
2022-12-03,Household,139,2085.0,78,5,1,0,15.0,0.0,12.501756167105409,0.13369598216198209
2022-12-04,Household,139,2085.0,78,6,1,0,15.0,0.0,13.67488790115798,0.041133457241699256
2022-12-05,Household,76,1140.0,43,0,0,0,15.0,0.0,10.45951912895707,1.8660608376638548
2022-12-06,Household,102,1300.5,48,1,0,0,12.75,1.0,11.486739386652426,0.0
2022-12-07,Household,103,1313.25,48,2,0,0,12.75,1.0,8.79001508258904,0.0
2022-12-08,Household,94,1198.5,44,3,0,0,12.75,1.0,10.945798530969947,0.4124064405778496
2022-12-09,Household,94,1198.5,44,4,0,0,12.75,1.0,8.304820427050359,3.104263280492102
2022-12-10,Household,96,1440.0,54,5,1,0,15.0,0.0,12.754685133007168,0.6914663293922618
2022-12-11,Household,96,1440.0,54,6,1,0,15.0,0.0,11.444939927994964,1.8929969812455307
2022-12-12,Household,78,1170.0,44,0,0,0,15.0,0.0,9.758991214237152,1.7422880177340456
2022-12-13,Household,78,1170.0,44,1,0,0,15.0,0.0,11.862031768341565,0.9465885723366749
2022-12-14,Household,80,1200.0,45,2,0,0,15.0,0.0,11.25997654310568,3.168145299273881
2022-12-15,Household,79,1185.0,45,3,0,0,15.0,0.0,18.1591295227951,0.2182608519205227
2022-12-16,Household,79,1185.0,45,4,0,0,15.0,0.0,11.884928534890479,1.0942943815170598
2022-12-17,Household,117,1491.75,55,5,1,0,12.75,1.0,14.406638293093744,0.02073022609810793
2022-12-18,Household,128,1632.0,60,6,1,0,12.75,1.0,14.197237161468836,0.0
2022-12-19,Household,89,1335.0,50,0,0,0,15.0,0.0,11.0061151065901,0.0
2022-12-20,Household,81,1215.0,46,1,0,0,15.0,0.0,16.942293035728134,0.42904461940322314
2022-12-21,Household,90,1350.0,51,2,0,0,15.0,0.0,15.758809334900114,0.0
2022-12-22,Household,81,1215.0,46,3,0,0,15.0,0.0,15.967393984475038,0.016999958422704076
2022-12-23,Household,81,1215.0,46,4,0,0,15.0,0.0,12.867200629981005,1.4465025481737248
2022-12-24,Household,99,1485.0,56,5,1,0,15.0,0.0,11.95944247429579,
2022-12-25,Household,126,1890.0,71,6,1,1,15.0,0.0,14.352506910830183,0.6527668585240947
2022-12-26,Household,92,1380.0,52,0,0,0,15.0,0.0,14.790726396989545,0.0
2022-12-27,Household,92,1380.0,52,1,0,0,15.0,0.0,13.580793398475462,0.0
2022-12-28,Household,111,1415.25,52,2,0,0,12.75,1.0,14.535172247823503,0.0
2022-12-29,Household,99,1262.25,47,3,0,0,12.75,1.0,16.808985678893414,2.0455176301370774
2022-12-30,Household,83,1245.0,47,4,0,0,15.0,0.0,13.614977275688755,0.28903362767449514
2022-12-31,Household,101,1515.0,57,5,1,0,15.0,0.0,14.934301644886546,1.6921806600925757
2023-01-01,Household,133,1995.0,75,6,1,1,15.0,0.0,18.877578258653163,1.1441532057423327
2023-01-02,Household,88,1320.0,50,0,0,0,15.0,0.0,13.050240414242417,0.3055425698113039
2023-01-03,Household,88,1320.0,50,1,0,0,15.0,0.0,16.076436675226454,0.3442759910139086
2023-01-04,Household,88,1320.0,50,2,0,0,15.0,0.0,20.184426626063992,2.4765887021353388
2023-01-05,Household,88,1320.0,50,3,0,0,15.0,0.0,15.34061065288996,0.4370845093515747
2023-01-06,Household,90,1350.0,51,4,0,0,15.0,0.0,17.81415423463218,2.5028381573707486
2023-01-07,Household,117,1755.0,66,5,1,0,15.0,0.0,15.377209513141631,0.0
2023-01-08,Household,108,1620.0,61,6,1,0,15.0,0.0,17.678426578556117,0.2302346044572945
2023-01-09,Household,90,1350.0,51,0,0,0,15.0,0.0,,2.561402668153005
2023-01-10,Household,957,14355.0,56,1,0,0,15.0,0.0,16.44009316661126,0.0
2023-01-11,Household,72,1080.0,41,2,0,0,15.0,0.0,17.875043999468414,6.237426836850156
2023-01-12,Household,74,1110.0,42,3,0,0,15.0,0.0,12.864103351072433,7.903254086909934
2023-01-13,Household,91,1365.0,52,4,0,0,15.0,0.0,23.999516733412605,0.7755863797076206
2023-01-14,Household,109,1635.0,62,5,1,0,15.0,0.0,21.38931161587765,0.45776091968435995
2023-01-15,Household,110,1650.0,62,6,1,0,15.0,0.0,16.89014170975939,1.8144611662362498
2023-01-16,Household,91,1365.0,52,0,0,0,15.0,0.0,19.539940316775677,2.34393887192615
2023-01-17,Household,92,1380.0,52,1,0,0,15.0,0.0,15.224991776058193,0.25885099872634254
2023-01-18,Household,93,1395.0,53,2,0,0,15.0,0.0,18.779581093247348,2.7285664290472424
2023-01-19,Household,93,1395.0,53,3,0,0,15.0,0.0,20.254185016306018,0.9491069559368177
2023-01-20,Household,93,1395.0,53,4,0,0,15.0,0.0,18.011974931332634,2.0099117013708616
2023-01-21,Household,120,1800.0,68,5,1,0,15.0,0.0,20.81745028483487,
2023-01-22,Household,111,1665.0,63,6,1,0,15.0,0.0,17.843937714420044,
2023-01-23,Household,102,1530.0,58,0,0,0,15.0,0.0,19.960092694089067,0.0
2023-01-24,Household,104,1560.0,59,1,0,0,15.0,0.0,21.644556483853354,0.0
2023-01-25,Household,95,1425.0,54,2,0,0,15.0,0.0,16.429011366860063,0.2980277008211589
2023-01-26,Household,95,1425.0,54,3,0,0,15.0,0.0,19.24494474494016,1.6045828937783955
2023-01-27,Household,95,1425.0,54,4,0,0,15.0,0.0,18.10825367165603,0.7367564932674464
2023-01-28,Household,113,1695.0,64,5,1,0,15.0,0.0,22.40892780188739,0.06494053520149778
2023-01-29,Household,113,1695.0,64,6,1,0,15.0,0.0,20.37184055241206,1.6514023273260734
2023-01-30,Household,114,1453.5,54,0,0,0,12.75,1.0,19.59890214550707,3.8677350598090747
2023-01-31,Household,116,1479.0,55,1,0,0,12.75,1.0,20.537925911100995,3.441464396403336
2023-02-01,Household,96,1440.0,55,2,0,0,15.0,0.0,21.570007168316007,1.9897528010632266
2023-02-02,Household,96,1440.0,55,3,0,0,15.0,,21.793424530836557,1.6647882521503874
2023-02-03,Household,116,1479.0,55,4,0,0,12.75,1.0,20.906091934154777,0.36882832058327075
2023-02-04,Household,138,1759.5,65,5,1,0,12.75,1.0,22.577348768803446,2.2134574818118757
2023-02-05,Household,124,1860.0,70,6,1,0,15.0,0.0,17.976814071086935,0.0
2023-02-06,Household,97,1455.0,55,0,0,0,15.0,0.0,18.36342501364194,2.0132433258626063
2023-02-07,Household,99,1485.0,56,1,0,0,15.0,0.0,19.28102225335188,0.19465947576722797
2023-02-08,Household,98,1470.0,56,2,0,0,15.0,0.0,20.63366801222637,1.1554885577293077
2023-02-09,Household,98,1470.0,56,3,0,0,15.0,0.0,22.22217975010883,1.2912396447252759
2023-02-10,Household,98,1470.0,56,4,0,0,15.0,0.0,21.482014815482298,0.4971004897185902
2023-02-11,Household,125,1875.0,71,5,1,0,15.0,0.0,22.855730376495615,0.0
2023-02-12,Household,116,1740.0,66,6,1,0,15.0,0.0,21.947267706171836,0.8908653851473378
2023-02-13,Household,129,1644.75,61,0,0,0,12.75,1.0,22.653074195348555,0.0
2023-02-14,Household,118,1504.5,56,1,0,0,12.75,1.0,22.851041699901376,1.5143429922643645
2023-02-15,Household,100,1500.0,57,2,0,0,15.0,0.0,23.44187600737352,2.6284188624616833
2023-02-16,Household,100,1500.0,57,3,0,0,15.0,0.0,22.790041850483174,1.6919405937645537
2023-02-17,Household,121,1542.75,57,4,0,0,12.75,1.0,19.45881553475243,0.4905644919038741
2023-02-18,Household,142,1810.5,67,5,1,0,12.75,1.0,22.85328303207618,2.526733691308695
2023-02-19,Household,127,1905.0,72,6,1,0,15.0,0.0,21.404533002961966,0.0
2023-02-20,Household,100,1500.0,57,0,0,0,15.0,0.0,18.409249820057383,1.9761032406765353
2023-02-21,Household,120,1530.0,57,1,0,0,12.75,1.0,24.62685540698099,0.25605411596734085
2023-02-22,Household,121,1542.75,57,2,0,0,12.75,1.0,,0.7105812064700228
2023-02-23,Household,102,1530.0,58,3,0,0,15.0,0.0,23.337466702329426,1.6668528431297016
2023-02-24,Household,111,1665.0,63,4,0,0,15.0,,23.894775095902144,0.0
2023-02-25,Household,120,1800.0,68,5,1,0,15.0,0.0,23.442578191747735,2.044035824035132
2023-02-26,Household,128,1920.0,73,6,1,0,15.0,,25.811235026505578,0.0
2023-02-27,Household,102,1530.0,58,0,0,0,15.0,0.0,22.366783924150962,2.5935050634997445
2023-02-28,Household,111,1665.0,63,1,0,0,15.0,0.0,20.606934179562273,0.0
2023-03-01,Household,84,1260.0,48,2,0,0,15.0,0.0,25.015017936849667,15.23518993382353
2023-03-02,Household,101,1515.0,58,3,0,0,15.0,0.0,26.43303731240643,0.23676305095109362
2023-03-03,Household,102,1530.0,58,4,0,0,15.0,0.0,21.97027428996095,1.114328781728823
2023-03-04,Household,129,1935.0,73,5,1,0,15.0,0.0,22.909298276920374,0.0
2023-03-05,Household,129,1935.0,73,6,1,0,15.0,0.0,23.968287391759375,0.0
2023-03-06,Household,102,1530.0,58,0,0,0,15.0,0.0,21.85988666915249,0.651864206874901
2023-03-07,Household,113,1695.0,64,1,0,0,15.0,0.0,21.194154148455823,0.0
