store_sales_forecasting_raw.csv
Date,Product_Category,Units_Sold,Daily_Revenue,Demand_Index,Day_of_Week,Is_Weekend,Is_Holiday,Price,Is_On_Sale,Avg_Daily_Temperature,Rainfall_mm
2023-03-08,Household,103,1545.0,59,2,0,0,15.0,0.0,25.575749843541153,0.18654956582670978
2023-03-09,Household,157,2355.0,89,3,0,0,15.0,0.0,26.484578709725085,0.0
2023-03-10,Household,148,2220.0,84,4,0,0,15.0,0.0,26.763232051982953,1.1669873724181379
2023-03-11,Household,210,2677.5,99,5,1,0,12.75,1.0,28.795461090290647,0.0
2023-03-12,Household,211,2690.25,99,6,1,0,12.75,1.0,22.717100499850368,0.0
2023-03-13,Household,157,2355.0,89,0,0,0,15.0,0.0,27.28533283742049,0.0
2023-03-14,Household,148,2220.0,84,1,0,0,15.0,0.0,25.989230356602757,1.5564333101024705
2023-03-15,Household,103,1545.0,59,2,0,0,15.0,0.0,23.82439452131752,2.3225032580176888
2023-03-16,Household,112,1680.0,64,3,0,0,15.0,0.0,25.23948043765366,0.0
2023-03-17,Household,103,1545.0,59,4,0,0,15.0,0.0,23.51221570076331,0.14610641461360507
2023-03-18,Household,130,1950.0,74,5,1,0,15.0,0.0,27.610673221424662,0.0
2023-03-19,Household,121,1815.0,69,6,1,0,15.0,0.0,26.808122662600983,0.8774414425475003
2023-03-20,Household,103,1545.0,59,0,0,0,15.0,0.0,24.80052331697823,4.824475784972323
2023-03-21,Household,103,1313.25,49,1,0,0,12.75,1.0,25.29087931498727,5.545545921982382
2023-03-22,Household,124,1581.0,59,2,0,0,12.75,1.0,25.953305376662374,0.6322580051626576
2023-03-23,Household,103,1545.0,59,3,0,0,15.0,0.0,26.508344704890682,2.5205474388047935
2023-03-24,Household,103,1545.0,59,4,0,0,15.0,0.0,24.3767493009527,0.46201904006041583
2023-03-25,Household,146,1861.5,69,5,1,0,12.75,1.0,24.53848042812556,0.7031511007937314
2023-03-26,Household,146,1861.5,69,6,1,0,12.75,1.0,23.04699991174451,2.5662852309490005
2023-03-27,Household,104,1560.0,59,0,0,0,15.0,0.0,21.89064790809286,1.278538456511987
2023-03-28,Household,103,1545.0,59,1,0,0,15.0,0.0,27.726341631934876,0.2261554244402879
2023-03-29,Household,103,1545.0,59,2,0,0,15.0,0.0,23.62099094595772,0.7075899340274656
2023-03-30,Household,103,1545.0,59,3,0,0,15.0,0.0,24.21927287194609,1.7340740166677162
2023-03-31,Household,86,1290.0,49,4,0,0,15.0,0.0,,6.0881969950980945
2023-04-01,Household,123,1845.0,70,5,1,0,15.0,0.0,,2.8725872278379296
2023-04-02,Household,130,1950.0,74,6,1,0,15.0,0.0,25.382049042047814,0.0
2023-04-03,Household,103,1545.0,59,0,0,0,15.0,0.0,25.964774199977278,0.331136623899531
2023-04-04,Household,103,1545.0,59,1,0,0,15.0,0.0,24.86961604329237,1.195013409936069
2023-04-05,Household,112,1680.0,64,2,0,0,15.0,0.0,28.26882963921635,0.0
2023-04-06,Household,124,1581.0,59,3,0,0,12.75,1.0,24.398788076181223,1.7467179251658131
2023-04-07,Household,124,1581.0,59,4,0,0,12.75,1.0,24.16752117602269,1.8819490718032639
2023-04-08,Household,130,1950.0,74,5,1,0,15.0,0.0,24.71340843281699,0.0
2023-04-09,Household,121,1815.0,69,6,1,0,15.0,0.0,23.612333983991643,4.737904276647886
2023-04-10,Household,103,1545.0,59,0,0,0,15.0,0.0,29.399857124056318,0.0025896003492318354
2023-04-11,Household,112,1680.0,64,1,0,0,15.0,0.0,25.528301138081755,0.0
2023-04-12,Household,124,1581.0,59,2,0,0,12.75,1.0,24.858293448688606,0.23786858626057628
2023-04-13,Household,124,1581.0,59,3,0,0,12.75,1.0,27.830481053097028,0.8483456674211389
2023-04-14,Household,103,1545.0,59,4,0,0,15.0,0.0,25.537376925447536,0.9290262839792314
2023-04-15,Household,121,1815.0,69,5,1,0,15.0,0.0,29.212594472401456,3.554241929170548
2023-04-16,Household,146,1861.5,69,6,1,0,12.75,1.0,25.910189547257296,0.3354891543238936
2023-04-17,Household,125,1593.75,59,0,0,0,12.75,1.0,20.899646945114227,4.6011432355929465
2023-04-18,Household,,,64,1,0,0,15.0,0.0,22.129004608620715,0.0
2023-04-19,Household,103,1545.0,59,2,0,0,15.0,0.0,24.74579942191674,0.8029497756447115
2023-04-20,Household,124,1581.0,59,3,0,0,12.75,1.0,27.97632982116643,0.6230454702533459
2023-04-21,Household,136,1734.0,64,4,0,0,12.75,1.0,21.76895693116519,0.0
2023-04-22,Household,103,1545.0,59,5,1,0,15.0,0.0,24.166267256708846,7.440867051140101
2023-04-23,Household,121,1815.0,69,6,1,0,15.0,0.0,27.30468942270575,0.7534744489569476
2023-04-24,Household,103,1545.0,59,0,0,0,15.0,0.0,23.48717946720187,1.934481995205381
2023-04-25,Household,104,1560.0,59,1,0,0,15.0,0.0,21.600915245075484,0.292471506908345
2023-04-26,Household,103,1545.0,59,2,0,0,15.0,0.0,26.0565362284051,1.238445447175617
2023-04-27,Household,104,1560.0,59,3,0,0,15.0,0.0,21.218937256760725,0.2058061628312735
2023-04-28,Household,122,1555.5,58,4,0,0,12.75,1.0,23.878148091935394,0.2664458066080535
2023-04-29,Household,122,1555.5,58,5,1,0,12.75,1.0,24.526696611619215,6.166208091435396
2023-04-30,Household,129,1935.0,73,6,1,0,15.0,0.0,23.579118888732566,0.0
2023-05-01,Household,111,1665.0,63,0,0,0,15.0,0.0,22.06049464689097,0.0
2023-05-02,Household,102,1530.0,58,1,0,0,15.0,0.0,24.38360302708599,0.5627746130065256
2023-05-03,Household,122,1555.5,58,2,0,0,12.75,1.0,24.81340473158243,3.4363537903393357
2023-05-04,Household,176,2244.0,83,3,0,0,12.75,1.0,24.591006202929194,1.246427129985546
2023-05-05,Household,147,2205.0,83,4,0,0,15.0,0.0,24.961215975839146,3.8424320584378577
2023-05-06,Household,174,2610.0,98,5,1,0,15.0,0.0,24.59035620419207,0.0
2023-05-07,Household,129,1935.0,73,6,1,0,15.0,0.0,24.21813147415813,0.0
2023-05-08,Household,102,1530.0,58,0,0,0,15.0,,22.262075037974963,2.420799602169194
2023-05-09,Household,100,1500.0,57,1,0,0,15.0,0.0,20.278593266908675,0.27919088839207196
2023-05-10,Household,100,1500.0,57,2,0,0,15.0,0.0,18.992554439813187,0.5373937722569067
2023-05-11,Household,99,1485.0,57,3,0,0,15.0,0.0,27.69415597191945,2.3784588835067733
2023-05-12,Household,100,1500.0,57,4,0,0,15.0,0.0,21.5988025079789,2.924520022085011
2023-05-13,Household,118,1770.0,67,5,1,0,15.0,0.0,21.07377501300553,3.5129179109915247
2023-05-14,Household,118,1770.0,67,6,1,0,15.0,0.0,21.486216054094005,1.2878238339089885
2023-05-15,Household,100,1500.0,57,0,0,0,15.0,0.0,21.310097740984347,0.1404370690847585
2023-05-16,Household,100,1500.0,57,1,0,0,15.0,0.0,24.96128834268105,
2023-05-17,Household,109,1635.0,62,2,0,0,15.0,0.0,23.040715362608598,0.0
2023-05-18,Household,98,1470.0,56,3,0,0,15.0,0.0,22.738513206764654,
2023-05-19,Household,107,1605.0,61,4,0,0,15.0,0.0,25.74304502716359,0.0
2023-05-20,Household,116,1740.0,66,5,1,0,15.0,0.0,20.33808781273476,0.5041656738485865
2023-05-21,Household,116,1740.0,66,6,1,0,15.0,0.0,20.946318594975292,0.46562178441532875
2023-05-22,Household,99,1485.0,56,0,0,0,15.0,0.0,18.79698136170459,0.20837791689557283
2023-05-23,Household,98,1470.0,56,1,0,0,15.0,0.0,23.038863889104473,4.785524109457031
2023-05-24,Household,98,1470.0,56,2,0,0,15.0,0.0,20.411780628964813,0.3361522871775833
2023-05-25,Household,108,1620.0,61,3,0,0,15.0,0.0,18.176039991126412,0.0
2023-05-26,Household,96,1440.0,55,4,0,0,15.0,0.0,22.818377079164105,0.12213361762910346
2023-05-27,Household,971,14565.0,70,5,1,0,15.0,0.0,21.249538828133907,0.0
2023-05-28,Household,124,1860.0,70,6,1,0,15.0,0.0,20.20460645630741,0.0
2023-05-29,Household,116,1479.0,55,0,0,0,12.75,1.0,23.185197963863956,2.8827447050956225
2023-05-30,Household,127,1619.25,60,1,0,0,12.75,1.0,21.68133905555653,0.0
2023-05-31,Household,97,1455.0,55,2,0,0,15.0,0.0,20.240015973943553,0.11909766958167323
2023-06-01,Household,106,1590.0,60,3,0,0,15.0,0.0,17.71511882811931,
2023-06-02,Household,95,1425.0,54,4,0,0,15.0,0.0,21.996858044252242,0.9914847693563826
2023-06-03,Household,113,1695.0,64,5,1,0,15.0,0.0,18.01043437891103,2.407163997573135
2023-06-04,Household,113,1695.0,64,6,1,0,15.0,0.0,18.853287356141728,2.474878348732087
2023-06-05,Household,104,1560.0,59,0,0,0,15.0,0.0,19.309367504940113,0.0
2023-06-06,Household,125,1593.75,59,1,0,0,12.75,1.0,21.01761569788892,0.0
2023-06-07,Household,114,1453.5,54,2,0,0,12.75,1.0,18.990199325597867,0.14521228101922823
2023-06-08,Household,138,2070.0,78,3,0,0,15.0,0.0,18.37863439327804,0.028604468107163994
2023-06-09,Household,138,2070.0,78,4,0,0,15.0,0.0,20.26788956685057,1.3382988099369064
2023-06-10,Household,156,2340.0,88,5,1,0,15.0,0.0,20.861832406739556,1.480207717647164
2023-06-11,Household,93,1395.0,53,6,1,0,15.0,0.0,16.14142894906181,5.5671624230615455
2023-06-12,Household,93,1395.0,53,0,0,0,15.0,0.0,,0.5627606548258828
2023-06-13,Household,93,1395.0,53,1,0,0,15.0,0.0,17.58317211720763,1.5865807372582053
2023-06-14,Household,91,1365.0,52,2,0,0,15.0,0.0,18.105459974959693,0.09345073455218755
2023-06-15,Household,100,1500.0,57,3,0,0,15.0,0.0,18.170791286854882,0.0
2023-06-16,Household,91,1365.0,52,4,0,0,15.0,0.0,20.143949065353212,
2023-06-17,Household,118,1770.0,67,5,1,0,15.0,0.0,17.744779749095194,0.0
2023-06-18,Household,110,1650.0,62,6,1,0,15.0,0.0,15.306610774660122,0.22608718270700767
2023-06-19,Household,92,1380.0,52,0,0,0,15.0,0.0,13.33699340775205,0.2488419668193942
2023-06-20,Household,90,1350.0,51,1,0,0,15.0,0.0,15.01482591380752,1.4697555132184248
2023-06-21,Household,90,1350.0,51,2,0,0,15.0,,13.247671532449012,0.747788650356042
2023-06-22,Household,90,1350.0,51,3,0,0,15.0,0.0,19.218327093378036,0.6839355051457467
2023-06-23,Household,90,1350.0,51,4,0,0,15.0,0.0,19.24285095906375,1.2823783856303757
2023-06-24,Household,117,1755.0,66,5,1,0,15.0,0.0,17.871062619315936,0.0
2023-06-25,Household,117,1755.0,66,6,1,0,15.0,0.0,14.957981468516907,0.0
2023-06-26,Household,88,1320.0,50,0,0,0,15.0,0.0,18.535291204395378,0.4552031690863607
2023-06-27,Household,106,1351.5,50,1,0,0,12.75,1.0,17.017700227610614,0.3666871130653542
2023-06-28,Household,106,1351.5,50,2,0,0,12.75,1.0,13.967040540452478,0.687114816713325
2023-06-29,Household,117,1491.75,55,3,0,0,12.75,1.0,12.850427896863616,0.0
2023-06-30,Household,106,1351.5,50,4,0,0,12.75,1.0,13.225860253915318,0.04754050426483558
2023-07-01,Household,115,1725.0,65,5,1,0,15.0,0.0,13.952127159586656,0.0
2023-07-02,Household,113,1695.0,64,6,1,0,15.0,0.0,14.480038554802412,0.0
2023-07-03,Household,96,1440.0,54,0,0,0,15.0,0.0,11.896154140330296,0.0
2023-07-04,Household,123,1845.0,69,1,0,1,15.0,0.0,10.560510709768213,0.0
2023-07-05,Household,86,1290.0,49,2,0,0,15.0,0.0,14.591751861418288,0.41404296033920973
2023-07-06,Household,104,1326.0,49,3,0,0,12.75,1.0,12.319263464658537,0.36926086672135794
2023-07-07,Household,104,1326.0,49,4,0,0,12.75,1.0,17.841037149569136,0.594456778736214
2023-07-08,Household,84,1260.0,48,5,1,0,15.0,0.0,16.50056564880266,10.177158373438473
2023-07-09,Household,103,1545.0,58,6,1,0,15.0,0.0,13.553630418428153,1.2771509009495032
2023-07-10,Household,94,1410.0,53,0,0,0,15.0,0.0,,0.0
2023-07-11,Household,94,1410.0,53,1,0,0,15.0,0.0,,0.0
2023-07-12,Household,85,1275.0,48,2,0,0,15.0,0.0,11.851963083952235,2.560824742246121
2023-07-13,Household,85,1275.0,48,3,0,0,15.0,0.0,15.182037996939094,1.1069674089786652
2023-07-14,Household,82,1230.0,47,4,0,0,15.0,0.0,17.748551711511816,3.735962195829943
2023-07-15,Household,100,1500.0,57,5,1,0,15.0,0.0,17.842796565411433,2.42333792753937
2023-07-16,Household,100,1500.0,57,6,1,0,15.0,0.0,17.685188374599605,0.08221393674213195
2023-07-17,Household,92,1380.0,52,0,0,0,15.0,0.0,13.127981446818058,0.0
2023-07-18,Household,83,1245.0,47,1,0,0,15.0,0.0,14.483169136810208,1.1784712733439524
2023-07-19,Household,83,1245.0,47,2,0,0,15.0,0.0,11.395627091301751,4.36643788482212
2023-07-20,Household,81,1215.0,46,3,0,0,15.0,0.0,11.766893046790873,0.2307657324883421
2023-07-21,Household,81,1215.0,46,4,0,0,15.0,0.0,11.016013000809545,3.4203953970794885
2023-07-22,Household,99,1485.0,56,5,1,0,15.0,0.0,12.050881933204897,2.866302754827403
2023-07-23,Household,109,1635.0,61,6,1,0,15.0,0.0,8.941201233030442,0.0
2023-07-24,Household,90,1350.0,51,0,0,0,15.0,0.0,10.845840371273846,0.0
2023-07-25,Household,90,1350.0,51,1,0,0,15.0,0.0,10.250214584525429,0.0
2023-07-26,Household,61,915.0,35,2,0,0,15.0,0.0,11.956452944895727,11.437165804281236
2023-07-27,Household,79,1185.0,45,3,0,0,15.0,0.0,16.250782272307983,0.16347191289098495
2023-07-28,Household,88,1320.0,50,4,0,0,15.0,0.0,12.943287905199844,0.0
2023-07-29,Household,98,1470.0,55,5,1,0,15.0,0.0,10.138499985058942,0.13150485298884718
2023-07-30,Household,97,1455.0,55,6,1,0,15.0,0.0,13.018388610111828,1.0671505296329786
2023-07-31,Household,80,1200.0,45,0,0,0,15.0,0.0,7.950020660403206,0.8940804071509809
2023-08-01,Household,80,1200.0,45,1,0,0,15.0,0.0,10.084645040399382,0.8636182210688952
2023-08-02,Household,78,1170.0,44,2,0,0,15.0,0.0,11.737025211217937,1.386061452834598
2023-08-03,Household,78,1170.0,44,3,0,0,15.0,0.0,11.85612911055598,0.5802848911994951
2023-08-04,Household,94,1198.5,44,4,0,0,12.75,1.0,8.469475545725134,1.2192812363986643
2023-08-05,Household,116,1479.0,54,5,1,0,12.75,1.0,6.8392035604973245,0.26532823711496745
2023-08-06,Household,96,1440.0,54,6,1,0,15.0,0.0,9.426548662753191,0.2023806516315676
2023-08-07,Household,78,1170.0,44,0,0,0,15.0,0.0,5.821478372967934,4.811593563105222
2023-08-08,Household,87,1305.0,49,1,0,0,15.0,0.0,9.480405371534541,0.0
2023-08-09,Household,85,1275.0,48,2,0,0,15.0,0.0,10.789472366239265,0.0
2023-08-10,Household,77,1155.0,43,3,0,0,15.0,0.0,4.852831647867875,3.758930366924817
2023-08-11,Household,76,1140.0,43,4,0,0,15.0,0.0,8.433485799042296,1.472832779512406
2023-08-12,Household,94,1410.0,53,5,1,0,15.0,0.0,10.4190118431985,0.08078269351503997
2023-08-13,Household,103,1545.0,58,6,1,0,15.0,0.0,9.409307398415642,0.0
2023-08-14,Household,92,1173.0,43,0,0,0,12.75,1.0,7.813848166320808,0.2962020088224042
2023-08-15,Household,92,1173.0,43,1,0,0,12.75,1.0,6.405920356315281,4.608073573659462
2023-08-16,Household,84,1260.0,47,2,0,0,15.0,0.0,6.207868260165259,0.0
2023-08-17,Household,75,1125.0,42,3,0,0,15.0,0.0,6.516975754687154,1.9618664286089769
2023-08-18,Household,75,1125.0,42,4,0,0,15.0,0.0,5.914885076176391,1.4915813308016928
2023-08-19,Household,92,1380.0,52,5,1,0,15.0,0.0,8.201066412415894,
2023-08-20,Household,93,1395.0,52,6,1,0,15.0,0.0,5.92144923260784,0.8329055112243458
2023-08-21,Household,75,1125.0,42,0,0,0,15.0,0.0,3.507801796971801,0.25069817217298906
2023-08-22,Household,74,1110.0,42,1,0,0,15.0,0.0,8.54483108236887,0.11661966895991083
2023-08-23,Household,84,1260.0,47,2,0,0,15.0,0.0,7.181095270268686,0.0
2023-08-24,Household,75,1125.0,42,3,0,0,15.0,0.0,3.1633142493837214,0.27148053363018776
2023-08-25,Household,73,1095.0,41,4,0,0,15.0,0.0,6.634473315010233,0.21093360277926387
2023-08-26,Household,91,1365.0,51,5,1,0,15.0,0.0,8.928380342284015,0.6105832178079957
2023-08-27,Household,91,1365.0,51,6,1,0,15.0,0.0,7.328280826434252,4.061977587712889
2023-08-28,Household,82,1230.0,46,0,0,0,15.0,0.0,3.460797343098116,0.0
2023-08-29,Household,73,1095.0,41,1,0,0,15.0,0.0,4.162253570327277,0.7320299794999761
2023-08-30,Household,73,1095.0,41,2,0,0,15.0,0.0,6.545223748888005,1.0419038835172048
2023-08-31,Household,55,825.0,31,3,0,0,15.0,0.0,6.094834988366758,7.275816871509992
2023-09-01,Household,55,825.0,31,4,0,0,15.0,0.0,6.077349493946739,8.488929592084974
2023-09-02,Household,91,1365.0,51,5,1,0,15.0,0.0,5.7700806042415635,0.272724819531869
2023-09-03,Household,73,1095.0,41,6,1,0,15.0,0.0,7.679394591896466,13.02709916238173
2023-09-04,Household,82,1230.0,46,0,0,0,15.0,0.0,4.568217706069945,0.0
2023-09-05,Household,71,1065.0,40,1,0,0,15.0,0.0,5.4889376557749845,0.240532710013438
2023-09-06,Household,71,1065.0,40,2,0,0,15.0,0.0,3.340454393053305,0.8513291254258668
2023-09-07,Household,71,1065.0,40,3,0,0,15.0,0.0,8.238788634459105,0.3858137381122664
2023-09-08,Household,71,1065.0,40,4,0,0,15.0,0.0,4.474695618209368,0.03727109038819654
2023-09-09,Household,89,1335.0,50,5,1,0,15.0,0.0,7.9327304548565465,3.36912580568175
2023-09-10,Household,71,1065.0,40,6,1,0,15.0,0.0,6.887486001218748,6.507091219503406
2023-09-11,Household,71,1065.0,40,0,0,0,15.0,0.0,5.416890031188719,4.048539385579834
2023-09-12,Household,80,1200.0,45,1,0,0,15.0,0.0,4.628020845091047,0.0
2023-09-13,Household,80,1200.0,45,2,0,0,15.0,0.0,7.079102382524084,0.0
2023-09-14,Household,71,1065.0,40,3,0,0,15.0,0.0,5.983096422008975,0.2922129596510592
2023-09-15,Household,53,795.0,30,4,0,0,15.0,0.0,3.7012953745155546,8.955697690988307
2023-09-16,Household,89,1335.0,50,5,1,0,15.0,0.0,3.9522521676908573,1.9641992878678014
2023-09-17,Household,98,1470.0,55,6,1,0,15.0,0.0,3.0070439361634334,0.0
2023-09-18,Household,81,1215.0,45,0,0,0,15.0,0.0,0.6640677069430403,0.0
2023-09-19,Household,86,1096.5,40,1,0,0,12.75,1.0,4.609660458443733,0.8087684533469648
2023-09-20,Household,86,1096.5,40,2,0,0,12.75,1.0,3.890961026250211,
2023-09-21,Household,80,1200.0,45,3,0,0,15.0,0.0,4.851954228560352,0.0
2023-09-22,Household,71,1065.0,40,4,0,0,15.0,0.0,3.9878324593047996,0.7443176213584499
2023-09-23,Household,89,1335.0,50,5,1,0,15.0,0.0,5.449907893020531,0.2529705303646348
2023-09-24,Household,98,1470.0,55,6,1,0,15.0,0.0,2.658284866421167,0.0
2023-09-25,Household,80,1200.0,45,0,0,0,15.0,0.0,,0.0
2023-09-26,Household,86,1096.5,40,1,0,0,12.75,1.0,3.112656595322582,0.21530813470005938
2023-09-27,Household,86,1096.5,40,2,0,0,12.75,1.0,4.932347812394446,0.36174603919667647
2023-09-28,Household,71,1065.0,40,3,0,0,15.0,0.0,6.276176948732138,1.3660751201614811
2023-09-29,Household,71,1065.0,40,4,0,0,15.0,0.0,2.0056308296474854,0.17631729473250246
2023-09-30,Household,89,1335.0,50,5,1,0,15.0,0.0,5.074427950453811,0.6766333982589476
2023-10-01,Household,107,1364.25,50,6,1,0,12.75,1.0,4.508196580271993,1.2400434308601027
2023-10-02,Household,86,1096.5,40,0,0,0,12.75,1.0,3.4975305870778026,1.2268372404918177
2023-10-03,Household,86,1096.5,40,1,0,0,12.75,1.0,3.0620560508533066,0.5636285526657161
2023-10-04,Household,86,1096.5,40,2,0,0,12.75,1.0,5.250587774305244,0.1480486020272871
2023-10-05,Household,71,1065.0,40,3,0,0,15.0,0.0,1.4277488192509638,2.9682032140259884
2023-10-06,Household,86,1096.5,40,4,0,0,12.75,1.0,5.819571971258527,0.31162354159228056
2023-10-07,Household,107,1364.25,50,5,1,0,12.75,1.0,6.136309599064863,0.21664737774036325
2023-10-08,Household,89,1335.0,50,6,1,0,15.0,0.0,5.556721454083308,0.13810773573323365
2023-10-09,Household,80,1200.0,45,0,0,0,15.0,0.0,5.581319726202286,0.0
