store_sales_forecasting_raw.csv
Date,Product_Category,Units_Sold,Daily_Revenue,Demand_Index,Day_of_Week,Is_Weekend,Is_Holiday,Price,Is_On_Sale,Avg_Daily_Temperature,Rainfall_mm
2023-10-10,Household,71,1065.0,40,1,0,0,15.0,0.0,3.8243693422870053,1.8359639894713293
2023-10-11,Household,80,1200.0,45,2,0,0,15.0,0.0,3.409161721501341,0.0
2023-10-12,Household,86,1096.5,40,3,0,0,12.75,1.0,,0.22847942807954924
2023-10-13,Household,85,1083.75,40,4,0,0,12.75,1.0,7.197356158596657,0.18302797348936783
2023-10-14,Household,89,1335.0,50,5,1,0,15.0,0.0,3.300362799154504,3.7962878564437945
2023-10-15,Household,98,1470.0,55,6,1,0,15.0,0.0,6.55287151695661,0.0
2023-10-16,Household,53,795.0,30,0,0,0,15.0,0.0,4.487949699634312,8.804359717884678
2023-10-17,Household,71,1065.0,40,1,0,0,15.0,0.0,5.560645244990487,0.8077856481273717
2023-10-18,Household,80,1200.0,45,2,0,0,15.0,0.0,6.112062532375873,0.0
2023-10-19,Household,71,1065.0,40,3,0,0,15.0,0.0,3.322602681787683,3.183490989854059
2023-10-20,Household,71,1065.0,40,4,0,0,15.0,0.0,8.09312909898154,0.4289722117754271
2023-10-21,Household,98,1470.0,55,5,1,0,15.0,0.0,6.125435524132746,0.0
2023-10-22,Household,89,1335.0,50,6,1,0,15.0,0.0,6.793881156132152,2.614238761983616
2023-10-23,Household,71,1065.0,40,0,0,0,15.0,0.0,9.474994486184231,3.4315944329144283
2023-10-24,Household,71,1065.0,40,1,0,0,15.0,0.0,5.960390554106953,1.3986961610184334
2023-10-25,Household,71,1065.0,40,2,0,0,15.0,0.0,7.04408762496597,1.5954047550524142
2023-10-26,Household,80,1200.0,45,3,0,0,15.0,0.0,5.560428339390794,0.0
2023-10-27,Household,71,1065.0,40,4,0,0,15.0,0.0,6.11687208857702,0.3808305007849184
2023-10-28,Household,91,1365.0,51,5,1,0,15.0,0.0,8.475107712482615,1.7603641043600216
2023-10-29,Household,91,1365.0,51,6,1,0,15.0,0.0,3.4983968539907755,1.2655575996672748
2023-10-30,Household,82,1230.0,46,0,0,0,15.0,0.0,5.3141741714050195,0.0
2023-10-31,Household,73,1095.0,41,1,0,0,15.0,0.0,2.911024364916671,
2023-11-01,Household,73,1095.0,41,2,0,0,15.0,0.0,4.1429660587327035,0.09117495857054458
2023-11-02,Household,55,825.0,31,3,0,0,15.0,0.0,4.418794819853089,9.399027816309347
2023-11-03,Household,73,1095.0,41,4,0,0,15.0,0.0,7.954455576844687,1.8720610162749662
2023-11-04,Household,91,1365.0,51,5,1,0,15.0,0.0,4.9310362000016035,
2023-11-05,Household,100,1500.0,56,6,1,0,15.0,0.0,7.553795631052306,0.0
2023-11-06,Household,73,1095.0,41,0,0,0,15.0,0.0,6.375968537570838,2.6910550154035437
2023-11-07,Household,73,1095.0,41,1,0,0,15.0,0.0,5.428111827957251,2.735966587455812
2023-11-08,Household,74,1110.0,42,2,0,0,15.0,0.0,10.131068299171934,1.3315347663036028
2023-11-09,Household,74,1110.0,42,3,0,0,15.0,0.0,9.493996987416457,0.948236227089112
2023-11-10,Household,84,1260.0,47,4,0,0,15.0,0.0,7.035418403270253,
2023-11-11,Household,93,1395.0,52,5,1,0,15.0,0.0,4.478505128999796,0.5774583832743472
2023-11-12,Household,93,1395.0,52,6,1,0,15.0,0.0,6.68838920567819,0.4727793772049864
2023-11-13,Household,84,1260.0,47,0,0,0,15.0,0.0,,0.0
2023-11-14,Household,75,1125.0,42,1,0,0,15.0,0.0,7.31450545237514,0.2525391505888215
2023-11-15,Household,75,1125.0,42,2,0,0,15.0,0.0,2.6012244695694076,3.1137109144466404
2023-11-16,Household,84,1260.0,47,3,0,0,15.0,0.0,7.370003599665555,0.0
2023-11-17,Household,76,1140.0,43,4,0,0,15.0,0.0,6.93876490962152,
2023-11-18,Household,104,1560.0,58,5,1,0,15.0,0.0,4.969339674050184,0.0
2023-11-19,Household,94,1410.0,53,6,1,0,15.0,0.0,7.559964106857331,1.1974060907885495
2023-11-20,Household,76,1140.0,43,0,0,0,15.0,0.0,8.690363572240335,3.434743887798321
2023-11-21,Household,76,1140.0,43,1,0,0,15.0,0.0,7.1267521516902255,0.18599690296007299
2023-11-22,Household,85,1275.0,48,2,0,0,15.0,0.0,9.109952499231605,0.0
2023-11-23,Household,76,1140.0,43,3,0,0,15.0,0.0,8.90532860625514,0.728895981110623
2023-11-24,Household,78,1170.0,44,4,0,0,15.0,0.0,7.7674619234839115,1.0010914038804932
2023-11-25,Household,96,1440.0,54,5,1,0,15.0,0.0,11.045460043449545,0.652365091518962
2023-11-26,Household,96,1440.0,54,6,1,0,15.0,0.0,9.471793367082833,1.6817966688910602
2023-11-27,Household,78,1170.0,44,0,0,0,15.0,0.0,11.026546685743181,0.8127151078097852
2023-11-28,Household,87,1305.0,49,1,0,0,15.0,0.0,10.209879372209855,0.0
2023-11-29,Household,77,1155.0,44,2,0,0,15.0,0.0,14.493365623670945,
2023-11-30,Household,78,1170.0,44,3,0,0,15.0,0.0,9.837606330402751,1.3803796367555154
2023-12-01,Household,62,930.0,35,4,0,0,15.0,0.0,10.320740441990925,6.970150974401697
2023-12-02,Household,97,1455.0,55,5,1,0,15.0,0.0,11.485961625827791,0.3839607620509953
2023-12-03,Household,107,1605.0,60,6,1,0,15.0,0.0,7.941566622355728,0.0
2023-12-04,Household,80,1200.0,45,0,0,0,15.0,0.0,9.713485352339058,1.126502333302963
2023-12-05,Household,88,1320.0,50,1,0,0,15.0,0.0,12.852764066826289,0.0
2023-12-06,Household,80,1200.0,45,2,0,0,15.0,0.0,9.59572895253666,2.2304120391650106
2023-12-07,Household,80,1200.0,45,3,0,0,15.0,0.0,,0.23966197968271064
2023-12-08,Household,81,1215.0,46,4,0,0,15.0,0.0,11.499535760097537,0.41912042733929367
2023-12-09,Household,108,1620.0,61,5,1,0,15.0,0.0,9.665599740269645,0.0
2023-12-10,Household,100,1500.0,56,6,1,0,15.0,0.0,5.370081207182489,1.0082036828774208
2023-12-11,Household,91,1365.0,51,0,0,0,15.0,0.0,,0.0
2023-12-12,Household,81,1215.0,46,1,0,0,15.0,0.0,12.965674652110549,2.318626338777082
2023-12-13,Household,81,1215.0,46,2,0,0,15.0,0.0,10.4118715327632,0.6700921297911355
2023-12-14,Household,83,1245.0,47,3,0,0,15.0,0.0,13.845117685348171,3.8439050637092045
2023-12-15,Household,83,1245.0,47,4,0,0,15.0,0.0,12.14353056093732,0.7553800398568995
2023-12-16,Household,110,1650.0,62,5,1,0,15.0,0.0,14.981811251605949,0.0
2023-12-17,Household,101,1515.0,57,6,1,0,15.0,0.0,,1.0345764218670612
2023-12-18,Household,92,1380.0,52,0,0,0,15.0,0.0,14.269340455782547,0.0
2023-12-19,Household,83,1245.0,47,1,0,0,15.0,0.0,12.645869667948212,
2023-12-20,Household,102,1300.5,48,2,0,0,12.75,1.0,10.940317749652763,2.838456826225565
2023-12-21,Household,102,1300.5,48,3,0,0,12.75,1.0,9.807412480504027,0.4172266805882854
2023-12-22,Household,130,1950.0,73,4,0,0,15.0,0.0,14.82454312436823,
2023-12-23,Household,157,2355.0,88,5,1,0,15.0,0.0,14.70440333163634,0.0
2023-12-24,Household,148,2220.0,83,6,1,0,15.0,0.0,11.119406117392854,2.3464520817101273
2023-12-25,Household,111,1665.0,63,0,0,1,15.0,0.0,15.67532338382089,1.2865952553434745
2023-12-26,Household,95,1425.0,54,1,0,0,15.0,0.0,14.971363381978975,0.0
2023-12-27,Household,86,1290.0,49,2,0,0,15.0,0.0,14.931649462137681,0.44736192962379717
2023-12-28,Household,86,1290.0,49,3,0,0,15.0,0.0,17.608771820725835,0.7095604703840326
2023-12-29,Household,86,1290.0,49,4,0,0,15.0,0.0,14.755600838228473,4.892084622752693
2023-12-30,Household,126,1606.5,59,5,1,0,12.75,1.0,12.920359866873582,2.699709621233084
2023-12-31,Household,126,1606.5,59,6,1,0,12.75,1.0,12.339656137154044,0.8084678375718959
2024-01-01,Household,119,1785.0,67,0,0,1,15.0,0.0,16.20959772648983,1.7746431746973825
2024-01-02,Household,101,1515.0,57,1,0,0,15.0,0.0,14.248427376727987,0.0
2024-01-03,Household,92,1380.0,52,2,0,0,15.0,0.0,15.255174659443119,1.2236920111913268
2024-01-04,Household,92,1380.0,52,3,0,0,15.0,0.0,13.104375816946941,1.3955677344925523
2024-01-05,Household,92,1380.0,52,4,0,0,15.0,0.0,17.251603930059215,2.3032194108139707
2024-01-06,Household,111,1665.0,63,5,1,0,15.0,0.0,17.046661554794063,0.44294558707506204
2024-01-07,Household,120,1800.0,68,6,1,0,15.0,0.0,16.991225896363296,0.0
2024-01-08,Household,93,1395.0,53,0,0,0,15.0,0.0,16.80237834235204,0.6772677307672657
2024-01-09,Household,102,1530.0,58,1,0,0,15.0,0.0,18.229007944271398,0.0
2024-01-10,Household,93,1395.0,53,2,0,0,15.0,0.0,17.646111342506593,1.452081331442542
2024-01-11,Household,93,1395.0,53,3,0,0,15.0,0.0,19.048148273391153,0.03531500704868762
2024-01-12,Household,104,1560.0,59,4,0,0,15.0,0.0,18.813791851782124,0.0
2024-01-13,Household,113,1695.0,64,5,1,0,15.0,0.0,16.64969145348412,2.6661648055069
2024-01-14,Household,113,1695.0,64,6,1,0,15.0,0.0,17.826422240112556,0.13865843559247804
2024-01-15,Household,95,1425.0,54,0,0,0,15.0,0.0,,0.19817835444436138
2024-01-16,Household,125,1593.75,59,1,0,0,12.75,1.0,18.698985340895465,0.0
2024-01-17,Household,115,1466.25,54,2,0,0,12.75,1.0,17.285711276051977,2.4340377870327843
2024-01-18,Household,97,1455.0,55,3,0,0,15.0,0.0,20.22640617273642,4.148503311623009
2024-01-19,Household,106,1590.0,60,4,0,0,15.0,0.0,16.970820342626272,0.0
2024-01-20,Household,138,1759.5,65,5,1,0,12.75,1.0,19.698658405261078,1.460658092152563
2024-01-21,Household,,,65,6,1,0,12.75,1.0,17.901586328627417,1.0319772854083693
2024-01-22,Household,106,1590.0,60,0,0,0,15.0,0.0,17.796313477338238,0.0
2024-01-23,Household,97,1455.0,55,1,0,0,15.0,0.0,15.721789638986321,
2024-01-24,Household,107,1605.0,61,2,0,0,15.0,0.0,20.531378026448582,0.0
2024-01-25,Household,99,1485.0,56,3,0,0,15.0,0.0,19.043001989305957,1.432259722312124
2024-01-26,Household,99,1485.0,56,4,0,0,15.0,0.0,,0.33522973740675344
2024-01-27,Household,151,1925.25,71,5,1,0,12.75,1.0,15.068764938525707,0.0
2024-01-28,Household,119,1517.25,56,6,1,0,12.75,1.0,18.920796191386934,12.945689846002487
2024-01-29,Household,98,1470.0,56,0,0,0,15.0,0.0,20.952563813308508,
2024-01-30,Household,98,1470.0,56,1,0,0,15.0,0.0,20.553216562710347,0.20079611231424588
2024-01-31,Household,100,1500.0,57,2,0,0,15.0,0.0,18.95978582495364,1.2059940743252038
2024-02-01,Household,110,1650.0,62,3,0,0,15.0,0.0,16.035079531860575,0.0
2024-02-02,Household,100,1500.0,57,4,0,0,15.0,0.0,18.630143641207564,0.3900074301295735
2024-02-03,Household,118,1770.0,67,5,1,0,15.0,0.0,21.492812806508496,3.320664336182414
2024-02-04,Household,127,1905.0,72,6,1,0,15.0,0.0,22.219784380404196,0.0
2024-02-05,Household,82,1230.0,47,0,0,0,15.0,0.0,23.694286504411807,7.10443753880096
2024-02-06,Household,100,1500.0,57,1,0,0,15.0,0.0,20.55770417144562,1.2774769824342145
2024-02-07,Household,102,1530.0,58,2,0,0,15.0,0.0,22.32955212909261,1.9258395009147362
2024-02-08,Household,103,1545.0,58,3,0,0,15.0,0.0,14.515605432523921,1.190811910541437
2024-02-09,Household,102,1530.0,58,4,0,0,15.0,0.0,24.189723647034956,0.14277080271081588
2024-02-10,Household,129,1935.0,73,5,1,0,15.0,0.0,18.436594311022656,0.0
2024-02-11,Household,156,1989.0,73,6,1,0,12.75,1.0,17.466252203063668,0.0
2024-02-12,Household,123,1568.25,58,0,0,0,12.75,1.0,19.2454874767906,0.9676831603693405
2024-02-13,Household,111,1665.0,63,1,0,0,15.0,0.0,24.276502741616614,0.0
2024-02-14,Household,102,1530.0,58,2,0,0,15.0,0.0,22.106110299795617,0.25905045160627593
2024-02-15,Household,104,1560.0,59,3,0,0,15.0,0.0,20.046697373411494,0.8196750676159648
2024-02-16,Household,112,1680.0,64,4,0,0,15.0,0.0,24.17492937818746,0.0
2024-02-17,Household,122,1830.0,69,5,1,0,15.0,0.0,22.632935183236604,2.15883970590708
2024-02-18,Household,104,1560.0,59,6,1,0,15.0,0.0,23.365892027380518,8.39778647535381
2024-02-19,Household,103,1545.0,59,0,0,0,15.0,0.0,,1.1773951574497539
2024-02-20,Household,104,1560.0,59,1,0,0,15.0,0.0,22.519314978629602,1.6914675299511104
2024-02-21,Household,104,1560.0,59,2,0,0,15.0,0.0,21.182521396317387,1.0242636538693062
2024-02-22,Household,104,1560.0,59,3,0,0,15.0,0.0,23.297298594066433,2.3648385526144575
2024-02-23,Household,114,1710.0,65,4,0,0,15.0,0.0,24.792194335356207,0.0
2024-02-24,Household,123,1845.0,70,5,1,0,15.0,0.0,25.094363894252478,3.4510439654435423
2024-02-25,Household,132,1980.0,75,6,1,0,15.0,0.0,24.036667714564178,0.0
2024-02-26,Household,106,1590.0,60,0,0,0,15.0,0.0,21.2459305341739,1.09850536107878
2024-02-27,Household,114,1710.0,65,1,0,0,15.0,0.0,22.60711732747836,0.0
2024-02-28,Household,105,1575.0,60,2,0,0,15.0,0.0,26.512659198824824,0.17820041034440615
2024-02-29,Household,114,1710.0,65,3,0,0,15.0,0.0,23.379958461011178,0.0
2024-03-01,Household,105,1575.0,60,4,0,0,15.0,0.0,22.5443494248986,0.7615369536277945
2024-03-02,Household,132,1980.0,75,5,1,0,15.0,0.0,23.677693179770948,
2024-03-03,Household,123,1845.0,70,6,1,0,15.0,0.0,22.8871569683447,4.395770397192847
2024-03-04,Household,105,1575.0,60,0,0,0,15.0,0.0,24.40095028973225,
2024-03-05,Household,114,1710.0,65,1,0,0,15.0,0.0,22.900306561971647,0.0
2024-03-06,Household,116,1740.0,66,2,0,0,15.0,0.0,25.203647528900216,0.0
2024-03-07,Household,107,1605.0,61,3,0,0,15.0,0.0,23.394944063350994,2.0914688289998162
2024-03-08,Household,161,2415.0,91,4,0,0,15.0,0.0,25.22164270552017,
2024-03-09,Household,170,2550.0,96,5,1,0,15.0,0.0,28.61174302917768,0.028763151270927434
2024-03-10,Household,170,2550.0,96,6,1,0,15.0,0.0,25.135624366813097,2.9096995186129084
2024-03-11,Household,107,1605.0,61,0,0,0,15.0,0.0,21.755063646753637,0.1086734143902719
2024-03-12,Household,107,1605.0,61,1,0,0,15.0,0.0,24.034184306969884,0.3660257527286066
2024-03-13,Household,107,1605.0,61,2,0,0,15.0,0.0,26.364542942987445,0.842634115788047
2024-03-14,Household,89,1335.0,51,3,0,0,15.0,0.0,25.057319676015982,24.41525171327077
2024-03-15,Household,107,1605.0,61,4,0,0,15.0,0.0,25.4745170792774,0.6948473949987553
2024-03-16,Household,125,1875.0,71,5,1,0,15.0,0.0,27.28109773443978,0.48079548010815754
2024-03-17,Household,107,1605.0,61,6,1,0,15.0,0.0,20.549591679449154,5.500181124624299
2024-03-18,Household,107,1605.0,61,0,0,0,15.0,0.0,26.94965419672852,0.19831500933107016
2024-03-19,Household,107,1605.0,61,1,0,0,15.0,0.0,24.849873669689792,0.8460071565994522
2024-03-20,Household,129,1644.75,61,2,0,0,12.75,1.0,23.26100437896065,0.9065401561574249
2024-03-21,Household,140,1785.0,66,3,0,0,12.75,1.0,23.880917191485047,0.0
2024-03-22,Household,107,1605.0,61,4,0,0,15.0,0.0,21.82205246197093,1.115442349149951
2024-03-23,Household,134,2010.0,76,5,1,0,15.0,0.0,,0.0
2024-03-24,Household,125,1875.0,71,6,1,0,15.0,0.0,26.018495025758266,0.4913182014230817
2024-03-25,Household,116,1740.0,66,0,0,0,15.0,0.0,,0.0
2024-03-26,Household,107,1605.0,61,1,0,0,15.0,0.0,23.61874128148413,1.4896134227518845
2024-03-27,Household,116,1740.0,66,2,0,0,15.0,0.0,24.6795558071628,0.0
2024-03-28,Household,107,1605.0,61,3,0,0,15.0,0.0,23.702975129186278,
2024-03-29,Household,107,1605.0,61,4,0,0,15.0,0.0,25.311919407236612,0.14983875509901967
2024-03-30,Household,134,2010.0,76,5,1,0,15.0,0.0,21.971898704791567,0.0
2024-03-31,Household,127,1905.0,72,6,1,0,15.0,0.0,24.251091924066305,1.1961189441051694
2024-04-01,Household,107,1605.0,61,0,0,0,15.0,0.0,25.222812576044774,
2024-04-02,Household,116,1740.0,66,1,0,0,15.0,0.0,23.54548460907695,0.0
2024-04-03,Household,106,1590.0,61,2,0,0,15.0,0.0,30.196495401164512,0.9241211820077873
2024-04-04,Household,107,1605.0,61,3,0,0,15.0,0.0,25.085072878001174,1.611720152694116
2024-04-05,Household,107,1605.0,61,4,0,0,15.0,0.0,24.726389828465212,1.7731992905397425
2024-04-06,Household,125,1875.0,71,5,1,0,15.0,0.0,23.975025955736026,3.0244516338372804
2024-04-07,Household,134,2010.0,76,6,1,0,15.0,0.0,26.55561990888549,0.0
2024-04-08,Household,129,1644.75,61,0,0,0,12.75,1.0,24.196229586369746,2.172022301094886
2024-04-09,Household,128,1632.0,61,1,0,0,12.75,1.0,28.081385770940155,2.9038377966430695
2024-04-10,Household,107,1605.0,61,2,0,0,15.0,0.0,27.7088384741702,0.07966462279377362
2024-04-11,Household,107,1605.0,61,3,0,0,15.0,0.0,29.30226962766952,0.12095613917711323
2024-04-12,Household,116,1740.0,66,4,0,0,15.0,0.0,25.075382453375706,0.0
2024-04-13,Household,125,1875.0,71,5,1,0,15.0,0.0,22.805892177796046,1.4024793274844578
2024-04-14,Household,125,1875.0,71,6,1,0,15.0,0.0,24.92983493747902,1.9245982422751262
2024-04-15,Household,116,1740.0,66,0,0,0,15.0,0.0,25.346526703083477,0.0
2024-04-16,Household,107,1605.0,61,1,0,0,15.0,0.0,26.78127799894843,4.025772053081575
2024-04-17,Household,116,1740.0,66,2,0,0,15.0,0.0,25.539762548279427,0.0
2024-04-18,Household,115,1725.0,66,3,0,0,15.0,0.0,30.223292513873503,0.0
2024-04-19,Household,128,1632.0,61,4,0,0,12.75,1.0,26.700168362718475,
2024-04-20,Household,150,1912.5,71,5,1,0,12.75,1.0,24.93123228455414,2.0105642847703624
2024-04-21,Household,125,1875.0,71,6,1,0,15.0,0.0,27.02999265126077,0.7620017703699318
2024-04-22,Household,107,1605.0,61,0,0,0,15.0,0.0,25.183037341345322,
2024-04-23,Household,107,1605.0,61,1,0,0,15.0,0.0,27.64371577306234,2.556842892469985
2024-04-24,Household,107,1605.0,61,2,0,0,15.0,0.0,24.124966663929477,0.2780772274111216
2024-04-25,Household,107,1605.0,61,3,0,0,15.0,0.0,23.32235156526897,
2024-04-26,Household,107,1605.0,61,4,0,0,15.0,0.0,20.8188356879891,0.8494485268238188
2024-04-27,Household,132,1980.0,75,5,1,0,15.0,0.0,26.73641018729283,0.0
2024-04-28,Household,123,1845.0,70,6,1,0,15.0,0.0,21.53540914336493,0.18322280855061446
2024-04-29,Household,105,1575.0,60,0,0,0,15.0,0.0,26.112382791071518,2.056947184128437
2024-04-30,Household,105,1575.0,60,1,0,0,15.0,0.0,25.98870951778968,0.05262679754013688
2024-05-01,Household,114,1710.0,65,2,0,0,15.0,0.0,21.905982208229563,0.0
2024-05-02,Household,106,1590.0,60,3,0,0,15.0,0.0,20.850246069531078,0.8235337904855717
2024-05-03,Household,114,1710.0,65,4,0,0,15.0,0.0,22.004759054208215,0.0
2024-05-04,Household,132,1980.0,75,5,1,0,15.0,0.0,23.99412272991388,0.0
2024-05-05,Household,132,1980.0,75,6,1,0,15.0,0.0,23.26754505076718,0.0
2024-05-06,Household,114,1710.0,65,0,0,0,15.0,0.0,,0.0
2024-05-07,Household,114,1710.0,65,1,0,0,15.0,0.0,25.676589817702986,0.0
2024-05-08,Household,112,1680.0,64,2,0,0,15.0,0.0,24.37993872016986,0.0
2024-05-09,Household,104,1560.0,59,3,0,0,15.0,0.0,21.605795016554453,0.30459449347960144
2024-05-10,Household,103,1545.0,59,4,0,0,15.0,0.0,23.6189989334029,2.325448935521915
2024-05-11,Household,122,1830.0,69,5,1,0,15.0,0.0,23.349752875060826,0.28709906355523085
2024-05-12,Household,122,1830.0,69,6,1,0,15.0,0.0,21.710707368576415,0.004306982211268684
2024-05-13,Household,104,1560.0,59,0,0,0,15.0,0.0,21.060636466845494,0.7632487287675027
2024-05-14,Household,,,59,1,0,0,15.0,0.0,22.78442781163863,3.276209286498501
2024-05-15,Household,113,1695.0,64,2,0,0,15.0,0.0,21.715395266438875,0.0
2024-05-16,Household,113,1695.0,64,3,0,0,15.0,0.0,20.915914558459757,0.0
2024-05-17,Household,102,1530.0,58,4,0,0,15.0,0.0,23.043718022007862,0.05791461245397711
