store_sales_forecasting_raw.csv
Date,Product_Category,Units_Sold,Daily_Revenue,Demand_Index,Day_of_Week,Is_Weekend,Is_Holiday,Price,Is_On_Sale,Avg_Daily_Temperature,Rainfall_mm
2024-05-18,Household,164,2460.0,93,5,1,0,15.0,0.0,26.150458660357064,0.2949669608745742
2024-05-19,Household,174,2610.0,98,6,1,0,15.0,0.0,22.750568079822752,0.0
2024-05-20,Household,156,2340.0,88,0,0,0,15.0,0.0,20.135979714902412,0.0
2024-05-21,Household,102,1530.0,58,1,0,0,15.0,0.0,20.190701168514973,1.794941378830905
2024-05-22,Household,102,1530.0,58,2,0,0,15.0,0.0,24.886960305008948,2.0441041656631156
2024-05-23,Household,102,1530.0,58,3,0,0,15.0,0.0,24.25626007489567,1.8397844083735455
2024-05-24,Household,101,1515.0,58,4,0,0,15.0,0.0,26.399197781631322,0.663063601481412
2024-05-25,Household,127,1905.0,72,5,1,0,15.0,0.0,17.690376655278857,0.0
2024-05-26,Household,118,1770.0,67,6,1,0,15.0,0.0,21.02389648218467,
2024-05-27,Household,100,1500.0,57,0,0,0,15.0,,20.178649741205593,0.17030996973585166
2024-05-28,Household,100,1500.0,57,1,0,0,15.0,0.0,18.11761620490772,0.9556629524391902
2024-05-29,Household,101,1515.0,57,2,0,0,15.0,,16.45685045320326,1.2310650303053778
2024-05-30,Household,100,1500.0,57,3,0,0,15.0,0.0,22.745420290563644,1.2034194551719621
2024-05-31,Household,100,1500.0,57,4,0,0,15.0,0.0,20.91632171742278,0.46488688702311887
2024-06-01,Household,140,1785.0,66,5,1,0,12.75,1.0,22.077345467316793,0.47164314991116507
2024-06-02,Household,140,1785.0,66,6,1,0,12.75,1.0,21.96470177670782,3.341639932400298
2024-06-03,Household,129,1644.75,61,0,0,0,12.75,1.0,21.11065384699502,0.0
2024-06-04,Household,118,1504.5,56,1,0,0,12.75,1.0,22.355518105649512,0.923550808218023
2024-06-05,Household,98,1470.0,56,2,0,0,15.0,0.0,21.348511836513016,2.727502747008525
2024-06-06,Household,98,1470.0,56,3,0,0,15.0,0.0,21.37133487174675,0.8298626426599003
2024-06-07,Household,97,1455.0,55,4,0,0,15.0,0.0,15.793362199876679,1.3969884089534346
2024-06-08,Household,124,1860.0,70,5,1,0,15.0,0.0,20.998950198773564,0.0
2024-06-09,Household,124,1860.0,70,6,1,0,15.0,0.0,15.3704489694289,0.0
2024-06-10,Household,106,1590.0,60,0,0,0,15.0,0.0,18.316134015501525,0.0
2024-06-11,Household,97,1455.0,55,1,0,0,15.0,0.0,16.737136462157046,1.0312465590469655
2024-06-12,Household,97,1455.0,55,2,0,0,15.0,0.0,19.698333756200178,1.366603606058297
2024-06-13,Household,104,1560.0,59,3,0,0,15.0,0.0,16.1601895486121,0.0
2024-06-14,Household,95,1425.0,54,4,0,0,15.0,0.0,18.2672527491995,1.0060844979551407
2024-06-15,Household,122,1830.0,69,5,1,0,15.0,0.0,18.174952808122,0.0
2024-06-16,Household,113,1695.0,64,6,1,0,15.0,0.0,19.316431482788467,0.37020952231193616
2024-06-17,Household,95,1425.0,54,0,0,0,15.0,0.0,16.11918026441289,1.1127492875435037
2024-06-18,Household,95,1425.0,54,1,0,0,15.0,0.0,18.117079507437914,0.15718635225754185
2024-06-19,Household,102,1530.0,58,2,0,0,15.0,0.0,15.618200618070048,0.0
2024-06-20,Household,94,1410.0,53,3,0,0,15.0,0.0,13.973609728119074,2.169587411226784
2024-06-21,Household,102,1530.0,58,4,0,0,15.0,0.0,16.294449764000046,0.0
2024-06-22,Household,120,1800.0,68,5,1,0,15.0,0.0,18.444674470958322,0.0
2024-06-23,Household,121,1815.0,68,6,1,0,15.0,0.0,13.600005062924842,0.0
2024-06-24,Household,94,1410.0,53,0,0,0,15.0,0.0,15.335783371050477,1.9165625824141723
2024-06-25,Household,92,1380.0,52,1,0,0,15.0,0.0,13.859762856371947,0.4030522812774433
2024-06-26,Household,91,1365.0,52,2,0,0,15.0,0.0,18.098056470103003,0.31048044267334407
2024-06-27,Household,137,2055.0,77,3,0,0,15.0,0.0,14.976588893979928,4.150468156343229
2024-06-28,Household,137,2055.0,77,4,0,0,15.0,0.0,16.579843603296993,3.2184707675077187
2024-06-29,Household,155,2325.0,87,5,1,0,15.0,0.0,14.411726260822256,0.9873548251481234
2024-06-30,Household,143,1823.25,67,6,1,0,12.75,1.0,13.853827229965056,0.0
2024-07-01,Household,109,1389.75,51,0,0,0,12.75,1.0,12.134238194005821,3.6535873484008388
2024-07-02,Household,90,1350.0,51,1,0,0,15.0,0.0,13.7687535217683,1.1379310260733284
2024-07-03,Household,90,1350.0,51,2,0,0,15.0,0.0,14.322106926675561,1.14956560925945
2024-07-04,Household,118,1770.0,66,3,0,1,15.0,0.0,8.934290786876796,3.0606579532340676
2024-07-05,Household,99,1485.0,56,4,0,0,15.0,,18.159603199301532,0.0
2024-07-06,Household,108,1620.0,61,5,1,0,15.0,0.0,14.374390068149978,3.810887807398779
2024-07-07,Household,115,1725.0,65,6,1,0,15.0,0.0,14.953708803878733,0.0
2024-07-08,Household,88,1320.0,50,0,0,0,15.0,0.0,14.906037497401808,0.009930562326858183
2024-07-09,Household,97,1455.0,55,1,0,0,15.0,0.0,14.56432248053115,0.0
2024-07-10,Household,106,1351.5,50,2,0,0,12.75,1.0,14.490626287911606,0.5919282423548533
2024-07-11,Household,106,1351.5,50,3,0,0,12.75,1.0,12.624075574889435,2.590494646121454
2024-07-12,Household,89,1335.0,50,4,0,0,15.0,0.0,11.089981923090383,0.8026724061348063
2024-07-13,Household,105,1575.0,59,5,1,0,15.0,0.0,12.626630595335435,0.4913752955026176
2024-07-14,Household,126,1606.5,59,6,1,0,12.75,1.0,10.773953324683847,3.03019565842504
2024-07-15,Household,104,1326.0,49,0,0,0,12.75,1.0,13.53364844577808,1.1381234877921456
2024-07-16,Household,,,49,1,0,0,15.0,0.0,11.933531243937297,0.0623657385618106
2024-07-17,Household,87,1305.0,49,2,0,0,15.0,0.0,11.327872669886368,1.942661748147843
2024-07-18,Household,86,1290.0,49,3,0,0,15.0,0.0,13.862484828696724,0.9322749481992934
2024-07-19,Household,94,1410.0,53,4,0,0,15.0,0.0,9.948337246979545,0.0
2024-07-20,Household,103,1545.0,58,5,1,0,15.0,0.0,9.203328813944951,1.3104681902248672
2024-07-21,Household,103,1545.0,58,6,1,0,15.0,0.0,12.07063250861648,2.5399189895608436
2024-07-22,Household,94,1410.0,53,0,0,0,15.0,0.0,12.140439475360878,0.0
2024-07-23,Household,85,1275.0,48,1,0,0,15.0,0.0,11.201852889916411,0.4639485511723298
2024-07-24,Household,85,1275.0,48,2,0,0,15.0,0.0,10.256797439100248,0.2573413751913165
2024-07-25,Household,79,1007.25,37,3,0,0,12.75,1.0,9.19419079398785,5.277047347032267
2024-07-26,Household,100,1275.0,47,4,0,0,12.75,1.0,10.55405489957884,0.6471171281970249
2024-07-27,Household,101,1515.0,57,5,1,0,15.0,0.0,7.598128448082202,0.29930587668159037
2024-07-28,Household,101,1515.0,57,6,1,0,15.0,0.0,12.25211790278936,2.6565321161005757
2024-07-29,Household,92,1380.0,52,0,0,0,15.0,0.0,9.66678338153091,0.0
2024-07-30,Household,84,1260.0,47,1,0,0,15.0,0.0,,
2024-07-31,Household,83,1245.0,47,2,0,0,15.0,0.0,10.903519039812467,0.8621619703965211
2024-08-01,Household,90,1350.0,51,3,0,0,15.0,0.0,10.121217345706011,0.0
2024-08-02,Household,82,1230.0,46,4,0,0,15.0,0.0,8.910029448073942,0.02597011341668698
2024-08-03,Household,100,1500.0,56,5,1,0,15.0,0.0,6.776545081636359,0.33395802436720334
2024-08-04,Household,109,1635.0,61,6,1,0,15.0,0.0,7.693029686453182,0.0
2024-08-05,Household,82,1230.0,46,0,0,0,15.0,0.0,9.335797900664947,0.028042025220174516
2024-08-06,Household,109,1389.75,51,1,0,0,12.75,1.0,8.325603215993686,0.0
2024-08-07,Household,98,1249.5,46,2,0,0,12.75,1.0,11.140415341496519,2.1185869861524584
2024-08-08,Household,80,1200.0,45,3,0,0,15.0,0.0,6.04831726718917,
2024-08-09,Household,80,1200.0,45,4,0,0,15.0,0.0,11.333671331429418,1.423097254164324
2024-08-10,Household,98,1470.0,55,5,1,0,15.0,0.0,8.721288947295951,4.905507970246179
2024-08-11,Household,98,1470.0,55,6,1,0,15.0,0.0,9.703045196314253,1.8757293863540587
2024-08-12,Household,80,1200.0,45,0,0,0,15.0,0.0,5.964275923824457,0.3036707932136309
2024-08-13,Household,80,1200.0,45,1,0,0,15.0,0.0,6.12614523197518,0.13545583279008855
2024-08-14,Household,79,1185.0,45,2,0,0,15.0,,12.860995067585245,2.344637779590414
2024-08-15,Household,78,1170.0,44,3,0,0,15.0,0.0,6.180868349588517,0.13913718864595737
2024-08-16,Household,78,1170.0,44,4,0,0,15.0,0.0,8.545546976704998,0.895701003118692
2024-08-17,Household,96,1440.0,54,5,1,0,15.0,0.0,7.679121634096743,2.1981093023950438
2024-08-18,Household,96,1440.0,54,6,1,0,15.0,0.0,9.8833869261638,1.5681098460908025
2024-08-19,Household,78,1170.0,44,0,0,0,15.0,0.0,6.921910249033074,0.2966653102431296
2024-08-20,Household,132,1980.0,74,1,0,0,15.0,0.0,7.030544913840908,0.0
2024-08-21,Household,105,1575.0,59,2,0,0,15.0,0.0,6.716028041263325,5.960410925269556
2024-08-22,Household,123,1845.0,69,3,0,0,15.0,0.0,6.995610982861144,1.088457426913569
2024-08-23,Household,123,1845.0,69,4,0,0,15.0,0.0,7.036962373058233,1.0044033332928368
2024-08-24,Household,121,1815.0,68,5,1,0,15.0,0.0,8.5099052001672,12.794949981185757
2024-08-25,Household,94,1410.0,53,6,1,0,15.0,,5.795858319332007,2.244030593448335
2024-08-26,Household,76,1140.0,43,0,0,0,15.0,0.0,10.837877303301028,1.1605432200837598
2024-08-27,Household,92,1173.0,43,1,0,0,12.75,1.0,8.474973504399523,0.6170607179915186
2024-08-28,Household,103,1313.25,48,2,0,0,12.75,1.0,6.474867602195573,0.0
2024-08-29,Household,77,1155.0,43,3,0,0,15.0,0.0,4.238418928742769,2.3892818230955064
2024-08-30,Household,76,1140.0,43,4,0,0,15.0,0.0,5.9534131058068365,3.92939229236511
2024-08-31,Household,95,1425.0,53,5,1,0,15.0,0.0,5.354774774093756,3.10623136497519
2024-09-01,Household,95,1425.0,53,6,1,0,15.0,0.0,,0.31142431090355993
2024-09-02,Household,76,1140.0,43,0,0,0,15.0,0.0,7.101705663814854,0.6860846958389599
2024-09-03,Household,85,1275.0,48,1,0,0,15.0,0.0,7.907792626383905,0.0
2024-09-04,Household,75,1125.0,42,2,0,0,15.0,0.0,5.018651846408473,0.6697245721001044
2024-09-05,Household,74,1110.0,42,3,0,0,15.0,0.0,8.767672540008224,2.5643524804609483
2024-09-06,Household,84,1260.0,47,4,0,0,15.0,0.0,5.284643601301765,0.0
2024-09-07,Household,92,1380.0,52,5,1,0,15.0,0.0,7.554643403989479,0.9180412700847522
2024-09-08,Household,93,1395.0,52,6,1,0,15.0,0.0,4.212817375303739,0.9136029760003119
2024-09-09,Household,84,1260.0,47,0,0,0,15.0,0.0,6.223443800816966,0.0
2024-09-10,Household,83,1245.0,47,1,0,0,15.0,0.0,8.054607928247192,0.0
2024-09-11,Household,83,1245.0,47,2,0,0,15.0,0.0,10.213423636411608,0.0
2024-09-12,Household,75,1125.0,42,3,0,0,15.0,0.0,5.265061899073191,1.8338183513431718
2024-09-13,Household,74,1110.0,42,4,0,0,15.0,0.0,8.400530239277748,2.716207229027483
2024-09-14,Household,93,1395.0,52,5,1,0,15.0,0.0,4.524762119817704,0.5051681278719617
2024-09-15,Household,93,1395.0,52,6,1,0,15.0,0.0,,3.72323475779348
2024-09-16,Household,75,1125.0,42,0,0,0,15.0,0.0,-0.6074671468279309,2.245086530328609
2024-09-17,Household,75,1125.0,42,1,0,0,15.0,0.0,0.9750150522696899,0.013091669552042884
2024-09-18,Household,74,1110.0,42,2,0,0,15.0,0.0,9.037880902640078,1.9709588395337998
2024-09-19,Household,75,1125.0,42,3,0,0,15.0,0.0,5.503446038153632,0.9700727354131014
2024-09-20,Household,75,1125.0,42,4,0,0,15.0,0.0,6.952964792634653,1.19067441497165
2024-09-21,Household,93,1395.0,52,5,1,0,15.0,0.0,6.131438137618592,0.5536919982123822
2024-09-22,Household,122,1555.5,57,6,1,0,12.75,1.0,4.70447970657666,
2024-09-23,Household,90,1147.5,42,0,0,0,12.75,1.0,5.580228767537977,0.8119190336439852
2024-09-24,Household,75,1125.0,42,1,0,0,15.0,0.0,3.362751128269034,0.03922987028798808
2024-09-25,Household,74,1110.0,42,2,0,0,15.0,0.0,9.994267253195915,1.2540902107864302
2024-09-26,Household,84,1260.0,47,3,0,0,15.0,0.0,6.070389970120779,0.0
2024-09-27,Household,74,1110.0,42,4,0,0,15.0,0.0,10.244627588377313,0.7431361064642976
2024-09-28,Household,93,1395.0,52,5,1,0,15.0,0.0,7.319524633592659,0.35762958125446653
2024-09-29,Household,92,1380.0,52,6,1,0,15.0,0.0,8.17976675880869,0.18667515980502025
2024-09-30,Household,75,1125.0,42,0,0,0,15.0,,0.6238794936081886,0.6662095458150912
2024-10-01,Household,90,1147.5,42,1,0,0,12.75,1.0,8.229863423766588,2.9549385416680964
2024-10-02,Household,68,867.0,32,2,0,0,12.75,1.0,5.697608939675114,12.825854601011683
2024-10-03,Household,75,1125.0,42,3,0,0,15.0,0.0,1.846139669502898,0.19278280679358106
2024-10-04,Household,74,1110.0,42,4,0,0,15.0,0.0,8.503253550558854,1.455485652937452
2024-10-05,Household,93,1395.0,52,5,1,0,15.0,0.0,4.009744992250789,0.9011486093916539
2024-10-06,Household,93,1395.0,52,6,1,0,15.0,0.0,5.920438816099197,0.37610425599919206
2024-10-07,Household,90,1147.5,42,0,0,0,12.75,1.0,4.344179309356364,2.473914020850277
2024-10-08,Household,101,1287.75,47,1,0,0,12.75,1.0,4.253746002258384,0.0
2024-10-09,Household,75,1125.0,42,2,0,0,15.0,0.0,4.311096874195215,0.9393464841163239
2024-10-10,Household,75,1125.0,42,3,0,0,15.0,0.0,5.515357646262714,1.3629245056608474
2024-10-11,Household,75,1125.0,42,4,0,0,15.0,0.0,4.589110789675603,1.294697595489826
2024-10-12,Household,93,1395.0,52,5,1,0,15.0,0.0,3.553465215454932,0.2124995786590662
2024-10-13,Household,102,1530.0,57,6,1,0,15.0,0.0,5.802861647769329,0.0
2024-10-14,Household,75,1125.0,42,0,0,0,15.0,0.0,7.170010845525649,0.16217487541942255
2024-10-15,Household,84,1260.0,47,1,0,0,15.0,0.0,3.5394823472684793,0.0
2024-10-16,Household,84,1260.0,47,2,0,0,15.0,0.0,3.8373570029753825,0.0
2024-10-17,Household,75,1125.0,42,3,0,0,15.0,0.0,6.792719201768875,0.8183311884596618
2024-10-18,Household,75,1125.0,42,4,0,0,15.0,0.0,5.950868225089514,2.603914803561162
2024-10-19,Household,111,1415.25,52,5,1,0,12.75,1.0,7.653657834464147,0.28782524212703064
2024-10-20,Household,122,1555.5,57,6,1,0,12.75,1.0,5.395534951168995,0.0
2024-10-21,Household,75,1125.0,42,0,0,0,15.0,0.0,3.071192786021738,0.07480167864082876
2024-10-22,Household,57,855.0,32,1,0,0,15.0,0.0,6.9405965408950046,5.891236369223168
2024-10-23,Household,84,1260.0,47,2,0,0,15.0,0.0,3.52815644511936,0.0
2024-10-24,Household,75,1125.0,42,3,0,0,15.0,0.0,3.689583825460848,0.08773480263891975
2024-10-25,Household,83,1245.0,47,4,0,0,15.0,0.0,8.430815816685124,0.0
2024-10-26,Household,93,1395.0,52,5,1,0,15.0,0.0,6.123199265281974,1.0899268978226937
2024-10-27,Household,104,1560.0,58,6,1,0,15.0,0.0,3.7080041747058985,0.0
2024-10-28,Household,76,1140.0,43,0,0,0,15.0,0.0,7.355051900950155,1.9168440503691135
2024-10-29,Household,86,1290.0,48,1,0,0,15.0,0.0,3.140562794357,0.0
2024-10-30,Household,59,885.0,33,2,0,0,15.0,0.0,3.363215837693648,8.584029400203207
2024-10-31,Household,76,1140.0,43,3,0,0,15.0,0.0,7.591810249844689,0.7461248860912324
2024-11-01,Household,86,1290.0,48,4,0,0,15.0,0.0,5.0282214468385416,0.0
2024-11-02,Household,94,1410.0,53,5,1,0,15.0,0.0,5.943170304423948,0.8576482085400106
2024-11-03,Household,113,1440.75,53,6,1,0,12.75,1.0,9.085648225157883,2.031402394481561
2024-11-04,Household,103,1313.25,48,0,0,0,12.75,1.0,4.924501078969028,0.0
2024-11-05,Household,76,1140.0,43,1,0,0,15.0,0.0,7.595870894386655,1.9831662183513559
2024-11-06,Household,76,1140.0,43,2,0,0,15.0,0.0,6.384010903733712,0.17106864114125564
2024-11-07,Household,78,1170.0,44,3,0,0,15.0,0.0,6.568143076347766,0.05305686816221589
2024-11-08,Household,78,1170.0,44,4,0,0,15.0,0.0,8.224824199007298,1.9939295653052085
2024-11-09,Household,96,1440.0,54,5,1,0,15.0,0.0,6.254220679989137,1.233793563752811
2024-11-10,Household,78,1170.0,44,6,1,0,15.0,0.0,11.19538532915827,7.821173999781099
2024-11-11,Household,78,1170.0,44,0,0,0,15.0,0.0,7.988053217232138,0.2977833944097916
2024-11-12,Household,87,1305.0,49,1,0,0,15.0,0.0,8.45313038589269,0.0
2024-11-13,Household,78,1170.0,44,2,0,0,15.0,0.0,8.69836311491153,0.6535617598517851
2024-11-14,Household,78,1170.0,44,3,0,0,15.0,0.0,7.195346827162124,2.1034384786728335
2024-11-15,Household,87,1305.0,49,4,0,0,15.0,0.0,9.042068928795038,0.0
2024-11-16,Household,98,1470.0,55,5,1,0,15.0,0.0,7.966043960096722,0.24977601288315432
2024-11-17,Household,98,1470.0,55,6,1,0,15.0,0.0,8.04401411433757,0.46461726459578867
2024-11-18,Household,80,1200.0,45,0,0,0,15.0,0.0,6.960186205415524,1.4497288642463984
2024-11-19,Household,80,1200.0,45,1,0,0,15.0,0.0,7.793986488671623,
2024-11-20,Household,80,1200.0,45,2,0,0,15.0,0.0,9.088311725905315,1.7123472281561174
2024-11-21,Household,80,1200.0,45,3,0,0,15.0,0.0,9.249286259311306,1.279284079167018
2024-11-22,Household,80,1200.0,45,4,0,0,15.0,0.0,9.14889809846507,0.07464636291115401
2024-11-23,Household,99,1485.0,56,5,1,0,15.0,0.0,9.514003136050558,
2024-11-24,Household,108,1620.0,61,6,1,0,15.0,0.0,9.567718826668354,0.0
2024-11-25,Household,90,1350.0,51,0,0,0,15.0,0.0,11.743390249636205,0.0
2024-11-26,Household,82,1230.0,46,1,0,0,15.0,0.0,7.184466930883138,0.27467074794192126
2024-11-27,Household,81,1215.0,46,2,0,0,15.0,0.0,11.113894436754217,0.5713347168581746
2024-11-28,Household,91,1365.0,51,3,0,0,15.0,0.0,5.867453893470498,0.0
2024-11-29,Household,90,1350.0,51,4,0,0,15.0,0.0,10.239040667800438,0.0
2024-11-30,Household,102,1530.0,57,5,1,0,15.0,0.0,5.586888367953217,0.17903032022523702
2024-12-01,Household,101,1515.0,57,6,1,0,15.0,0.0,,1.285296708990507
2024-12-02,Household,83,1245.0,47,0,0,0,15.0,0.0,11.675827023734259,0.5389422458137851
2024-12-03,Household,92,1380.0,52,1,0,0,15.0,0.0,12.920165270944977,0.0
2024-12-04,Household,83,1245.0,47,2,0,0,15.0,0.0,13.883828245210871,0.579101703274796
2024-12-05,Household,83,1245.0,47,3,0,0,15.0,0.0,12.444731206606072,0.6343754156830148
2024-12-06,Household,100,1275.0,47,4,0,0,12.75,1.0,12.629177236555448,3.62412123013016
2024-12-07,Household,124,1581.0,58,5,1,0,12.75,1.0,11.862728238178933,0.5925350630234076
2024-12-08,Household,103,1545.0,58,6,1,0,15.0,0.0,11.947020399352674,1.7388277666733662
2024-12-09,Household,85,1275.0,48,0,0,0,15.0,0.0,10.756665286411497,0.7252173487503899
2024-12-10,Household,94,1410.0,53,1,0,0,15.0,0.0,13.898840734043773,0.0
2024-12-11,Household,80,1020.0,38,2,0,0,12.75,1.0,13.073693207630459,8.435292199832473
2024-12-12,Household,102,1300.5,48,3,0,0,12.75,1.0,11.448411634075212,2.911674010777699
2024-12-13,Household,87,1305.0,49,4,0,0,15.0,0.0,10.728105660386541,2.191594967165278
2024-12-14,Household,105,1575.0,59,5,1,0,15.0,0.0,11.69381101313525,0.47632930383034067
2024-12-15,Household,105,1575.0,59,6,1,0,15.0,0.0,12.568570509926856,1.5508639935995236
2024-12-16,Household,87,1305.0,49,0,0,0,15.0,0.0,13.212761257542246,3.873297117951825
2024-12-17,Household,86,1290.0,49,1,0,0,15.0,0.0,15.700413529566063,1.2896997182785563
2024-12-18,Household,87,1305.0,49,2,0,0,15.0,0.0,12.146388696553768,1.8797753854201598
2024-12-19,Household,89,1335.0,50,3,0,0,15.0,0.0,9.896484893333074,0.5406884954369693
