store_sales_forecasting_raw.csv
Date,Product_Category,Units_Sold,Daily_Revenue,Demand_Index,Day_of_Week,Is_Weekend,Is_Holiday,Price,Is_On_Sale,Avg_Daily_Temperature,Rainfall_mm
2024-12-20,Household,88,1320.0,50,4,0,0,15.0,0.0,13.193949297786814,2.9573067804535276
2024-12-21,Household,115,1725.0,65,5,1,0,15.0,0.0,12.967426151955706,0.0
2024-12-22,Household,115,1725.0,65,6,1,0,15.0,0.0,12.026746720477085,0.0
2024-12-23,Household,88,1320.0,50,0,0,0,15.0,0.0,13.187752918718154,3.2101883459291978
2024-12-24,Household,88,1320.0,50,1,0,0,15.0,0.0,13.011052751844392,0.6387339087161179
2024-12-25,Household,117,1755.0,66,2,0,1,15.0,0.0,15.39535572306894,0.1961746220034577
2024-12-26,Household,90,1350.0,51,3,0,0,15.0,0.0,14.230074921788868,0.5390345921123765
2024-12-27,Household,90,1350.0,51,4,0,0,15.0,0.0,,
2024-12-28,Household,108,1620.0,61,5,1,0,15.0,0.0,13.28573409949633,0.15331975166981437
2024-12-29,Household,108,1620.0,61,6,1,0,15.0,0.0,19.273054148206047,0.27874549105586466
2024-12-30,Household,99,1485.0,56,0,0,0,15.0,0.0,15.679075310022405,0.0
2024-12-31,Household,101,1515.0,57,1,0,0,15.0,0.0,16.6526373730604,0.0
2025-01-01,Household,132,1980.0,74,2,0,1,15.0,0.0,11.340759520457508,0.0
2025-01-02,Household,95,1425.0,54,3,0,0,15.0,0.0,14.437793924130853,0.45065995894177724
2025-01-03,Household,104,1560.0,59,4,0,0,15.0,0.0,16.980308066980285,0.0
2025-01-04,Household,114,1710.0,64,5,1,0,15.0,0.0,13.128643833936938,0.7452719747093739
2025-01-05,Household,113,1695.0,64,6,1,0,15.0,0.0,16.048906783009034,0.37010870125990913
2025-01-06,Household,106,1590.0,60,0,0,0,15.0,0.0,12.695891521616659,0.0
2025-01-07,Household,106,1590.0,60,1,0,0,15.0,0.0,18.421863631706326,0.0
2025-01-08,Household,97,1455.0,55,2,0,0,15.0,0.0,14.096043389440702,2.3568479758590652
2025-01-09,Household,106,1590.0,60,3,0,0,15.0,0.0,16.910462026627712,0.0
2025-01-10,Household,97,1455.0,55,4,0,0,15.0,0.0,16.070988495831585,0.7749830118878736
2025-01-11,Household,124,1860.0,70,5,1,0,15.0,0.0,14.453533494326269,0.0
2025-01-12,Household,126,1890.0,71,6,1,0,15.0,0.0,18.86689615691971,0.0
2025-01-13,Household,99,1485.0,56,0,0,0,15.0,0.0,14.435840344845195,0.09387019534935837
2025-01-14,Household,108,1620.0,61,1,0,0,15.0,0.0,19.30826781686219,0.0
2025-01-15,Household,108,1620.0,61,2,0,0,15.0,0.0,14.822827083521535,0.0
2025-01-16,Household,98,1470.0,56,3,0,0,15.0,0.0,20.595720961573505,3.0108523348696643
2025-01-17,Household,108,1620.0,61,4,0,0,15.0,0.0,16.19598189993126,0.0
2025-01-18,Household,128,1920.0,72,5,1,0,15.0,0.0,15.921831480680709,0.0
2025-01-19,Household,127,1905.0,72,6,1,0,15.0,0.0,17.5535762793729,0.0
2025-01-20,Household,100,1500.0,57,0,0,0,15.0,0.0,17.99711020757223,1.3813040615336853
2025-01-21,Household,100,1500.0,57,1,0,0,15.0,0.0,17.51182480998547,1.2682659358852706
2025-01-22,Household,100,1500.0,57,2,0,0,15.0,0.0,20.13151865737808,0.1306895529442904
2025-01-23,Household,109,1635.0,62,3,0,0,15.0,0.0,21.11854955748786,0.0
2025-01-24,Household,102,1530.0,58,4,0,0,15.0,0.0,18.411013737656976,1.4671425672341836
2025-01-25,Household,120,1800.0,68,5,1,0,15.0,0.0,19.97018053852171,1.0148413167796706
2025-01-26,Household,120,1800.0,68,6,1,0,15.0,0.0,21.360514902992374,1.7372134650496651
2025-01-27,Household,102,1530.0,58,0,0,0,15.0,0.0,23.031468192934984,
2025-01-28,Household,102,1530.0,58,1,0,0,15.0,0.0,21.77969050637051,2.734135404665736
2025-01-29,Household,134,1708.5,63,2,0,0,12.75,1.0,20.167277231443872,0.0
2025-01-30,Household,123,1568.25,58,3,0,0,12.75,1.0,20.61332868180307,2.0132197989029246
2025-01-31,Household,104,1560.0,59,4,0,0,15.0,0.0,22.854332468924788,3.6193371947840784
2025-02-01,Household,122,1830.0,69,5,1,0,15.0,0.0,,3.101539156328748
2025-02-02,Household,122,1830.0,69,6,1,0,15.0,0.0,17.737118063495995,0.5660846718536301
2025-02-03,Household,104,1560.0,59,0,0,0,15.0,0.0,22.819039692409184,0.6086440198445398
2025-02-04,Household,104,1560.0,59,1,0,0,15.0,0.0,21.73241466068199,2.2062792779500864
2025-02-05,Household,104,1560.0,59,2,0,0,15.0,0.0,23.14830155350016,0.09565948467470009
2025-02-06,Household,104,1560.0,59,3,0,0,15.0,0.0,20.450288069919832,0.2845268713132756
2025-02-07,Household,105,1575.0,60,4,0,0,15.0,0.0,22.33020552745049,2.0630625852042024
2025-02-08,Household,123,1845.0,70,5,1,0,15.0,0.0,24.578231288913035,1.882687093164856
2025-02-09,Household,132,1980.0,75,6,1,0,15.0,0.0,21.90464231266575,0.0
2025-02-10,Household,105,1575.0,60,0,0,0,15.0,0.0,,0.014483946643822687
2025-02-11,Household,106,1590.0,60,1,0,0,15.0,0.0,19.728254770054757,0.7170364332435759
2025-02-12,Household,127,1619.25,60,2,0,0,12.75,1.0,17.5634474513062,0.48031457536092836
2025-02-13,Household,127,1619.25,60,3,0,0,12.75,1.0,23.014622868346027,0.6620091191715463
2025-02-14,Household,106,1590.0,60,4,0,0,15.0,0.0,21.176143831775484,0.29276247632915053
2025-02-15,Household,126,1890.0,71,5,1,0,15.0,0.0,17.73585075780555,0.4680845381088694
2025-02-16,Household,125,1875.0,71,6,1,0,15.0,0.0,20.884146424501196,1.2438128178248826
2025-02-17,Household,107,1605.0,61,0,0,0,15.0,0.0,20.563194890554705,0.4548313056473263
2025-02-18,Household,107,1605.0,61,1,0,0,15.0,0.0,21.64386952753652,1.10547335587344
2025-02-19,Household,89,1335.0,51,2,0,0,15.0,0.0,20.477594070107713,10.899091933647805
2025-02-20,Household,116,1740.0,66,3,0,0,15.0,0.0,22.602976110885198,0.0
2025-02-21,Household,116,1740.0,66,4,0,0,15.0,0.0,21.482512448961433,0.0
2025-02-22,Household,125,1875.0,71,5,1,0,15.0,0.0,19.476851882588377,0.18618092146542287
2025-02-23,Household,136,2040.0,77,6,1,0,15.0,0.0,21.66903816855493,0.0
2025-02-24,Household,109,1635.0,62,0,0,0,15.0,0.0,23.093650468056275,2.4233183240407974
2025-02-25,Household,109,1635.0,62,1,0,0,15.0,0.0,25.75342044126541,
2025-02-26,Household,109,1635.0,62,2,0,0,15.0,0.0,23.961810765614153,3.4523801710995254
2025-02-27,Household,154,2310.0,87,3,0,0,15.0,0.0,23.013864755141174,0.9171010291782533
2025-02-28,Household,163,2445.0,92,4,0,0,15.0,0.0,24.78575099345361,0.0
2025-03-01,Household,177,2655.0,100,5,1,0,15.0,0.0,24.813018199261997,0.0
2025-03-02,Household,127,1905.0,72,6,1,0,15.0,0.0,22.829042480873586,0.8086178143790255
2025-03-03,Household,119,1785.0,67,0,0,0,15.0,0.0,17.200653948074613,0.0
2025-03-04,Household,109,1635.0,62,1,0,0,15.0,0.0,25.298667193596348,0.6936729842344411
2025-03-05,Household,109,1635.0,62,2,0,0,15.0,0.0,20.320325284327623,1.0178278567018255
2025-03-06,Household,109,1635.0,62,3,0,0,15.0,0.0,23.881792920446898,0.05146886256860039
2025-03-07,Household,120,1800.0,68,4,0,0,15.0,0.0,25.29519313275695,0.0
2025-03-08,Household,138,2070.0,78,5,1,0,15.0,0.0,20.5641177056869,0.0
2025-03-09,Household,138,2070.0,78,6,1,0,15.0,0.0,23.846316632307335,0.0
2025-03-10,Household,92,1380.0,53,0,0,0,15.0,0.0,26.195439025051073,6.685193739269185
2025-03-11,Household,120,1800.0,68,1,0,0,15.0,0.0,23.87129706843179,0.0
2025-03-12,Household,111,1665.0,63,2,0,0,15.0,0.0,23.486309529150702,0.9516713951206517
2025-03-13,Household,110,1650.0,63,3,0,0,15.0,0.0,,2.3932855962955193
2025-03-14,Household,111,1665.0,63,4,0,0,15.0,0.0,21.617148004122644,2.2159565165912136
2025-03-15,Household,129,1935.0,73,5,1,0,15.0,0.0,20.582452503268193,0.02644425834318076
2025-03-16,Household,129,1935.0,73,6,1,0,15.0,0.0,23.54466776928108,3.7712337684404105
2025-03-17,Household,111,1665.0,63,0,0,0,15.0,0.0,22.254260161094944,0.06725397778048792
2025-03-18,Household,120,1800.0,68,1,0,0,15.0,0.0,21.894603776237958,0.0
2025-03-19,Household,111,1665.0,63,2,0,0,15.0,0.0,23.781647013562992,0.053587609927098656
2025-03-20,Household,120,1800.0,68,3,0,0,15.0,0.0,24.2670995686869,0.0
2025-03-21,Household,120,1800.0,68,4,0,0,15.0,0.0,25.401796292722896,0.0
2025-03-22,Household,137,2055.0,78,5,1,0,15.0,0.0,26.281889145587172,0.0
2025-03-23,Household,129,1935.0,73,6,1,0,15.0,0.0,21.995430490980134,2.1592441957357904
2025-03-24,Household,110,1650.0,63,0,0,0,15.0,0.0,26.17560377928097,1.7351903956136998
2025-03-25,Household,111,1665.0,63,1,0,0,15.0,0.0,22.136299466014712,0.260188916259813
2025-03-26,Household,165,2475.0,93,2,0,0,15.0,0.0,23.53592715738602,0.0
2025-03-27,Household,155,2325.0,88,3,0,0,15.0,0.0,29.066678732024126,0.6122674976632525
2025-03-28,Household,165,2475.0,93,4,0,0,15.0,0.0,24.785205213889046,0.0
2025-03-29,Household,129,1935.0,73,5,1,0,15.0,0.0,24.667505442828002,0.367166651832437
2025-03-30,Household,129,1935.0,73,6,1,0,15.0,0.0,23.04942641906045,0.3373361973089011
2025-03-31,Household,111,1665.0,63,0,0,0,15.0,0.0,24.012894730355374,
2025-04-01,Household,122,1830.0,69,1,0,0,15.0,0.0,23.218585816837198,0.0
2025-04-02,Household,110,1650.0,63,2,0,0,15.0,0.0,27.43443364671837,0.5289283737407326
2025-04-03,Household,119,1785.0,68,3,0,0,15.0,0.0,26.089622208573058,
2025-04-04,Household,110,1650.0,63,4,0,0,15.0,0.0,25.61171316554857,3.5660288380748675
2025-04-05,Household,155,1976.25,73,5,1,0,12.75,1.0,22.804167118753572,0.6761179218503965
2025-04-06,Household,165,2103.75,78,6,1,0,12.75,1.0,24.659852569649075,0.0
2025-04-07,Household,111,1665.0,63,0,0,0,15.0,0.0,23.546701041834535,1.5261561975025018
2025-04-08,Household,119,1785.0,68,1,0,0,15.0,0.0,25.49488262868386,0.0
2025-04-09,Household,111,1665.0,63,2,0,0,15.0,0.0,24.18465032125797,3.0481972185793085
2025-04-10,Household,93,1395.0,53,3,0,0,15.0,0.0,24.25811590692933,9.605624956698419
2025-04-11,Household,110,1650.0,63,4,0,0,15.0,0.0,25.878857066207786,
2025-04-12,Household,138,2070.0,78,5,1,0,15.0,0.0,24.181701930413993,
2025-04-13,Household,138,2070.0,78,6,1,0,15.0,0.0,22.99231968558822,0.0
2025-04-14,Household,133,1695.75,63,0,0,0,12.75,1.0,22.597366280281364,1.851122712235565
2025-04-15,Household,133,1695.75,63,1,0,0,12.75,1.0,23.038835695026098,0.877912895623189
2025-04-16,Household,120,1800.0,68,2,0,0,15.0,0.0,23.43083042202595,0.0
2025-04-17,Household,120,1800.0,68,3,0,0,15.0,0.0,24.372159784691558,0.0
2025-04-18,Household,111,1665.0,63,4,0,0,15.0,0.0,23.17661118257634,0.6112633990166687
2025-04-19,Household,138,2070.0,78,5,1,0,15.0,0.0,25.359086943538685,0.0
2025-04-20,Household,138,2070.0,78,6,1,0,15.0,0.0,24.11123279463257,0.0
2025-04-21,Household,111,1665.0,63,0,0,0,15.0,0.0,23.838698703989916,0.0022133334910583446
2025-04-22,Household,110,1650.0,63,1,0,0,15.0,0.0,26.998963242706843,0.08066343725355019
2025-04-23,Household,156,2340.0,88,2,0,0,15.0,0.0,24.608395864456064,1.9964188343780869
2025-04-24,Household,165,2475.0,93,3,0,0,15.0,0.0,23.754465433325848,0.0
2025-04-25,Household,165,2475.0,93,4,0,0,15.0,0.0,24.019294914108396,
2025-04-26,Household,129,1935.0,73,5,1,0,15.0,0.0,22.645478907101808,0.40959701897608536
2025-04-27,Household,129,1935.0,73,6,1,0,15.0,0.0,24.2293550148914,0.23176254563464305
2025-04-28,Household,109,1635.0,62,0,0,0,15.0,0.0,19.852093285956617,0.33972417132504185
2025-04-29,Household,109,1635.0,62,1,0,0,15.0,0.0,25.040522619969654,0.5459870468175416
2025-04-30,Household,118,1770.0,67,2,0,0,15.0,0.0,19.961219039267128,0.0
2025-05-01,Household,109,1635.0,62,3,0,0,15.0,0.0,25.016159270322305,0.35596098954287547
2025-05-02,Household,118,1770.0,67,4,0,0,15.0,0.0,26.39998833785155,0.0
2025-05-03,Household,127,1905.0,72,5,1,0,15.0,,25.224222044910796,1.4063858985206186
2025-05-04,Household,127,1905.0,72,6,1,0,15.0,0.0,25.358232588956703,2.4458178218501043
2025-05-05,Household,109,1635.0,62,0,0,0,15.0,0.0,24.047531392472138,0.859143164584897
2025-05-06,Household,109,1635.0,62,1,0,0,15.0,0.0,27.405848261061006,3.8328327573901353
2025-05-07,Household,109,1635.0,62,2,0,0,15.0,0.0,21.08320022211389,1.919836548405799
2025-05-08,Household,108,1620.0,62,3,0,0,15.0,0.0,27.72011800642918,0.9901175732716414
2025-05-09,Household,107,1605.0,61,4,0,0,15.0,0.0,21.609270575660044,1.3026551317676751
2025-05-10,Household,125,1875.0,71,5,1,0,15.0,0.0,23.88279924864709,0.2961518983714595
2025-05-11,Household,125,1875.0,71,6,1,0,15.0,0.0,24.957083869527917,0.2948532365276946
2025-05-12,Household,107,1605.0,61,0,0,0,15.0,0.0,23.55473088019612,0.9434138276732784
2025-05-13,Household,107,1605.0,61,1,0,0,15.0,0.0,22.552969268933673,0.22900032270509074
2025-05-14,Household,107,1605.0,61,2,0,0,15.0,0.0,21.577977559019644,1.6173272108793606
2025-05-15,Household,107,1605.0,61,3,0,0,15.0,0.0,21.988776358802546,0.10191181400020177
2025-05-16,Household,107,1605.0,61,4,0,0,15.0,0.0,23.149942147454947,1.3362293947190267
2025-05-17,Household,,,71,5,1,0,15.0,0.0,22.501392819936356,1.1572295336327234
2025-05-18,Household,123,1845.0,70,6,1,0,15.0,0.0,22.202239238595393,4.9697596222819715
2025-05-19,Household,87,1305.0,50,0,0,0,15.0,0.0,25.844712481566454,6.238857367122777
2025-05-20,Household,127,1619.25,60,1,0,0,12.75,1.0,23.04354124422941,0.10123558002167643
2025-05-21,Household,127,1619.25,60,2,0,0,12.75,1.0,23.747151896978487,0.7448561712393975
2025-05-22,Household,106,1590.0,60,3,0,0,15.0,0.0,21.33410598053389,4.4663342658110805
2025-05-23,Household,105,1575.0,60,4,0,0,15.0,0.0,22.531857970617878,0.09535152543007408
2025-05-24,Household,123,1845.0,70,5,1,0,15.0,0.0,21.6103236831384,0.5031245144838965
2025-05-25,Household,124,1860.0,70,6,1,0,15.0,0.0,21.313710505468276,1.8497148981003857
2025-05-26,Household,113,1695.0,64,0,0,0,15.0,0.0,19.54307822177803,0.0
2025-05-27,Household,104,1560.0,59,1,0,0,15.0,0.0,21.056992050559675,1.3884362657257818
2025-05-28,Household,104,1560.0,59,2,0,0,15.0,0.0,23.306359366923214,0.5581398495575252
2025-05-29,Household,104,1560.0,59,3,0,0,15.0,0.0,19.564132393886965,0.09589548672501635
2025-05-30,Household,104,1560.0,59,4,0,0,15.0,0.0,,0.8352488409245855
2025-05-31,Household,122,1830.0,69,5,1,0,15.0,0.0,19.639720864600097,0.18225513397218784
2025-06-01,Household,122,1830.0,69,6,1,0,15.0,0.0,20.18659526687989,0.5120934901321403
2025-06-02,Household,102,1530.0,58,0,0,0,15.0,0.0,19.54552053589972,
2025-06-03,Household,111,1665.0,63,1,0,0,15.0,0.0,15.94168399351071,0.0
2025-06-04,Household,102,1530.0,58,2,0,0,15.0,0.0,17.910567208467572,0.6300079658966729
2025-06-05,Household,84,1260.0,48,3,0,0,15.0,0.0,18.61008327006413,13.662351510022424
2025-06-06,Household,102,1530.0,58,4,0,0,15.0,0.0,19.634767385378368,1.0865655311702387
2025-06-07,Household,120,1800.0,68,5,1,0,15.0,0.0,20.95599955303002,0.14241057884072816
2025-06-08,Household,118,1770.0,67,6,1,0,15.0,0.0,20.648055516333855,2.1170910145970776
2025-06-09,Household,100,1500.0,57,0,0,0,15.0,0.0,18.16532328077688,0.4596509221855618
2025-06-10,Household,99,1262.25,47,1,0,0,12.75,1.0,18.73571035075127,6.597414849428462
2025-06-11,Household,121,1542.75,57,2,0,0,12.75,1.0,17.07864677703389,2.7256677641033593
2025-06-12,Household,100,1500.0,57,3,0,0,15.0,0.0,18.914473353094472,1.5478395856165164
2025-06-13,Household,101,1515.0,57,4,0,0,15.0,0.0,14.981529063310925,1.8600236758318607
2025-06-14,Household,117,1755.0,66,5,1,0,15.0,,17.958979774099618,0.10873825879538646
2025-06-15,Household,116,1740.0,66,6,1,0,15.0,0.0,19.859212030232115,1.5610812901369147
2025-06-16,Household,99,1485.0,56,0,0,0,15.0,0.0,18.965031856900172,0.5904002610873771
2025-06-17,Household,108,1620.0,61,1,0,0,15.0,0.0,18.596183083071,0.0
2025-06-18,Household,99,1485.0,56,2,0,0,15.0,0.0,17.37221891486793,0.03492521914624147
2025-06-19,Household,99,1485.0,56,3,0,0,15.0,0.0,18.869258872027537,0.8946408160285799
2025-06-20,Household,97,1455.0,55,4,0,0,15.0,0.0,18.346407661494354,2.1029971894033914
2025-06-21,Household,124,1860.0,70,5,1,0,15.0,0.0,,0.0
2025-06-22,Household,115,1725.0,65,6,1,0,15.0,0.0,15.193586393976235,1.0193143292141413
2025-06-23,Household,106,1590.0,60,0,0,0,15.0,0.0,14.061544343594806,0.0
2021-01-01,Electronics,37,1850.0,61,4,0,1,50.0,0.0,15.755449652483767,1.3167931231428107
2021-01-02,Electronics,34,1700.0,56,5,1,0,50.0,0.0,15.474275033192814,1.5033427361350893
2021-01-03,Electronics,35,1750.0,56,6,1,0,50.0,0.0,17.11475613760575,
2021-01-04,Electronics,32,1600.0,51,0,0,0,50.0,0.0,17.83370286933573,0.0
2021-01-05,Electronics,29,1450.0,46,1,0,0,50.0,0.0,16.73485372991104,0.32522810051151163
2021-01-06,Electronics,28,1400.0,47,2,0,0,50.0,0.0,14.368826452821676,2.683538445587151
2021-01-07,Electronics,32,1600.0,52,3,0,0,50.0,0.0,15.07661655051944,0.0
2021-01-08,Electronics,28,1400.0,47,4,0,0,50.0,0.0,13.364322169097255,
2021-01-09,Electronics,35,1750.0,57,5,1,0,50.0,0.0,15.527570292177833,1.164937914911902
2021-01-10,Electronics,37,1850.0,62,6,1,0,50.0,0.0,13.83410576972595,0.0
2021-01-11,Electronics,29,1450.0,47,0,0,0,50.0,0.0,16.804175435565863,0.11901465655964394
2021-01-12,Electronics,30,1500.0,48,1,0,0,50.0,0.0,,0.42002009801392526
2021-01-13,Electronics,34,1700.0,53,2,0,0,50.0,0.0,18.25506891263805,0.0
2021-01-14,Electronics,31,1550.0,48,3,0,0,50.0,0.0,20.243641773743867,3.1370633281377778
2021-01-15,Electronics,34,1700.0,53,4,0,0,50.0,0.0,19.077033400982007,0.0
2021-01-16,Electronics,40,2000.0,63,5,1,0,50.0,0.0,18.419154948593917,0.0
2021-01-17,Electronics,39,1950.0,63,6,1,0,50.0,0.0,17.06707642616704,0.0
2021-01-18,Electronics,31,1550.0,49,0,0,0,50.0,0.0,18.430452572896332,4.422462665871697
2021-01-19,Electronics,33,1650.0,49,1,0,0,50.0,0.0,22.310832955414693,2.1374328661497883
2021-01-20,Electronics,30,1500.0,49,2,0,0,50.0,,16.185355318707916,0.37895914453210056
2021-01-21,Electronics,30,1500.0,49,3,0,0,50.0,0.0,14.35326240330184,0.1545799596880928
2021-01-22,Electronics,31,1550.0,49,4,0,0,50.0,0.0,17.280657409393974,0.3492165883870424
2021-01-23,Electronics,36,1800.0,59,5,1,0,50.0,0.0,16.31172839285245,1.9175504045297989
2021-01-24,Electronics,38,1900.0,60,6,1,0,50.0,0.0,18.536117036899256,0.15048822218230562
2021-01-25,Electronics,33,1650.0,50,0,0,0,50.0,0.0,21.19658509141999,2.5864029074948625
2021-01-26,Electronics,35,1750.0,55,1,0,0,50.0,0.0,18.63415282674686,0.0
2021-01-27,Electronics,33,1650.0,50,2,0,0,50.0,0.0,20.039859002245166,
2021-01-28,Electronics,33,1650.0,50,3,0,0,50.0,0.0,20.979181010764396,0.0636102905299043
2021-01-29,Electronics,33,1650.0,50,4,0,0,50.0,0.0,21.141869815488647,0.267095821219967
2021-01-30,Electronics,40,2000.0,60,5,1,0,50.0,0.0,22.80710930141588,0.29063794857981984
2021-01-31,Electronics,342,17100.0,66,6,1,0,50.0,0.0,20.61417507641214,0.0
