store_sales_forecasting_raw.csv
Date,Product_Category,Units_Sold,Daily_Revenue,Demand_Index,Day_of_Week,Is_Weekend,Is_Holiday,Price,Is_On_Sale,Avg_Daily_Temperature,Rainfall_mm
2021-09-03,Electronics,20,1000.0,37,4,0,0,50.0,0.0,7.103052847059815,1.0684977831815172
2021-09-04,Electronics,26,1300.0,47,5,1,0,50.0,0.0,7.207907468314261,0.4582136958635976
2021-09-05,Electronics,26,1300.0,46,6,1,0,50.0,0.0,10.729074563764373,1.0379166242494295
2021-09-06,Electronics,22,1100.0,41,0,0,0,50.0,0.0,6.072816083420222,0.0
2021-09-07,Electronics,18,900.0,36,1,0,0,50.0,0.0,4.959690114311281,0.6031915460418502
2021-09-08,Electronics,18,900.0,36,2,0,0,50.0,0.0,5.867936981253084,0.44773155788371355
2021-09-09,Electronics,22,1100.0,41,3,0,0,50.0,0.0,8.371344887942763,0.0
2021-09-10,Electronics,34,1700.0,61,4,0,0,50.0,0.0,6.717040303534327,0.321518191327544
2021-09-11,Electronics,41,2050.0,71,5,1,0,50.0,0.0,9.331140924013111,0.9979413982828045
2021-09-12,Electronics,44,2200.0,76,6,1,0,50.0,0.0,9.253582904631674,0.0
2021-09-13,Electronics,18,900.0,36,0,0,0,50.0,0.0,4.630805654766588,3.73706776345921
2021-09-14,Electronics,21,1050.0,41,1,0,0,50.0,0.0,5.533397578872202,0.0
2021-09-15,Electronics,17,850.0,36,2,0,0,50.0,0.0,3.1199933370218527,0.15751176185143434
2021-09-16,Electronics,18,900.0,36,3,0,0,50.0,0.0,3.8496997632736667,2.543766174726531
2021-09-17,Electronics,17,850.0,36,4,0,0,50.0,0.0,2.525629841702045,0.5402405521299318
2021-09-18,Electronics,28,1400.0,51,5,1,0,50.0,0.0,6.2509491460053885,0.0
2021-09-19,Electronics,40,2000.0,71,6,1,0,50.0,0.0,8.503633713408076,4.19636267070367
2021-09-20,Electronics,33,1650.0,61,0,0,0,50.0,0.0,5.8299332552300465,1.7819251475065419
2021-09-21,Electronics,32,1600.0,61,1,0,0,50.0,0.0,2.175310758925385,0.6904468482164801
2021-09-22,Electronics,19,950.0,36,2,0,0,50.0,0.0,6.6682376079961,2.801363764923657
2021-09-23,Electronics,18,900.0,36,3,0,0,50.0,0.0,3.6610858590587614,0.5296783547956778
2021-09-24,Electronics,23,1150.0,41,4,0,0,50.0,0.0,9.371010732106484,0.0
2021-09-25,Electronics,23,1150.0,46,5,1,0,50.0,0.0,2.923288933827061,4.515196933415809
2021-09-26,Electronics,23,1150.0,46,6,1,0,50.0,0.0,1.4934906930066294,0.9111963743771776
2021-09-27,Electronics,19,950.0,36,0,0,0,50.0,0.0,7.390643506675659,3.7508672111595525
2021-09-28,Electronics,19,950.0,36,1,0,0,50.0,0.0,7.349516836695946,0.8748900908869448
2021-09-29,Electronics,16,800.0,36,2,0,0,50.0,0.0,0.12895922312927421,0.11167711314778028
2021-09-30,Electronics,17,850.0,36,3,0,0,50.0,0.0,1.103334504700773,0.872264146992942
2021-10-01,Electronics,22,1100.0,41,4,0,0,50.0,0.0,8.274750266656433,0.0
2021-10-02,Electronics,23,1150.0,46,5,1,0,50.0,0.0,2.5403944467470407,4.416262699180998
2021-10-03,Electronics,27,1350.0,51,6,1,0,50.0,0.0,5.779201014235575,0.0
2021-10-04,Electronics,20,1000.0,41,0,0,0,50.0,0.0,3.4223377106732586,0.0
2021-10-05,Electronics,18,900.0,36,1,0,0,50.0,0.0,3.6153852446188166,0.8353921492605523
2021-10-06,Electronics,19,950.0,36,2,0,0,50.0,0.0,7.314619850359801,0.5822457919172639
2021-10-07,Electronics,21,1050.0,41,3,0,0,50.0,0.0,5.061860965987356,0.0
2021-10-08,Electronics,18,900.0,36,4,0,0,50.0,0.0,4.736304204530808,2.6802604858468
2021-10-09,Electronics,24,1200.0,46,5,1,0,50.0,0.0,3.9815521242342955,3.825602409306928
2021-10-10,Electronics,27,1350.0,51,6,1,0,50.0,0.0,5.013790351172753,0.0
2021-10-11,Electronics,22,1100.0,41,0,0,0,50.0,0.0,7.813369553110018,0.0
2021-10-12,Electronics,21,1050.0,41,1,0,0,50.0,0.0,,0.0
2021-10-13,Electronics,18,900.0,36,2,0,0,50.0,0.0,5.120958955712777,1.2439788999966979
2021-10-14,Electronics,20,1000.0,41,3,0,0,50.0,0.0,1.9854302083169442,0.0
2021-10-15,Electronics,19,950.0,36,4,0,0,50.0,0.0,7.124609014252939,1.7076758097853815
2021-10-16,Electronics,24,1200.0,46,5,1,0,50.0,0.0,5.816118283954746,0.18842724705321778
2021-10-17,Electronics,18,900.0,36,6,1,0,50.0,0.0,4.062571541456576,6.5365715910270525
2021-10-18,Electronics,18,900.0,36,0,0,0,50.0,0.0,4.382999182735984,0.13618367905904116
2021-10-19,Electronics,18,900.0,36,1,0,0,50.0,0.0,3.8785627771757145,0.2878289449167273
2021-10-20,Electronics,18,900.0,36,2,0,0,50.0,0.0,5.845412447214204,2.100001393099623
2021-10-21,Electronics,18,900.0,36,3,0,0,50.0,0.0,5.331996526151329,2.089752506626031
2021-10-22,Electronics,19,950.0,36,4,0,0,50.0,0.0,6.396715860576443,0.315566283125041
2021-10-23,Electronics,24,1200.0,46,5,1,0,50.0,0.0,4.259027103633477,4.883852403186775
2021-10-24,Electronics,23,1150.0,46,6,1,0,50.0,0.0,2.757783535424935,1.4379490805676634
2021-10-25,Electronics,19,950.0,36,0,0,0,50.0,0.0,7.458663492617855,
2021-10-26,Electronics,21,1050.0,41,1,0,0,50.0,0.0,4.423469031250733,0.0
2021-10-27,Electronics,20,1000.0,41,2,0,0,50.0,0.0,1.3330781139196128,0.0
2021-10-28,Electronics,23,1150.0,42,3,0,0,50.0,0.0,8.196987417443518,0.0
2021-10-29,Electronics,23,1150.0,42,4,0,0,50.0,0.0,7.083460899105801,0.0
2021-10-30,Electronics,23,1150.0,47,5,1,0,50.0,0.0,0.1355853465716068,0.7021008576335779
2021-10-31,Electronics,28,1400.0,52,6,1,0,50.0,0.0,5.998431636169663,0.0
2021-11-01,Electronics,20,1000.0,37,0,0,0,50.0,0.0,8.490006414682313,2.5418004296868957
2021-11-02,Electronics,19,950.0,37,1,0,0,50.0,0.0,6.131690268570066,1.0476584310743107
2021-11-03,Electronics,19,950.0,37,2,0,0,50.0,0.0,5.579061756708473,1.4936028957072387
2021-11-04,Electronics,23,1150.0,42,3,0,0,50.0,0.0,8.851586069384947,0.0
2021-11-05,Electronics,19,950.0,37,4,0,0,50.0,0.0,6.829573281404519,2.249865739302346
2021-11-06,Electronics,28,1400.0,52,5,1,0,50.0,0.0,6.757311347935076,0.0
2021-11-07,Electronics,24,1200.0,47,6,1,0,50.0,0.0,4.112417026028369,0.036732576882641865
2021-11-08,Electronics,20,1000.0,38,0,0,0,50.0,0.0,5.866003627217481,0.7691845485564535
2021-11-09,Electronics,20,1000.0,38,1,0,0,50.0,0.0,7.103540351673148,0.7866053068957259
2021-11-10,Electronics,23,1150.0,43,2,0,0,50.0,0.0,5.5818048537362825,0.0
2021-11-11,Electronics,22,1100.0,43,3,0,0,50.0,0.0,5.1085516663219845,0.0
2021-11-12,Electronics,22,1100.0,43,4,0,0,50.0,0.0,5.292121410879933,0.0
2021-11-13,Electronics,21,1050.0,38,5,1,0,50.0,0.0,9.45731557593723,7.419318729737855
2021-11-14,Electronics,26,1300.0,48,6,1,0,50.0,0.0,7.776002145404684,2.710778270295748
2021-11-15,Electronics,23,1150.0,43,0,0,0,50.0,0.0,7.448274321331664,0.0
2021-11-16,Electronics,19,950.0,38,1,0,0,50.0,0.0,4.9260772715620025,2.0839625023396198
2021-11-17,Electronics,21,1050.0,39,2,0,0,50.0,0.0,8.692653034644058,2.4738415992775917
2021-11-18,Electronics,25,1250.0,44,3,0,0,50.0,0.0,9.30903955377957,0.0
2021-11-19,Electronics,20,1000.0,39,4,0,0,50.0,0.0,5.802145916781971,1.6267218210801957
2021-11-20,Electronics,27,1350.0,49,5,1,0,50.0,0.0,7.865512319590165,0.026166737699034215
2021-11-21,Electronics,30,1500.0,54,6,1,0,50.0,0.0,6.983337790943152,0.0
2021-11-22,Electronics,21,1050.0,39,0,0,0,50.0,0.0,8.43395882427403,
2021-11-23,Electronics,21,1050.0,39,1,0,0,50.0,0.0,8.308156329279846,2.353020569509607
2021-11-24,Electronics,22,1100.0,40,2,0,0,50.0,0.0,9.315619352306465,1.5036932979394049
2021-11-25,Electronics,26,1300.0,45,3,0,0,50.0,0.0,10.43566937630344,0.0
2021-11-26,Electronics,24,1200.0,45,4,0,0,50.0,0.0,7.227413462061024,0.0
2021-11-27,Electronics,29,1450.0,50,5,1,0,50.0,0.0,12.516359420009222,0.46096270709844966
2021-11-28,Electronics,28,1400.0,50,6,1,0,50.0,0.0,7.762613545381716,0.11540122068865166
2021-11-29,Electronics,25,1250.0,45,0,0,0,50.0,0.0,9.574419648535763,0.0
2021-11-30,Electronics,21,1050.0,40,1,0,0,50.0,0.0,7.130502072531319,0.6253319701727376
2021-12-01,Electronics,24,1200.0,41,2,0,0,50.0,0.0,12.830804230526846,2.462417568330007
2021-12-02,Electronics,24,1200.0,41,3,0,0,50.0,0.0,11.60678614045474,1.3847974738334368
2021-12-03,Electronics,26,1300.0,46,4,0,0,50.0,0.0,9.544613767460712,0.0
2021-12-04,Electronics,30,1500.0,51,5,1,0,50.0,0.0,12.731400776514583,1.235012074571073
2021-12-05,Electronics,28,1400.0,51,6,1,0,50.0,0.0,8.393687487523113,0.9872211322201825
2021-12-06,Electronics,23,1150.0,41,0,0,0,50.0,0.0,9.661019541354218,1.5783593283065653
2021-12-07,Electronics,23,1150.0,41,1,0,0,50.0,0.0,10.675230694548672,1.9904591502290572
2021-12-08,Electronics,35,1487.5,42,2,0,0,42.5,1.0,9.021478778778501,
2021-12-09,Electronics,40,1700.0,47,3,0,0,42.5,1.0,9.84094280758591,0.0
2021-12-10,Electronics,36,1530.0,42,4,0,0,42.5,1.0,11.427358421828988,1.6422511817846712
2021-12-11,Electronics,45,1912.5,52,5,1,0,42.5,1.0,10.826813034149067,3.4663836604905454
2021-12-12,Electronics,31,1550.0,52,6,1,0,50.0,0.0,13.455127249239217,0.6297831789288351
2021-12-13,Electronics,24,1200.0,42,0,0,0,50.0,0.0,10.11430443526211,0.7877962642182044
2021-12-14,Electronics,26,1300.0,43,1,0,0,50.0,0.0,14.588270587751776,1.3219062270720432
2021-12-15,Electronics,25,1250.0,43,2,0,0,50.0,0.0,12.702727522869479,
2021-12-16,Electronics,27,1350.0,48,3,0,0,50.0,0.0,9.698213301372038,0.0
2021-12-17,Electronics,29,1450.0,48,4,0,0,50.0,0.0,13.76630176062114,0.0
2021-12-18,Electronics,34,1700.0,58,5,1,0,50.0,0.0,12.941486453564973,0.0
2021-12-19,Electronics,32,1600.0,53,6,1,0,50.0,0.0,14.801193048841991,1.1170745002597862
2021-12-20,Electronics,41,2050.0,69,0,0,0,50.0,0.0,13.899818836831665,1.4152541077012706
2021-12-21,Electronics,42,2100.0,69,1,0,0,50.0,0.0,14.252823027678046,0.03703145718570089
2021-12-22,Electronics,44,2200.0,74,2,0,0,50.0,0.0,11.76103790813726,0.0
2021-12-23,Electronics,26,1300.0,44,3,0,0,50.0,0.0,13.25747962119958,0.4818254939030435
2021-12-24,Electronics,27,1350.0,44,4,0,0,50.0,0.0,14.933504261403668,1.3524594992792571
2021-12-25,Electronics,42,2100.0,69,5,1,1,50.0,0.0,15.100408914550757,3.859782795718546
2021-12-26,Electronics,34,1700.0,55,6,1,0,50.0,0.0,16.329789865215833,0.17822337538236277
2021-12-27,Electronics,,,45,0,0,0,50.0,0.0,15.44756370277115,1.4165290506492503
2021-12-28,Electronics,25,1250.0,45,1,0,0,50.0,0.0,8.786776759583272,0.28125317287933194
2021-12-29,Electronics,32,1600.0,50,2,0,0,50.0,0.0,18.425558464101375,0.0
2021-12-30,Electronics,30,1500.0,50,3,0,0,50.0,0.0,13.374324466046787,0.0
2021-12-31,Electronics,27,1350.0,45,4,0,0,50.0,0.0,14.439328740730982,0.7056320301492098
2022-01-01,Electronics,48,2400.0,78,5,1,1,50.0,0.0,16.655748618710167,0.0
2022-01-02,Electronics,35,1750.0,58,6,1,0,50.0,0.0,14.762011790061104,2.588871932815991
2022-01-03,Electronics,30,1500.0,48,0,0,0,50.0,0.0,16.9349103593756,2.2329634701634333
2022-01-04,Electronics,34,1700.0,53,1,0,0,50.0,0.0,18.58129505283771,0.0
2022-01-05,Electronics,30,1500.0,48,2,0,0,50.0,0.0,15.840855820382924,0.9575805979871408
2022-01-06,Electronics,30,1500.0,49,3,0,0,50.0,0.0,14.573052146080855,3.4978565518788027
2022-01-07,Electronics,29,1450.0,49,4,0,0,50.0,0.0,12.918812427818388,2.788271054383806
2022-01-08,Electronics,35,1750.0,59,5,1,0,50.0,0.0,13.532125136206094,2.796985750411856
2022-01-09,Electronics,61,2592.5,64,6,1,0,42.5,1.0,19.86337396058192,0.0
2022-01-10,Electronics,45,1912.5,49,0,0,0,42.5,1.0,16.463789244493665,0.14831084531603045
2022-01-11,Electronics,50,2125.0,54,1,0,0,42.5,1.0,17.072849096590865,0.0
2022-01-12,Electronics,47,1997.5,50,2,0,0,42.5,1.0,18.066141850429496,1.415994920091939
2022-01-13,Electronics,35,1750.0,55,3,0,0,50.0,0.0,20.001081242668462,0.0
2022-01-14,Electronics,31,1550.0,50,4,0,0,50.0,0.0,17.51953789246039,0.47499549144463993
2022-01-15,Electronics,38,1900.0,60,5,1,0,50.0,0.0,18.00744838110478,2.911468202549471
2022-01-16,Electronics,39,1950.0,60,6,1,0,50.0,0.0,21.98741384743629,1.766210291033222
2022-01-17,Electronics,32,1600.0,50,0,0,0,50.0,0.0,18.064308476928773,2.7227279988247473
2022-01-18,Electronics,32,1600.0,51,1,0,0,50.0,0.0,17.317689714839123,1.6800641899978248
2022-01-19,Electronics,34,1700.0,51,2,0,0,50.0,0.0,21.735950012042878,2.7040925325728167
2022-01-20,Electronics,32,1600.0,51,3,0,0,50.0,0.0,16.7812022023297,1.6185641070130954
2022-01-21,Electronics,37,1850.0,56,4,0,0,50.0,0.0,21.967434768036654,0.0
2022-01-22,Electronics,60,2550.0,66,5,1,0,42.5,1.0,15.741413961957742,0.0
2022-01-23,Electronics,59,2507.5,61,6,1,0,42.5,1.0,21.573621873318338,2.2397926151152645
2022-01-24,Electronics,50,2125.0,52,0,0,0,42.5,1.0,18.708972230069172,0.0827059187273238
2022-01-25,Electronics,53,2252.5,57,1,0,0,42.5,1.0,16.503839242174916,0.0
2022-01-26,Electronics,32,1600.0,52,2,0,0,50.0,0.0,16.53491640711315,4.573399491779135
2022-01-27,Electronics,26,1300.0,42,3,0,0,50.0,0.0,16.3070339347505,
2022-01-28,Electronics,35,1750.0,52,4,0,0,50.0,0.0,23.05905050747273,3.362316044968707
2022-01-29,Electronics,40,2000.0,62,5,1,0,50.0,0.0,20.921778048926534,
2022-01-30,Electronics,38,1900.0,62,6,1,0,50.0,0.0,16.542420266900383,2.663579036071919
2022-01-31,Electronics,36,1800.0,53,0,0,0,50.0,0.0,24.35191490905152,2.7474392217426447
2022-02-01,Electronics,34,1700.0,53,1,0,0,50.0,0.0,20.327336842411842,4.682960764086208
2022-02-02,Electronics,38,1900.0,58,2,0,0,50.0,0.0,21.58298581003247,0.0
2022-02-03,Electronics,34,1700.0,53,3,0,0,50.0,0.0,20.260724114156563,1.8863735201564218
2022-02-04,Electronics,35,1750.0,53,4,0,0,50.0,0.0,21.978017920537642,1.3478813021991969
2022-02-05,Electronics,41,2050.0,63,5,1,0,50.0,0.0,21.057679313002573,3.5529702485169112
2022-02-06,Electronics,45,2250.0,68,6,1,0,50.0,0.0,24.008029529615193,0.0
2022-02-07,Electronics,35,1750.0,54,0,0,0,50.0,0.0,19.421924159878206,0.816487483148352
2022-02-08,Electronics,34,1700.0,54,1,0,0,50.0,0.0,17.744679913672332,1.1926239697266943
2022-02-09,Electronics,37,1850.0,54,2,0,0,50.0,0.0,26.122656743342425,1.3373892736562536
2022-02-10,Electronics,34,1700.0,54,3,0,0,50.0,0.0,18.979683015401985,2.205157371919438
2022-02-11,Electronics,35,1750.0,54,4,0,0,50.0,0.0,21.39155518433207,0.5723379259142154
2022-02-12,Electronics,41,2050.0,64,5,1,0,50.0,0.0,19.755119336950248,
2022-02-13,Electronics,44,2200.0,69,6,1,0,50.0,0.0,19.67209037553902,0.0
2022-02-14,Electronics,37,1850.0,54,0,0,0,50.0,0.0,24.569281764493503,1.0251208538955017
2022-02-15,Electronics,36,1800.0,55,1,0,0,50.0,0.0,21.82757149817907,0.11759408138819416
2022-02-16,Electronics,40,2000.0,60,2,0,0,50.0,0.0,22.726226400060618,
2022-02-17,Electronics,40,2000.0,60,3,0,0,50.0,0.0,22.983659505967946,0.0
2022-02-18,Electronics,39,1950.0,60,4,0,0,50.0,0.0,22.412212351940266,0.0
2022-02-19,Electronics,45,2250.0,70,5,1,0,50.0,0.0,20.23130353928104,0.0
2022-02-20,Electronics,43,2150.0,65,6,1,0,50.0,0.0,22.953812599151338,0.3032696385003215
2022-02-21,Electronics,36,1800.0,55,0,0,0,50.0,0.0,20.749003981500966,0.6731580071110401
2022-02-22,Electronics,37,1850.0,55,1,0,0,50.0,0.0,23.301688463167537,1.941113339297445
2022-02-23,Electronics,37,1850.0,56,2,0,0,50.0,0.0,21.695860801045207,1.6067356306248417
2022-02-24,Electronics,37,1850.0,56,3,0,0,50.0,0.0,22.596923994553066,0.15173726073318905
2022-02-25,Electronics,37,1850.0,56,4,0,0,50.0,0.0,23.09976926650576,0.4040607499329376
2022-02-26,Electronics,44,2200.0,66,5,1,0,50.0,0.0,24.128101672854417,2.64692987157879
2022-02-27,Electronics,43,2150.0,66,6,1,0,50.0,0.0,23.379849346467363,
2022-02-28,Electronics,36,1800.0,56,0,0,0,50.0,0.0,19.562189172911634,0.711325900022965
2022-03-01,Electronics,39,1950.0,56,1,0,0,50.0,0.0,26.814103656537544,2.393278421661529
2022-03-02,Electronics,39,1950.0,56,2,0,0,50.0,0.0,27.18881991906022,2.328298159471652
2022-03-03,Electronics,37,1850.0,56,3,0,0,50.0,0.0,21.72669040787743,0.7301380379789983
2022-03-04,Electronics,37,1850.0,56,4,0,0,50.0,0.0,22.90018020616579,3.597342500532716
2022-03-05,Electronics,59,2950.0,91,5,1,0,50.0,0.0,24.636099224681985,2.747020023113894
2022-03-06,Electronics,59,2950.0,91,6,1,0,50.0,0.0,24.298928690679737,3.761395660604859
2022-03-07,Electronics,56,2800.0,87,0,0,0,50.0,0.0,22.28139642379743,0.0
2022-03-08,Electronics,42,2100.0,62,1,0,0,50.0,0.0,25.63295046831035,0.0
2022-03-09,Electronics,39,1950.0,57,2,0,0,50.0,0.0,25.50915376811845,0.38236313122833354
2022-03-10,Electronics,39,1950.0,57,3,0,0,50.0,0.0,24.827261693376972,0.30512304941118895
2022-03-11,Electronics,,,62,4,0,0,50.0,0.0,25.036467718681546,0.0
2022-03-12,Electronics,44,2200.0,67,5,1,0,50.0,0.0,22.98144296904861,3.1673153276591366
2022-03-13,Electronics,45,2250.0,67,6,1,0,50.0,0.0,25.011808287998633,1.1187481239383206
2022-03-14,Electronics,38,1900.0,57,0,0,0,50.0,0.0,24.152996809622657,0.20909054318419695
2022-03-15,Electronics,38,1900.0,57,1,0,0,50.0,0.0,24.40585376167841,0.16143894248110335
2022-03-16,Electronics,39,1950.0,57,2,0,0,50.0,0.0,25.64776797747605,
2022-03-17,Electronics,41,2050.0,62,3,0,0,50.0,0.0,23.650556032148106,0.0
2022-03-18,Electronics,39,1950.0,57,4,0,0,50.0,0.0,26.718043833908084,0.3607296654259271
2022-03-19,Electronics,47,2350.0,72,5,1,0,50.0,0.0,23.17792311596425,0.0
2022-03-20,Electronics,47,2350.0,72,6,1,0,50.0,0.0,22.216575573780705,0.0
2022-03-21,Electronics,39,1950.0,57,0,0,0,50.0,0.0,26.883525673143854,0.6160700688871941
2022-03-22,Electronics,39,1950.0,57,1,0,0,50.0,0.0,25.60105836509435,0.2128243704670445
2022-03-23,Electronics,37,1850.0,57,2,0,0,50.0,0.0,20.655914116576074,1.8790431136861168
2022-03-24,Electronics,38,1900.0,57,3,0,0,50.0,0.0,22.56471862077569,1.120350333109109
2022-03-25,Electronics,42,2100.0,62,4,0,0,50.0,0.0,25.62564374396557,0.0
2022-03-26,Electronics,46,2300.0,67,5,1,0,50.0,0.0,28.895874642588122,2.363361239231724
2022-03-27,Electronics,49,2450.0,72,6,1,0,50.0,0.0,27.13829814195618,0.0
2022-03-28,Electronics,32,1600.0,47,0,0,0,50.0,0.0,22.467555848947175,8.288510509213156
2022-03-29,Electronics,40,2000.0,62,1,0,0,50.0,0.0,20.656222734963695,0.0
2022-03-30,Electronics,42,2100.0,62,2,0,0,50.0,0.0,26.52678245983104,0.0
2022-03-31,Electronics,40,2000.0,62,3,0,0,50.0,0.0,21.479653984288273,0.0
2022-04-01,Electronics,40,2000.0,58,4,0,0,50.0,0.0,25.803821884563767,0.7527012636897759
2022-04-02,Electronics,45,2250.0,67,5,1,0,50.0,0.0,25.523411021065833,2.147040062265204
2022-04-03,Electronics,44,2200.0,67,6,1,0,50.0,0.0,23.229112149604653,0.00854042517791087
2022-04-04,Electronics,57,2422.5,57,0,0,0,42.5,1.0,23.3260071552354,0.026274514987608022
2022-04-05,Electronics,58,2465.0,57,1,0,0,42.5,1.0,25.259220032343183,1.5267602431597287
