store_sales_forecasting_raw.csv
Date,Product_Category,Units_Sold,Daily_Revenue,Demand_Index,Day_of_Week,Is_Weekend,Is_Holiday,Price,Is_On_Sale,Avg_Daily_Temperature,Rainfall_mm
2022-11-08,Electronics,37,1572.5,45,1,0,0,42.5,1.0,7.767947161916785,0.0
2022-11-09,Electronics,38,1615.0,45,2,0,0,42.5,1.0,9.717243272673214,0.0
2022-11-10,Electronics,24,1020.0,30,3,0,0,42.5,1.0,8.372294674774786,12.183082752080116
2022-11-11,Electronics,32,1360.0,40,4,0,0,42.5,1.0,,0.12673584985219888
2022-11-12,Electronics,44,1870.0,55,5,1,0,42.5,1.0,4.311440823883994,0.0
2022-11-13,Electronics,45,1912.5,55,6,1,0,42.5,1.0,6.924340788142656,0.0
2022-11-14,Electronics,23,1150.0,40,0,0,0,50.0,0.0,10.779629835783751,0.3626858595594411
2022-11-15,Electronics,24,1200.0,45,1,0,0,50.0,0.0,5.117482640327081,0.0
2022-11-16,Electronics,24,1200.0,45,2,0,0,50.0,0.0,5.466492486982107,0.0
2022-11-17,Electronics,22,1100.0,41,3,0,0,50.0,0.0,7.027485836820099,3.7039725430967234
2022-11-18,Electronics,25,1250.0,46,4,0,0,50.0,0.0,8.432315439578275,0.0
2022-11-19,Electronics,29,1450.0,51,5,1,0,50.0,0.0,9.597166876506867,2.8400150146964696
2022-11-20,Electronics,22,1100.0,41,6,1,0,50.0,0.0,,8.148694158918321
2022-11-21,Electronics,,,41,0,0,0,50.0,,6.556686073073564,2.8798222489913807
2022-11-22,Electronics,23,1150.0,41,1,0,0,50.0,0.0,9.763053448748115,1.6367031411463953
2022-11-23,Electronics,23,1150.0,41,2,0,0,50.0,0.0,10.813332556112016,0.24115335514886027
2022-11-24,Electronics,23,1150.0,42,3,0,0,50.0,0.0,9.058707295397028,0.5527096508526306
2022-11-25,Electronics,24,1200.0,42,4,0,0,50.0,0.0,11.838469082012695,0.35246787271812097
2022-11-26,Electronics,30,1500.0,52,5,1,0,50.0,0.0,10.643586823137037,0.2143709726540579
2022-11-27,Electronics,29,1450.0,52,6,1,0,50.0,0.0,8.25198677998033,
2022-11-28,Electronics,23,1150.0,42,0,0,0,50.0,0.0,,4.339072807531622
2022-11-29,Electronics,24,1200.0,42,1,0,0,50.0,0.0,10.44577518915449,1.3269129257876662
2022-11-30,Electronics,28,1400.0,47,2,0,0,50.0,0.0,12.601352485009082,0.0
2022-12-01,Electronics,26,1300.0,48,3,0,0,50.0,0.0,8.007311438727157,
2022-12-02,Electronics,38,1900.0,68,4,0,0,50.0,0.0,5.739340900746227,0.5348790308684168
2022-12-03,Electronics,46,2300.0,78,5,1,0,50.0,0.0,12.501756167105409,0.13369598216198209
2022-12-04,Electronics,47,2350.0,78,6,1,0,50.0,0.0,13.67488790115798,0.041133457241699256
2022-12-05,Electronics,24,1200.0,43,0,0,0,50.0,0.0,10.45951912895707,1.8660608376638548
2022-12-06,Electronics,28,1400.0,48,1,0,0,50.0,0.0,11.486739386652426,0.0
2022-12-07,Electronics,27,1350.0,48,2,0,0,50.0,0.0,8.79001508258904,
2022-12-08,Electronics,25,1250.0,44,3,0,0,50.0,0.0,10.945798530969947,0.4124064405778496
2022-12-09,Electronics,24,1200.0,44,4,0,0,50.0,0.0,8.304820427050359,3.104263280492102
2022-12-10,Electronics,32,1600.0,54,5,1,0,50.0,0.0,12.754685133007168,0.6914663293922618
2022-12-11,Electronics,31,1550.0,54,6,1,0,50.0,0.0,11.444939927994964,1.8929969812455307
2022-12-12,Electronics,25,1250.0,44,0,0,0,50.0,0.0,9.758991214237152,1.7422880177340456
2022-12-13,Electronics,26,1300.0,44,1,0,0,50.0,0.0,11.862031768341565,0.9465885723366749
2022-12-14,Electronics,26,1300.0,45,2,0,0,50.0,0.0,11.25997654310568,3.168145299273881
2022-12-15,Electronics,29,1450.0,45,3,0,0,50.0,0.0,18.1591295227951,0.2182608519205227
2022-12-16,Electronics,26,1300.0,45,4,0,0,50.0,0.0,11.884928534890479,1.0942943815170598
2022-12-17,Electronics,33,1650.0,55,5,1,0,50.0,,14.406638293093744,0.02073022609810793
2022-12-18,Electronics,36,1800.0,60,6,1,0,50.0,0.0,14.197237161468836,0.0
2022-12-19,Electronics,29,1450.0,50,0,0,0,50.0,0.0,11.0061151065901,0.0
2022-12-20,Electronics,29,1450.0,46,1,0,0,50.0,0.0,16.942293035728134,0.42904461940322314
2022-12-21,Electronics,31,1550.0,51,2,0,0,50.0,0.0,15.758809334900114,0.0
2022-12-22,Electronics,28,1400.0,46,3,0,0,50.0,0.0,15.967393984475038,0.016999958422704076
2022-12-23,Electronics,27,1350.0,46,4,0,0,50.0,0.0,12.867200629981005,1.4465025481737248
2022-12-24,Electronics,33,1650.0,56,5,1,0,50.0,0.0,11.95944247429579,0.11336655460325118
2022-12-25,Electronics,43,2150.0,71,6,1,1,50.0,0.0,14.352506910830183,0.6527668585240947
2022-12-26,Electronics,,,52,0,0,0,50.0,0.0,14.790726396989545,0.0
2022-12-27,Electronics,31,1550.0,52,1,0,0,50.0,0.0,13.580793398475462,0.0
2022-12-28,Electronics,32,1600.0,52,2,0,0,50.0,0.0,14.535172247823503,0.0
2022-12-29,Electronics,29,1450.0,47,3,0,0,50.0,,16.808985678893414,2.0455176301370774
2022-12-30,Electronics,28,1400.0,47,4,0,0,50.0,0.0,13.614977275688755,0.28903362767449514
2022-12-31,Electronics,35,1750.0,57,5,1,0,50.0,0.0,14.934301644886546,1.6921806600925757
2023-01-01,Electronics,47,2350.0,75,6,1,1,50.0,0.0,18.877578258653163,1.1441532057423327
2023-01-02,Electronics,30,1500.0,50,0,0,0,50.0,0.0,13.050240414242417,0.3055425698113039
2023-01-03,Electronics,31,1550.0,50,1,0,0,50.0,0.0,16.076436675226454,0.3442759910139086
2023-01-04,Electronics,33,1650.0,50,2,0,0,50.0,0.0,20.184426626063992,2.4765887021353388
2023-01-05,Electronics,31,1550.0,50,3,0,0,50.0,0.0,15.34061065288996,0.4370845093515747
2023-01-06,Electronics,32,1600.0,51,4,0,0,50.0,0.0,17.81415423463218,2.5028381573707486
2023-01-07,Electronics,40,2000.0,66,5,1,0,50.0,0.0,15.377209513141631,0.0
2023-01-08,Electronics,38,1900.0,61,6,1,0,50.0,0.0,17.678426578556117,0.2302346044572945
2023-01-09,Electronics,32,1600.0,51,0,0,0,50.0,0.0,,2.561402668153005
2023-01-10,Electronics,35,1750.0,56,1,0,0,50.0,0.0,16.44009316661126,0.0
2023-01-11,Electronics,26,1300.0,41,2,0,0,50.0,0.0,17.875043999468414,6.237426836850156
2023-01-12,Electronics,25,1250.0,42,3,0,0,50.0,0.0,12.864103351072433,7.903254086909934
2023-01-13,Electronics,35,1750.0,52,4,0,0,50.0,0.0,23.999516733412605,0.7755863797076206
2023-01-14,Electronics,40,2000.0,62,5,1,0,50.0,0.0,21.38931161587765,0.45776091968435995
2023-01-15,Electronics,38,1900.0,62,6,1,0,50.0,0.0,16.89014170975939,1.8144611662362498
2023-01-16,Electronics,34,1700.0,52,0,0,0,50.0,0.0,19.539940316775677,2.34393887192615
2023-01-17,Electronics,32,1600.0,52,1,0,0,50.0,0.0,15.224991776058193,
2023-01-18,Electronics,34,1700.0,53,2,0,0,50.0,0.0,18.779581093247348,2.7285664290472424
2023-01-19,Electronics,34,1700.0,53,3,0,0,50.0,0.0,20.254185016306018,0.9491069559368177
2023-01-20,Electronics,33,1650.0,53,4,0,0,50.0,0.0,18.011974931332634,2.0099117013708616
2023-01-21,Electronics,44,2200.0,68,5,1,0,50.0,0.0,20.81745028483487,0.0
2023-01-22,Electronics,59,2507.5,63,6,1,0,42.5,1.0,17.843937714420044,2.0079262058163487
2023-01-23,Electronics,56,2380.0,58,0,0,0,42.5,1.0,19.960092694089067,0.0
2023-01-24,Electronics,58,2465.0,59,1,0,0,42.5,1.0,21.644556483853354,0.0
2023-01-25,Electronics,50,2125.0,54,2,0,0,42.5,1.0,16.429011366860063,0.2980277008211589
2023-01-26,Electronics,35,1750.0,54,3,0,0,50.0,0.0,19.24494474494016,1.6045828937783955
2023-01-27,Electronics,34,1700.0,54,4,0,0,50.0,0.0,18.10825367165603,0.7367564932674464
2023-01-28,Electronics,42,2100.0,64,5,1,0,50.0,0.0,22.40892780188739,
2023-01-29,Electronics,41,2050.0,64,6,1,0,50.0,0.0,20.37184055241206,1.6514023273260734
2023-01-30,Electronics,35,1750.0,54,0,0,0,50.0,0.0,19.59890214550707,3.8677350598090747
2023-01-31,Electronics,36,1800.0,55,1,0,0,50.0,0.0,20.537925911100995,3.441464396403336
2023-02-01,Electronics,36,1800.0,55,2,0,0,50.0,0.0,21.570007168316007,1.9897528010632266
2023-02-02,Electronics,36,1800.0,55,3,0,0,50.0,0.0,21.793424530836557,1.6647882521503874
2023-02-03,Electronics,54,2295.0,55,4,0,0,42.5,1.0,20.906091934154777,0.36882832058327075
2023-02-04,Electronics,64,2720.0,65,5,1,0,42.5,1.0,22.577348768803446,2.2134574818118757
2023-02-05,Electronics,65,2762.5,70,6,1,0,42.5,1.0,17.976814071086935,0.0
2023-02-06,Electronics,52,2210.0,55,0,0,0,42.5,1.0,18.36342501364194,2.0132433258626063
2023-02-07,Electronics,36,1800.0,56,1,0,0,50.0,0.0,19.28102225335188,0.19465947576722797
2023-02-08,Electronics,36,1800.0,56,2,0,0,50.0,0.0,20.63366801222637,
2023-02-09,Electronics,55,2337.5,56,3,0,0,42.5,1.0,22.22217975010883,1.2912396447252759
2023-02-10,Electronics,55,2337.5,56,4,0,0,42.5,1.0,21.482014815482298,0.4971004897185902
2023-02-11,Electronics,69,2932.5,71,5,1,0,42.5,1.0,22.855730376495615,0.0
2023-02-12,Electronics,64,2720.0,66,6,1,0,42.5,1.0,21.947267706171836,0.8908653851473378
2023-02-13,Electronics,40,2000.0,61,0,0,0,50.0,0.0,22.653074195348555,0.0
2023-02-14,Electronics,37,1850.0,56,1,0,0,50.0,0.0,22.851041699901376,1.5143429922643645
2023-02-15,Electronics,57,2422.5,57,2,0,0,42.5,1.0,23.44187600737352,2.6284188624616833
2023-02-16,Electronics,56,2380.0,57,3,0,0,42.5,1.0,22.790041850483174,1.6919405937645537
2023-02-17,Electronics,54,2295.0,57,4,0,0,42.5,1.0,19.45881553475243,0.4905644919038741
2023-02-18,Electronics,66,2805.0,67,5,1,0,42.5,1.0,22.85328303207618,2.526733691308695
2023-02-19,Electronics,46,2300.0,72,6,1,0,50.0,0.0,21.404533002961966,0.0
2023-02-20,Electronics,36,1800.0,57,0,0,0,50.0,0.0,18.409249820057383,1.9761032406765353
2023-02-21,Electronics,39,1950.0,57,1,0,0,50.0,0.0,24.62685540698099,0.25605411596734085
2023-02-22,Electronics,53,2252.5,57,2,0,0,42.5,1.0,17.419837045820017,0.7105812064700228
2023-02-23,Electronics,58,2465.0,58,3,0,0,42.5,1.0,23.337466702329426,1.6668528431297016
2023-02-24,Electronics,63,2677.5,63,4,0,0,42.5,1.0,23.894775095902144,0.0
2023-02-25,Electronics,67,2847.5,68,5,1,0,42.5,1.0,23.442578191747735,2.044035824035132
2023-02-26,Electronics,49,2450.0,73,6,1,0,50.0,0.0,25.811235026505578,0.0
2023-02-27,Electronics,38,1900.0,58,0,0,0,50.0,0.0,22.366783924150962,2.5935050634997445
2023-02-28,Electronics,41,2050.0,63,1,0,0,50.0,0.0,20.606934179562273,
2023-03-01,Electronics,33,1650.0,48,2,0,0,50.0,0.0,25.015017936849667,
2023-03-02,Electronics,40,2000.0,58,3,0,0,50.0,0.0,26.43303731240643,0.23676305095109362
2023-03-03,Electronics,38,1900.0,58,4,0,0,50.0,0.0,21.97027428996095,1.114328781728823
2023-03-04,Electronics,47,2350.0,73,5,1,0,50.0,0.0,22.909298276920374,0.0
2023-03-05,Electronics,48,2400.0,73,6,1,0,50.0,0.0,23.968287391759375,0.0
2023-03-06,Electronics,57,2422.5,58,0,0,0,42.5,1.0,21.85988666915249,0.651864206874901
2023-03-07,Electronics,62,2635.0,64,1,0,0,42.5,1.0,21.194154148455823,0.0
2023-03-08,Electronics,60,2550.0,59,2,0,0,42.5,1.0,25.575749843541153,0.18654956582670978
2023-03-09,Electronics,87,3697.5,89,3,0,0,42.5,1.0,26.484578709725085,0.0
2023-03-10,Electronics,56,2800.0,84,4,0,0,50.0,0.0,26.763232051982953,1.1669873724181379
2023-03-11,Electronics,65,3250.0,99,5,1,0,50.0,0.0,28.795461090290647,0.0
2023-03-12,Electronics,63,3150.0,99,6,1,0,50.0,0.0,22.717100499850368,0.0
2023-03-13,Electronics,59,2950.0,89,0,0,0,50.0,0.0,27.28533283742049,0.0
2023-03-14,Electronics,55,2750.0,84,1,0,0,50.0,0.0,25.989230356602757,1.5564333101024705
2023-03-15,Electronics,39,1950.0,59,2,0,0,50.0,0.0,23.82439452131752,2.3225032580176888
2023-03-16,Electronics,43,2150.0,64,3,0,0,50.0,0.0,25.23948043765366,0.0
2023-03-17,Electronics,39,1950.0,59,4,0,0,50.0,0.0,23.51221570076331,0.14610641461360507
2023-03-18,Electronics,50,2500.0,74,5,1,0,50.0,0.0,27.610673221424662,0.0
2023-03-19,Electronics,47,2350.0,69,6,1,0,50.0,0.0,26.808122662600983,0.8774414425475003
2023-03-20,Electronics,40,2000.0,59,0,0,0,50.0,0.0,24.80052331697823,4.824475784972323
2023-03-21,Electronics,34,1700.0,49,1,0,0,50.0,0.0,25.29087931498727,5.545545921982382
2023-03-22,Electronics,40,2000.0,59,2,0,0,50.0,0.0,25.953305376662374,0.6322580051626576
2023-03-23,Electronics,40,2000.0,59,3,0,0,50.0,0.0,,2.5205474388047935
2023-03-24,Electronics,40,2000.0,59,4,0,0,50.0,0.0,24.3767493009527,0.46201904006041583
2023-03-25,Electronics,46,2300.0,69,5,1,0,50.0,0.0,24.53848042812556,0.7031511007937314
2023-03-26,Electronics,45,2250.0,69,6,1,0,50.0,0.0,23.04699991174451,2.5662852309490005
2023-03-27,Electronics,39,1950.0,59,0,0,0,50.0,0.0,21.89064790809286,1.278538456511987
2023-03-28,Electronics,41,2050.0,59,1,0,0,50.0,0.0,27.726341631934876,0.2261554244402879
2023-03-29,Electronics,39,1950.0,59,2,0,0,50.0,0.0,23.62099094595772,0.7075899340274656
2023-03-30,Electronics,40,2000.0,59,3,0,0,50.0,0.0,24.21927287194609,1.7340740166677162
2023-03-31,Electronics,33,1650.0,49,4,0,0,50.0,0.0,21.79697984556077,6.0881969950980945
2023-04-01,Electronics,46,2300.0,70,5,1,0,50.0,0.0,23.196085007774126,2.8725872278379296
2023-04-02,Electronics,49,2450.0,74,6,1,0,50.0,0.0,25.382049042047814,0.0
2023-04-03,Electronics,40,2000.0,59,0,0,0,50.0,0.0,25.964774199977278,0.331136623899531
2023-04-04,Electronics,40,2000.0,59,1,0,0,50.0,0.0,24.86961604329237,
2023-04-05,Electronics,44,2200.0,64,2,0,0,50.0,0.0,28.26882963921635,0.0
2023-04-06,Electronics,40,2000.0,59,3,0,0,50.0,0.0,24.398788076181223,1.7467179251658131
2023-04-07,Electronics,40,2000.0,59,4,0,0,50.0,0.0,24.16752117602269,1.8819490718032639
2023-04-08,Electronics,49,2450.0,74,5,1,0,50.0,0.0,24.71340843281699,0.0
2023-04-09,Electronics,45,2250.0,69,6,1,0,50.0,0.0,23.612333983991643,4.737904276647886
2023-04-10,Electronics,42,2100.0,59,0,0,0,50.0,0.0,29.399857124056318,0.0025896003492318354
2023-04-11,Electronics,43,2150.0,64,1,0,0,50.0,0.0,25.528301138081755,0.0
2023-04-12,Electronics,40,2000.0,59,2,0,0,50.0,0.0,,0.23786858626057628
2023-04-13,Electronics,41,2050.0,59,3,0,0,50.0,0.0,27.830481053097028,
2023-04-14,Electronics,40,2000.0,59,4,0,0,50.0,0.0,25.537376925447536,0.9290262839792314
2023-04-15,Electronics,48,2400.0,69,5,1,0,50.0,0.0,29.212594472401456,3.554241929170548
2023-04-16,Electronics,46,2300.0,69,6,1,0,50.0,0.0,25.910189547257296,0.3354891543238936
2023-04-17,Electronics,38,1900.0,59,0,0,0,50.0,0.0,20.899646945114227,4.6011432355929465
2023-04-18,Electronics,42,2100.0,64,1,0,0,50.0,0.0,22.129004608620715,0.0
2023-04-19,Electronics,40,2000.0,59,2,0,0,50.0,0.0,24.74579942191674,0.8029497756447115
2023-04-20,Electronics,41,2050.0,59,3,0,0,50.0,0.0,27.97632982116643,0.6230454702533459
2023-04-21,Electronics,42,2100.0,64,4,0,0,50.0,0.0,21.76895693116519,0.0
2023-04-22,Electronics,40,2000.0,59,5,1,0,50.0,0.0,24.166267256708846,7.440867051140101
2023-04-23,Electronics,47,2350.0,69,6,1,0,50.0,0.0,27.30468942270575,0.7534744489569476
2023-04-24,Electronics,39,1950.0,59,0,0,0,50.0,0.0,23.48717946720187,1.934481995205381
2023-04-25,Electronics,39,1950.0,59,1,0,0,50.0,0.0,21.600915245075484,0.292471506908345
2023-04-26,Electronics,40,2000.0,59,2,0,0,50.0,0.0,26.0565362284051,1.238445447175617
2023-04-27,Electronics,38,1900.0,59,3,0,0,50.0,0.0,21.218937256760725,0.2058061628312735
2023-04-28,Electronics,39,1950.0,58,4,0,0,50.0,0.0,23.878148091935394,
2023-04-29,Electronics,39,1950.0,58,5,1,0,50.0,0.0,24.526696611619215,6.166208091435396
2023-04-30,Electronics,48,2400.0,73,6,1,0,50.0,0.0,23.579118888732566,
2023-05-01,Electronics,41,2050.0,63,0,0,0,50.0,0.0,22.06049464689097,0.0
2023-05-02,Electronics,39,1950.0,58,1,0,0,50.0,0.0,24.38360302708599,0.5627746130065256
2023-05-03,Electronics,59,2507.5,58,2,0,0,42.5,1.0,24.81340473158243,3.4363537903393357
2023-05-04,Electronics,81,3442.5,83,3,0,0,42.5,1.0,24.591006202929194,1.246427129985546
2023-05-05,Electronics,81,3442.5,83,4,0,0,42.5,1.0,,3.8424320584378577
2023-05-06,Electronics,94,3995.0,98,5,1,0,42.5,1.0,24.59035620419207,0.0
2023-05-07,Electronics,48,2400.0,73,6,1,0,50.0,0.0,24.21813147415813,0.0
2023-05-08,Electronics,38,1900.0,58,0,0,0,50.0,0.0,22.262075037974963,2.420799602169194
2023-05-09,Electronics,37,1850.0,57,1,0,0,50.0,0.0,,0.27919088839207196
2023-05-10,Electronics,36,1800.0,57,2,0,0,50.0,0.0,18.992554439813187,0.5373937722569067
2023-05-11,Electronics,40,2000.0,57,3,0,0,50.0,0.0,27.69415597191945,2.3784588835067733
2023-05-12,Electronics,37,1850.0,57,4,0,0,50.0,0.0,21.5988025079789,2.924520022085011
2023-05-13,Electronics,64,2720.0,67,5,1,0,42.5,1.0,,3.5129179109915247
2023-05-14,Electronics,65,2762.5,67,6,1,0,42.5,1.0,21.486216054094005,1.2878238339089885
2023-05-15,Electronics,56,2380.0,57,0,0,0,42.5,1.0,21.310097740984347,0.1404370690847585
2023-05-16,Electronics,58,2465.0,57,1,0,0,42.5,1.0,24.96128834268105,0.9620662886410289
2023-05-17,Electronics,41,2050.0,62,2,0,0,50.0,0.0,23.040715362608598,0.0
2023-05-18,Electronics,306,15300.0,56,3,0,0,50.0,0.0,22.738513206764654,0.13412691466828996
2023-05-19,Electronics,41,2050.0,61,4,0,0,50.0,0.0,25.74304502716359,0.0
2023-05-20,Electronics,42,2100.0,66,5,1,0,50.0,0.0,20.33808781273476,0.5041656738485865
2023-05-21,Electronics,42,2100.0,66,6,1,0,50.0,0.0,20.946318594975292,0.46562178441532875
2023-05-22,Electronics,36,1800.0,56,0,0,0,50.0,0.0,18.79698136170459,0.20837791689557283
2023-05-23,Electronics,37,1850.0,56,1,0,0,50.0,0.0,23.038863889104473,4.785524109457031
2023-05-24,Electronics,36,1800.0,56,2,0,0,50.0,0.0,20.411780628964813,0.3361522871775833
2023-05-25,Electronics,38,1900.0,61,3,0,0,50.0,0.0,18.176039991126412,0.0
2023-05-26,Electronics,37,1850.0,55,4,0,0,50.0,0.0,22.818377079164105,0.12213361762910346
2023-05-27,Electronics,67,2847.5,70,5,1,0,42.5,1.0,21.249538828133907,0.0
2023-05-28,Electronics,67,2847.5,70,6,1,0,42.5,1.0,20.20460645630741,0.0
2023-05-29,Electronics,55,2337.5,55,0,0,0,42.5,1.0,23.185197963863956,2.8827447050956225
2023-05-30,Electronics,58,2465.0,60,1,0,0,42.5,1.0,21.68133905555653,0.0
2023-05-31,Electronics,36,1800.0,55,2,0,0,50.0,0.0,20.240015973943553,0.11909766958167323
2023-06-01,Electronics,38,1900.0,60,3,0,0,50.0,0.0,17.71511882811931,0.0
2023-06-02,Electronics,36,1800.0,54,4,0,0,50.0,0.0,21.996858044252242,0.9914847693563826
2023-06-03,Electronics,40,2000.0,64,5,1,0,50.0,0.0,18.01043437891103,2.407163997573135
2023-06-04,Electronics,40,2000.0,64,6,1,0,50.0,0.0,18.853287356141728,2.474878348732087
2023-06-05,Electronics,38,1900.0,59,0,0,0,50.0,0.0,19.309367504940113,0.0
2023-06-06,Electronics,38,1900.0,59,1,0,0,50.0,0.0,21.01761569788892,0.0
2023-06-07,Electronics,34,1700.0,54,2,0,0,50.0,0.0,18.990199325597867,
2023-06-08,Electronics,49,2450.0,78,3,0,0,50.0,0.0,18.37863439327804,0.028604468107163994
2023-06-09,Electronics,49,2450.0,78,4,0,0,50.0,0.0,20.26788956685057,1.3382988099369064
