store_sales_forecasting_raw.csv
Date,Product_Category,Units_Sold,Daily_Revenue,Demand_Index,Day_of_Week,Is_Weekend,Is_Holiday,Price,Is_On_Sale,Avg_Daily_Temperature,Rainfall_mm
2023-06-10,Electronics,56,2800.0,88,5,1,0,50.0,0.0,20.861832406739556,1.480207717647164
2023-06-11,Electronics,33,1650.0,53,6,1,0,50.0,0.0,,5.5671624230615455
2023-06-12,Electronics,35,1750.0,53,0,0,0,50.0,0.0,20.972029722463724,
2023-06-13,Electronics,33,1650.0,53,1,0,0,50.0,0.0,17.58317211720763,1.5865807372582053
2023-06-14,Electronics,33,1650.0,52,2,0,0,50.0,0.0,18.105459974959693,0.09345073455218755
2023-06-15,Electronics,36,1800.0,57,3,0,0,50.0,0.0,18.170791286854882,0.0
2023-06-16,Electronics,34,1700.0,52,4,0,0,50.0,0.0,20.143949065353212,0.11980524822280603
2023-06-17,Electronics,42,2100.0,67,5,1,0,50.0,0.0,17.744779749095194,0.0
2023-06-18,Electronics,38,1900.0,62,6,1,0,50.0,0.0,15.306610774660122,0.22608718270700767
2023-06-19,Electronics,31,1550.0,52,0,0,0,50.0,0.0,13.33699340775205,0.2488419668193942
2023-06-20,Electronics,31,1550.0,51,1,0,0,50.0,0.0,15.01482591380752,1.4697555132184248
2023-06-21,Electronics,45,1912.5,51,2,0,0,42.5,1.0,13.247671532449012,0.747788650356042
2023-06-22,Electronics,49,2082.5,51,3,0,0,42.5,1.0,19.218327093378036,0.6839355051457467
2023-06-23,Electronics,49,2082.5,51,4,0,0,42.5,1.0,,1.2823783856303757
2023-06-24,Electronics,62,2635.0,66,5,1,0,42.5,1.0,17.871062619315936,0.0
2023-06-25,Electronics,40,2000.0,66,6,1,0,50.0,0.0,14.957981468516907,0.0
2023-06-26,Electronics,32,1600.0,50,0,0,0,50.0,0.0,18.535291204395378,0.4552031690863607
2023-06-27,Electronics,31,1550.0,50,1,0,0,50.0,0.0,17.017700227610614,0.3666871130653542
2023-06-28,Electronics,30,1500.0,50,2,0,0,50.0,0.0,13.967040540452478,0.687114816713325
2023-06-29,Electronics,33,1650.0,55,3,0,0,50.0,0.0,12.850427896863616,0.0
2023-06-30,Electronics,30,1500.0,50,4,0,0,50.0,0.0,13.225860253915318,0.04754050426483558
2023-07-01,Electronics,39,1950.0,65,5,1,0,50.0,0.0,13.952127159586656,0.0
2023-07-02,Electronics,39,1950.0,64,6,1,0,50.0,0.0,14.480038554802412,0.0
2023-07-03,Electronics,32,1600.0,54,0,0,0,50.0,0.0,11.896154140330296,0.0
2023-07-04,Electronics,40,2000.0,69,1,0,1,50.0,0.0,10.560510709768213,0.0
2023-07-05,Electronics,30,1500.0,49,2,0,0,50.0,0.0,14.591751861418288,0.41404296033920973
2023-07-06,Electronics,29,1450.0,49,3,0,0,50.0,0.0,12.319263464658537,0.36926086672135794
2023-07-07,Electronics,31,1550.0,49,4,0,0,50.0,0.0,,0.594456778736214
2023-07-08,Electronics,30,1500.0,48,5,1,0,50.0,0.0,16.50056564880266,10.177158373438473
2023-07-09,Electronics,35,1750.0,58,6,1,0,50.0,0.0,13.553630418428153,1.2771509009495032
2023-07-10,Electronics,31,1550.0,53,0,0,0,50.0,,11.700721593308353,0.0
2023-07-11,Electronics,30,1500.0,53,1,0,0,50.0,0.0,9.571243707377839,0.0
2023-07-12,Electronics,28,1400.0,48,2,0,0,50.0,0.0,11.851963083952235,2.560824742246121
2023-07-13,Electronics,29,1450.0,48,3,0,0,50.0,0.0,15.182037996939094,
2023-07-14,Electronics,30,1500.0,47,4,0,0,50.0,0.0,17.748551711511816,3.735962195829943
2023-07-15,Electronics,36,1800.0,57,5,1,0,50.0,0.0,17.842796565411433,2.42333792753937
2023-07-16,Electronics,36,1800.0,57,6,1,0,50.0,0.0,17.685188374599605,
2023-07-17,Electronics,31,1550.0,52,0,0,0,50.0,0.0,,0.0
2023-07-18,Electronics,28,1400.0,47,1,0,0,50.0,0.0,14.483169136810208,1.1784712733439524
2023-07-19,Electronics,41,1742.5,47,2,0,0,42.5,1.0,11.395627091301751,4.36643788482212
2023-07-20,Electronics,40,1700.0,46,3,0,0,42.5,1.0,11.766893046790873,0.2307657324883421
2023-07-21,Electronics,39,1657.5,46,4,0,0,42.5,1.0,11.016013000809545,3.4203953970794885
2023-07-22,Electronics,49,2082.5,56,5,1,0,42.5,1.0,12.050881933204897,2.866302754827403
2023-07-23,Electronics,35,1750.0,61,6,1,0,50.0,0.0,8.941201233030442,0.0
2023-07-24,Electronics,29,1450.0,51,0,0,0,50.0,0.0,10.845840371273846,0.0
2023-07-25,Electronics,29,1450.0,51,1,0,0,50.0,0.0,10.250214584525429,0.0
2023-07-26,Electronics,30,1275.0,35,2,0,0,42.5,1.0,11.956452944895727,11.437165804281236
2023-07-27,Electronics,42,1785.0,45,3,0,0,42.5,1.0,16.250782272307983,0.16347191289098495
2023-07-28,Electronics,44,1870.0,50,4,0,0,42.5,1.0,12.943287905199844,0.0
2023-07-29,Electronics,47,1997.5,55,5,1,0,42.5,1.0,10.138499985058942,0.13150485298884718
2023-07-30,Electronics,33,1650.0,55,6,1,0,50.0,0.0,13.018388610111828,1.0671505296329786
2023-07-31,Electronics,25,1250.0,45,0,0,0,50.0,0.0,7.950020660403206,0.8940804071509809
2023-08-01,Electronics,26,1300.0,45,1,0,0,50.0,0.0,10.084645040399382,0.8636182210688952
2023-08-02,Electronics,26,1300.0,44,2,0,0,50.0,0.0,11.737025211217937,1.386061452834598
2023-08-03,Electronics,26,1300.0,44,3,0,0,50.0,0.0,11.85612911055598,0.5802848911994951
2023-08-04,Electronics,24,1200.0,44,4,0,0,50.0,0.0,8.469475545725134,1.2192812363986643
2023-08-05,Electronics,30,1500.0,54,5,1,0,50.0,0.0,6.8392035604973245,0.26532823711496745
2023-08-06,Electronics,31,1550.0,54,6,1,0,50.0,0.0,9.426548662753191,0.2023806516315676
2023-08-07,Electronics,23,1150.0,44,0,0,0,50.0,0.0,5.821478372967934,4.811593563105222
2023-08-08,Electronics,28,1400.0,49,1,0,0,50.0,0.0,9.480405371534541,0.0
2023-08-09,Electronics,28,1400.0,48,2,0,0,50.0,0.0,10.789472366239265,0.0
2023-08-10,Electronics,22,1100.0,43,3,0,0,50.0,0.0,4.852831647867875,3.758930366924817
2023-08-11,Electronics,24,1200.0,43,4,0,0,50.0,0.0,8.433485799042296,1.472832779512406
2023-08-12,Electronics,30,1500.0,53,5,1,0,50.0,0.0,10.4190118431985,0.08078269351503997
2023-08-13,Electronics,33,1650.0,58,6,1,0,50.0,0.0,9.409307398415642,0.0
2023-08-14,Electronics,23,1150.0,43,0,0,0,50.0,0.0,7.813848166320808,0.2962020088224042
2023-08-15,Electronics,23,1150.0,43,1,0,0,50.0,0.0,6.405920356315281,4.608073573659462
2023-08-16,Electronics,25,1250.0,47,2,0,0,50.0,0.0,6.207868260165259,0.0
2023-08-17,Electronics,22,1100.0,42,3,0,0,50.0,0.0,,1.9618664286089769
2023-08-18,Electronics,22,1100.0,42,4,0,0,50.0,0.0,5.914885076176391,
2023-08-19,Electronics,29,1450.0,52,5,1,0,50.0,0.0,8.201066412415894,0.7129031493295934
2023-08-20,Electronics,28,1400.0,52,6,1,0,50.0,0.0,5.92144923260784,0.8329055112243458
2023-08-21,Electronics,21,1050.0,42,0,0,0,50.0,0.0,3.507801796971801,0.25069817217298906
2023-08-22,Electronics,23,1150.0,42,1,0,0,50.0,0.0,8.54483108236887,0.11661966895991083
2023-08-23,Electronics,26,1300.0,47,2,0,0,50.0,0.0,7.181095270268686,
2023-08-24,Electronics,21,1050.0,42,3,0,0,50.0,0.0,3.1633142493837214,0.27148053363018776
2023-08-25,Electronics,22,1100.0,41,4,0,0,50.0,0.0,6.634473315010233,0.21093360277926387
2023-08-26,Electronics,29,1450.0,51,5,1,0,50.0,0.0,8.928380342284015,0.6105832178079957
2023-08-27,Electronics,28,1400.0,51,6,1,0,50.0,0.0,7.328280826434252,4.061977587712889
2023-08-28,Electronics,23,1150.0,46,0,0,0,50.0,0.0,3.460797343098116,0.0
2023-08-29,Electronics,21,1050.0,41,1,0,0,50.0,0.0,4.162253570327277,0.7320299794999761
2023-08-30,Electronics,22,1100.0,41,2,0,0,50.0,0.0,6.545223748888005,1.0419038835172048
2023-08-31,Electronics,16,800.0,31,3,0,0,50.0,0.0,6.094834988366758,7.275816871509992
2023-09-01,Electronics,16,800.0,31,4,0,0,50.0,0.0,6.077349493946739,8.488929592084974
2023-09-02,Electronics,27,1350.0,51,5,1,0,50.0,0.0,5.7700806042415635,0.272724819531869
2023-09-03,Electronics,22,1100.0,41,6,1,0,50.0,0.0,7.679394591896466,13.02709916238173
2023-09-04,Electronics,24,1200.0,46,0,0,0,50.0,0.0,4.568217706069945,0.0
2023-09-05,Electronics,21,1050.0,40,1,0,0,50.0,0.0,5.4889376557749845,0.240532710013438
2023-09-06,Electronics,20,1000.0,40,2,0,0,50.0,0.0,3.340454393053305,0.8513291254258668
2023-09-07,Electronics,22,1100.0,40,3,0,0,50.0,0.0,8.238788634459105,0.3858137381122664
2023-09-08,Electronics,20,1000.0,40,4,0,0,50.0,0.0,4.474695618209368,0.03727109038819654
2023-09-09,Electronics,28,1400.0,50,5,1,0,50.0,0.0,7.9327304548565465,3.36912580568175
2023-09-10,Electronics,21,1050.0,40,6,1,0,50.0,0.0,6.887486001218748,6.507091219503406
2023-09-11,Electronics,21,1050.0,40,0,0,0,50.0,0.0,5.416890031188719,4.048539385579834
2023-09-12,Electronics,23,1150.0,45,1,0,0,50.0,0.0,4.628020845091047,
2023-09-13,Electronics,24,1200.0,45,2,0,0,50.0,0.0,7.079102382524084,0.0
2023-09-14,Electronics,21,1050.0,40,3,0,0,50.0,0.0,5.983096422008975,0.2922129596510592
2023-09-15,Electronics,14,700.0,30,4,0,0,50.0,0.0,3.7012953745155546,8.955697690988307
2023-09-16,Electronics,26,1300.0,50,5,1,0,50.0,0.0,3.9522521676908573,1.9641992878678014
2023-09-17,Electronics,29,1450.0,55,6,1,0,50.0,0.0,3.0070439361634334,0.0
2023-09-18,Electronics,22,1100.0,45,0,0,0,50.0,0.0,0.6640677069430403,0.0
2023-09-19,Electronics,20,1000.0,40,1,0,0,50.0,0.0,4.609660458443733,0.8087684533469648
2023-09-20,Electronics,20,1000.0,40,2,0,0,50.0,0.0,3.890961026250211,1.052342001326759
2023-09-21,Electronics,23,1150.0,45,3,0,0,50.0,0.0,4.851954228560352,0.0
2023-09-22,Electronics,30,1275.0,40,4,0,0,42.5,1.0,3.9878324593047996,0.7443176213584499
2023-09-23,Electronics,40,1700.0,50,5,1,0,42.5,1.0,5.449907893020531,0.2529705303646348
2023-09-24,Electronics,43,1827.5,55,6,1,0,42.5,1.0,2.658284866421167,0.0
2023-09-25,Electronics,36,1530.0,45,0,0,0,42.5,1.0,7.020154867643274,0.0
2023-09-26,Electronics,,,40,1,0,0,50.0,0.0,,0.21530813470005938
2023-09-27,Electronics,20,1000.0,40,2,0,0,50.0,0.0,4.932347812394446,0.36174603919667647
2023-09-28,Electronics,21,1050.0,40,3,0,0,50.0,0.0,6.276176948732138,1.3660751201614811
2023-09-29,Electronics,29,1232.5,40,4,0,0,42.5,1.0,2.0056308296474854,0.17631729473250246
2023-09-30,Electronics,40,1700.0,50,5,1,0,42.5,1.0,5.074427950453811,0.6766333982589476
2023-10-01,Electronics,39,1657.5,50,6,1,0,42.5,1.0,4.508196580271993,1.2400434308601027
2023-10-02,Electronics,30,1275.0,40,0,0,0,42.5,1.0,3.4975305870778026,1.2268372404918177
2023-10-03,Electronics,20,1000.0,40,1,0,0,50.0,0.0,3.0620560508533066,
2023-10-04,Electronics,21,1050.0,40,2,0,0,50.0,0.0,5.250587774305244,0.1480486020272871
2023-10-05,Electronics,19,950.0,40,3,0,0,50.0,0.0,1.4277488192509638,2.9682032140259884
2023-10-06,Electronics,21,1050.0,40,4,0,0,50.0,0.0,5.819571971258527,0.31162354159228056
2023-10-07,Electronics,27,1350.0,50,5,1,0,50.0,0.0,6.136309599064863,0.21664737774036325
2023-10-08,Electronics,27,1350.0,50,6,1,0,50.0,0.0,5.556721454083308,0.13810773573323365
2023-10-09,Electronics,24,1200.0,45,0,0,0,50.0,0.0,5.581319726202286,0.0
2023-10-10,Electronics,20,1000.0,40,1,0,0,50.0,0.0,,
2023-10-11,Electronics,23,1150.0,45,2,0,0,50.0,0.0,3.409161721501341,0.0
2023-10-12,Electronics,20,1000.0,40,3,0,0,50.0,0.0,3.686147179757438,0.22847942807954924
2023-10-13,Electronics,21,1050.0,40,4,0,0,50.0,0.0,7.197356158596657,0.18302797348936783
2023-10-14,Electronics,26,1300.0,50,5,1,0,50.0,0.0,3.300362799154504,3.7962878564437945
2023-10-15,Electronics,30,1500.0,55,6,1,0,50.0,0.0,6.55287151695661,0.0
2023-10-16,Electronics,14,700.0,30,0,0,0,50.0,0.0,4.487949699634312,8.804359717884678
2023-10-17,Electronics,21,1050.0,40,1,0,0,50.0,0.0,5.560645244990487,0.8077856481273717
2023-10-18,Electronics,24,1200.0,45,2,0,0,50.0,0.0,6.112062532375873,0.0
2023-10-19,Electronics,20,1000.0,40,3,0,0,50.0,0.0,3.322602681787683,3.183490989854059
2023-10-20,Electronics,22,1100.0,40,4,0,0,50.0,0.0,8.09312909898154,0.4289722117754271
2023-10-21,Electronics,30,1500.0,55,5,1,0,50.0,0.0,6.125435524132746,0.0
2023-10-22,Electronics,27,1350.0,50,6,1,0,50.0,0.0,6.793881156132152,2.614238761983616
2023-10-23,Electronics,22,1100.0,40,0,0,0,50.0,0.0,9.474994486184231,3.4315944329144283
2023-10-24,Electronics,21,1050.0,40,1,0,0,50.0,0.0,5.960390554106953,1.3986961610184334
2023-10-25,Electronics,21,1050.0,40,2,0,0,50.0,0.0,7.04408762496597,1.5954047550524142
2023-10-26,Electronics,24,1200.0,45,3,0,0,50.0,0.0,5.560428339390794,0.0
2023-10-27,Electronics,21,1050.0,40,4,0,0,50.0,0.0,6.11687208857702,0.3808305007849184
2023-10-28,Electronics,28,1400.0,51,5,1,0,50.0,0.0,8.475107712482615,1.7603641043600216
2023-10-29,Electronics,26,1300.0,51,6,1,0,50.0,0.0,3.4983968539907755,1.2655575996672748
2023-10-30,Electronics,24,1200.0,46,0,0,0,50.0,0.0,5.3141741714050195,0.0
2023-10-31,Electronics,20,1000.0,41,1,0,0,50.0,0.0,2.911024364916671,1.1238321368485082
2023-11-01,Electronics,21,1050.0,41,2,0,0,50.0,0.0,4.1429660587327035,0.09117495857054458
2023-11-02,Electronics,15,750.0,31,3,0,0,50.0,0.0,4.418794819853089,9.399027816309347
2023-11-03,Electronics,22,1100.0,41,4,0,0,50.0,0.0,7.954455576844687,1.8720610162749662
2023-11-04,Electronics,27,1350.0,51,5,1,0,50.0,0.0,4.9310362000016035,0.02706534198994648
2023-11-05,Electronics,31,1550.0,56,6,1,0,50.0,0.0,7.553795631052306,0.0
2023-11-06,Electronics,22,1100.0,41,0,0,0,50.0,0.0,6.375968537570838,2.6910550154035437
2023-11-07,Electronics,21,1050.0,41,1,0,0,50.0,0.0,5.428111827957251,2.735966587455812
2023-11-08,Electronics,24,1200.0,42,2,0,0,50.0,0.0,10.131068299171934,1.3315347663036028
2023-11-09,Electronics,23,1150.0,42,3,0,0,50.0,0.0,9.493996987416457,0.948236227089112
2023-11-10,Electronics,26,1300.0,47,4,0,0,50.0,0.0,7.035418403270253,0.0
2023-11-11,Electronics,27,1350.0,52,5,1,0,50.0,0.0,4.478505128999796,0.5774583832743472
2023-11-12,Electronics,28,1400.0,52,6,1,0,50.0,0.0,6.68838920567819,0.4727793772049864
2023-11-13,Electronics,25,1250.0,47,0,0,0,50.0,0.0,6.955363107042556,0.0
2023-11-14,Electronics,23,1150.0,42,1,0,0,50.0,0.0,7.31450545237514,0.2525391505888215
2023-11-15,Electronics,21,1050.0,42,2,0,0,50.0,0.0,2.6012244695694076,3.1137109144466404
2023-11-16,Electronics,26,1300.0,47,3,0,0,50.0,0.0,7.370003599665555,0.0
2023-11-17,Electronics,23,1150.0,43,4,0,0,50.0,0.0,6.93876490962152,4.396511285964977
2023-11-18,Electronics,31,1550.0,58,5,1,0,50.0,0.0,4.969339674050184,0.0
2023-11-19,Electronics,29,1450.0,53,6,1,0,50.0,0.0,7.559964106857331,1.1974060907885495
2023-11-20,Electronics,24,1200.0,43,0,0,0,50.0,0.0,8.690363572240335,3.434743887798321
2023-11-21,Electronics,23,1150.0,43,1,0,0,50.0,0.0,7.1267521516902255,
2023-11-22,Electronics,27,1350.0,48,2,0,0,50.0,0.0,9.109952499231605,0.0
2023-11-23,Electronics,24,1200.0,43,3,0,0,50.0,0.0,8.90532860625514,0.728895981110623
2023-11-24,Electronics,24,1200.0,44,4,0,0,50.0,0.0,,1.0010914038804932
2023-11-25,Electronics,31,1550.0,54,5,1,0,50.0,0.0,11.045460043449545,0.652365091518962
2023-11-26,Electronics,31,1550.0,54,6,1,0,50.0,0.0,9.471793367082833,1.6817966688910602
2023-11-27,Electronics,25,1250.0,44,0,0,0,50.0,0.0,11.026546685743181,
2023-11-28,Electronics,28,1400.0,49,1,0,0,50.0,0.0,10.209879372209855,0.0
2023-11-29,Electronics,27,1350.0,44,2,0,0,50.0,0.0,14.493365623670945,2.812227983018838
2023-11-30,Electronics,25,1250.0,44,3,0,0,50.0,0.0,9.837606330402751,1.3803796367555154
2023-12-01,Electronics,20,1000.0,35,4,0,0,50.0,0.0,10.320740441990925,6.970150974401697
2023-12-02,Electronics,32,1600.0,55,5,1,0,50.0,0.0,11.485961625827791,0.3839607620509953
2023-12-03,Electronics,34,1700.0,60,6,1,0,50.0,0.0,7.941566622355728,0.0
2023-12-04,Electronics,25,1250.0,45,0,0,0,50.0,0.0,9.713485352339058,1.126502333302963
2023-12-05,Electronics,30,1500.0,50,1,0,0,50.0,0.0,12.852764066826289,0.0
2023-12-06,Electronics,25,1250.0,45,2,0,0,50.0,0.0,9.59572895253666,2.2304120391650106
2023-12-07,Electronics,25,1250.0,45,3,0,0,50.0,0.0,9.66459118837646,0.23966197968271064
2023-12-08,Electronics,27,1350.0,46,4,0,0,50.0,0.0,11.499535760097537,0.41912042733929367
2023-12-09,Electronics,35,1750.0,61,5,1,0,50.0,0.0,9.665599740269645,0.0
2023-12-10,Electronics,30,1500.0,56,6,1,0,50.0,0.0,5.370081207182489,1.0082036828774208
2023-12-11,Electronics,29,1450.0,51,0,0,0,50.0,0.0,9.039621178102678,0.0
2023-12-12,Electronics,27,1350.0,46,1,0,0,50.0,0.0,12.965674652110549,2.318626338777082
2023-12-13,Electronics,26,1300.0,46,2,0,0,50.0,0.0,10.4118715327632,0.6700921297911355
2023-12-14,Electronics,28,1400.0,47,3,0,0,50.0,0.0,13.845117685348171,3.8439050637092045
2023-12-15,Electronics,28,1400.0,47,4,0,0,50.0,0.0,12.14353056093732,0.7553800398568995
2023-12-16,Electronics,38,1900.0,62,5,1,0,50.0,0.0,14.981811251605949,0.0
2023-12-17,Electronics,35,1750.0,57,6,1,0,50.0,0.0,15.489835680034309,1.0345764218670612
2023-12-18,Electronics,31,1550.0,52,0,0,0,50.0,0.0,14.269340455782547,0.0
2023-12-19,Electronics,28,1400.0,47,1,0,0,50.0,0.0,12.645869667948212,2.290415186130655
2023-12-20,Electronics,28,1400.0,48,2,0,0,50.0,0.0,10.940317749652763,2.838456826225565
2023-12-21,Electronics,27,1350.0,48,3,0,0,50.0,0.0,9.807412480504027,
2023-12-22,Electronics,44,2200.0,73,4,0,0,50.0,0.0,14.82454312436823,
2023-12-23,Electronics,53,2650.0,88,5,1,0,50.0,0.0,14.70440333163634,0.0
2023-12-24,Electronics,49,2450.0,83,6,1,0,50.0,0.0,11.119406117392854,2.3464520817101273
2023-12-25,Electronics,39,1950.0,63,0,0,1,50.0,0.0,15.67532338382089,1.2865952553434745
2023-12-26,Electronics,33,1650.0,54,1,0,0,50.0,0.0,14.971363381978975,
2023-12-27,Electronics,45,1912.5,49,2,0,0,42.5,1.0,14.931649462137681,0.44736192962379717
2023-12-28,Electronics,46,1955.0,49,3,0,0,42.5,1.0,17.608771820725835,0.7095604703840326
2023-12-29,Electronics,44,1870.0,49,4,0,0,42.5,1.0,14.755600838228473,4.892084622752693
2023-12-30,Electronics,52,2210.0,59,5,1,0,42.5,1.0,12.920359866873582,2.699709621233084
2023-12-31,Electronics,35,1750.0,59,6,1,0,50.0,0.0,12.339656137154044,0.8084678375718959
2024-01-01,Electronics,41,2050.0,67,0,0,1,50.0,,16.20959772648983,1.7746431746973825
2024-01-02,Electronics,34,1700.0,57,1,0,0,50.0,0.0,14.248427376727987,0.0
2024-01-03,Electronics,32,1600.0,52,2,0,0,50.0,0.0,15.255174659443119,1.2236920111913268
2024-01-04,Electronics,31,1550.0,52,3,0,0,50.0,0.0,13.104375816946941,1.3955677344925523
2024-01-05,Electronics,33,1650.0,52,4,0,0,50.0,0.0,17.251603930059215,2.3032194108139707
2024-01-06,Electronics,39,1950.0,63,5,1,0,50.0,0.0,17.046661554794063,0.44294558707506204
2024-01-07,Electronics,42,2100.0,68,6,1,0,50.0,0.0,16.991225896363296,0.0
2024-01-08,Electronics,33,1650.0,53,0,0,0,50.0,0.0,16.80237834235204,0.6772677307672657
2024-01-09,Electronics,37,1850.0,58,1,0,0,50.0,0.0,18.229007944271398,0.0
2024-01-10,Electronics,33,1650.0,53,2,0,0,50.0,0.0,17.646111342506593,1.452081331442542
