store_sales_forecasting_raw.csv
Date,Product_Category,Units_Sold,Daily_Revenue,Demand_Index,Day_of_Week,Is_Weekend,Is_Holiday,Price,Is_On_Sale,Avg_Daily_Temperature,Rainfall_mm
2024-01-11,Electronics,34,1700.0,53,3,0,0,50.0,0.0,19.048148273391153,0.03531500704868762
2024-01-12,Electronics,37,1850.0,59,4,0,0,50.0,0.0,18.813791851782124,0.0
2024-01-13,Electronics,40,2000.0,64,5,1,0,50.0,0.0,16.64969145348412,2.6661648055069
2024-01-14,Electronics,40,2000.0,64,6,1,0,50.0,0.0,17.826422240112556,0.13865843559247804
2024-01-15,Electronics,34,1700.0,54,0,0,0,50.0,0.0,18.249131141979444,0.19817835444436138
2024-01-16,Electronics,37,1850.0,59,1,0,0,50.0,0.0,18.698985340895465,0.0
2024-01-17,Electronics,34,1700.0,54,2,0,0,50.0,0.0,17.285711276051977,2.4340377870327843
2024-01-18,Electronics,36,1800.0,55,3,0,0,50.0,0.0,20.22640617273642,4.148503311623009
2024-01-19,Electronics,37,1850.0,60,4,0,0,50.0,0.0,16.970820342626272,0.0
2024-01-20,Electronics,41,2050.0,65,5,1,0,50.0,0.0,19.698658405261078,1.460658092152563
2024-01-21,Electronics,41,2050.0,65,6,1,0,50.0,0.0,17.901586328627417,1.0319772854083693
2024-01-22,Electronics,38,1900.0,60,0,0,0,50.0,0.0,17.796313477338238,0.0
2024-01-23,Electronics,34,1700.0,55,1,0,0,50.0,0.0,15.721789638986321,
2024-01-24,Electronics,39,1950.0,61,2,0,0,50.0,0.0,20.531378026448582,0.0
2024-01-25,Electronics,36,1800.0,56,3,0,0,50.0,0.0,19.043001989305957,1.432259722312124
2024-01-26,Electronics,35,1750.0,56,4,0,0,50.0,0.0,17.408270459544916,0.33522973740675344
2024-01-27,Electronics,43,2150.0,71,5,1,0,50.0,0.0,15.068764938525707,0.0
2024-01-28,Electronics,36,1800.0,56,6,1,0,50.0,0.0,18.920796191386934,12.945689846002487
2024-01-29,Electronics,36,1800.0,56,0,0,0,50.0,0.0,20.952563813308508,0.558780125102639
2024-01-30,Electronics,36,1800.0,56,1,0,0,50.0,,20.553216562710347,0.20079611231424588
2024-01-31,Electronics,36,1800.0,57,2,0,0,50.0,0.0,18.95978582495364,1.2059940743252038
2024-02-01,Electronics,38,1900.0,62,3,0,0,50.0,0.0,16.035079531860575,0.0
2024-02-02,Electronics,36,1800.0,57,4,0,0,50.0,0.0,18.630143641207564,0.3900074301295735
2024-02-03,Electronics,43,2150.0,67,5,1,0,50.0,0.0,21.492812806508496,3.320664336182414
2024-02-04,Electronics,47,2350.0,72,6,1,0,50.0,0.0,22.219784380404196,0.0
2024-02-05,Electronics,48,2040.0,47,0,0,0,42.5,1.0,23.694286504411807,7.10443753880096
2024-02-06,Electronics,55,2337.5,57,1,0,0,42.5,1.0,20.55770417144562,1.2774769824342145
2024-02-07,Electronics,57,2422.5,58,2,0,0,42.5,1.0,22.32955212909261,
2024-02-08,Electronics,52,2210.0,58,3,0,0,42.5,1.0,14.515605432523921,1.190811910541437
2024-02-09,Electronics,39,1950.0,58,4,0,0,50.0,0.0,24.189723647034956,
2024-02-10,Electronics,46,2300.0,73,5,1,0,50.0,0.0,18.436594311022656,0.0
2024-02-11,Electronics,45,2250.0,73,6,1,0,50.0,0.0,17.466252203063668,0.0
2024-02-12,Electronics,37,1850.0,58,0,0,0,50.0,0.0,19.2454874767906,0.9676831603693405
2024-02-13,Electronics,42,2100.0,63,1,0,0,50.0,0.0,24.276502741616614,0.0
2024-02-14,Electronics,38,1900.0,58,2,0,0,50.0,0.0,22.106110299795617,0.25905045160627593
2024-02-15,Electronics,38,1900.0,59,3,0,0,50.0,0.0,20.046697373411494,0.8196750676159648
2024-02-16,Electronics,43,2150.0,64,4,0,0,50.0,0.0,24.17492937818746,0.0
2024-02-17,Electronics,45,2250.0,69,5,1,0,50.0,0.0,22.632935183236604,2.15883970590708
2024-02-18,Electronics,59,2507.5,59,6,1,0,42.5,1.0,23.365892027380518,
2024-02-19,Electronics,59,2507.5,59,0,0,0,42.5,1.0,23.82886352929552,1.1773951574497539
2024-02-20,Electronics,58,2465.0,59,1,0,0,42.5,1.0,22.519314978629602,1.6914675299511104
2024-02-21,Electronics,57,2422.5,59,2,0,0,42.5,1.0,21.182521396317387,1.0242636538693062
2024-02-22,Electronics,39,1950.0,59,3,0,0,50.0,0.0,23.297298594066433,2.3648385526144575
2024-02-23,Electronics,43,2150.0,65,4,0,0,50.0,0.0,24.792194335356207,0.0
2024-02-24,Electronics,47,2350.0,70,5,1,0,50.0,0.0,25.094363894252478,3.4510439654435423
2024-02-25,Electronics,49,2450.0,75,6,1,0,50.0,0.0,24.036667714564178,0.0
2024-02-26,Electronics,39,1950.0,60,0,0,0,50.0,0.0,21.2459305341739,1.09850536107878
2024-02-27,Electronics,43,2150.0,65,1,0,0,50.0,0.0,22.60711732747836,0.0
2024-02-28,Electronics,41,2050.0,60,2,0,0,50.0,0.0,26.512659198824824,0.17820041034440615
2024-02-29,Electronics,43,2150.0,65,3,0,0,50.0,0.0,23.379958461011178,0.0
2024-03-01,Electronics,40,2000.0,60,4,0,0,50.0,0.0,22.5443494248986,0.7615369536277945
2024-03-02,Electronics,49,2450.0,75,5,1,0,50.0,0.0,23.677693179770948,0.0
2024-03-03,Electronics,46,2300.0,70,6,1,0,50.0,0.0,22.8871569683447,4.395770397192847
2024-03-04,Electronics,40,2000.0,60,0,0,0,50.0,0.0,24.40095028973225,1.3154189074548577
2024-03-05,Electronics,43,2150.0,65,1,0,0,50.0,0.0,22.900306561971647,
2024-03-06,Electronics,44,2200.0,66,2,0,0,50.0,0.0,25.203647528900216,0.0
2024-03-07,Electronics,40,2000.0,61,3,0,0,50.0,0.0,23.394944063350994,2.0914688289998162
2024-03-08,Electronics,59,2950.0,91,4,0,0,50.0,0.0,25.22164270552017,0.0
2024-03-09,Electronics,64,3200.0,96,5,1,0,50.0,0.0,28.61174302917768,0.028763151270927434
2024-03-10,Electronics,62,3100.0,96,6,1,0,50.0,0.0,25.135624366813097,2.9096995186129084
2024-03-11,Electronics,40,2000.0,61,0,0,0,50.0,0.0,21.755063646753637,0.1086734143902719
2024-03-12,Electronics,41,2050.0,61,1,0,0,50.0,0.0,24.034184306969884,0.3660257527286066
2024-03-13,Electronics,42,2100.0,61,2,0,0,50.0,0.0,26.364542942987445,0.842634115788047
2024-03-14,Electronics,35,1750.0,51,3,0,0,50.0,0.0,,24.41525171327077
2024-03-15,Electronics,41,2050.0,61,4,0,0,50.0,0.0,25.4745170792774,0.6948473949987553
2024-03-16,Electronics,48,2400.0,71,5,1,0,50.0,0.0,27.28109773443978,0.48079548010815754
2024-03-17,Electronics,39,1950.0,61,6,1,0,50.0,0.0,20.549591679449154,5.500181124624299
2024-03-18,Electronics,63,2677.5,61,0,0,0,42.5,1.0,26.94965419672852,0.19831500933107016
2024-03-19,Electronics,61,2592.5,61,1,0,0,42.5,1.0,24.849873669689792,0.8460071565994522
2024-03-20,Electronics,60,2550.0,61,2,0,0,42.5,1.0,23.26100437896065,0.9065401561574249
2024-03-21,Electronics,65,2762.5,66,3,0,0,42.5,1.0,23.880917191485047,0.0
2024-03-22,Electronics,40,2000.0,61,4,0,0,50.0,0.0,21.82205246197093,1.115442349149951
2024-03-23,Electronics,51,2550.0,76,5,1,0,50.0,0.0,26.21378235972315,0.0
2024-03-24,Electronics,47,2350.0,71,6,1,0,50.0,0.0,26.018495025758266,0.4913182014230817
2024-03-25,Electronics,44,2200.0,66,0,0,0,50.0,0.0,25.12454634624812,0.0
2024-03-26,Electronics,41,2050.0,61,1,0,0,50.0,0.0,23.61874128148413,1.4896134227518845
2024-03-27,Electronics,44,2200.0,66,2,0,0,50.0,0.0,24.6795558071628,0.0
2024-03-28,Electronics,41,2050.0,61,3,0,0,50.0,0.0,23.702975129186278,1.5443545319900789
2024-03-29,Electronics,41,2050.0,61,4,0,0,50.0,0.0,,0.14983875509901967
2024-03-30,Electronics,49,2450.0,76,5,1,0,50.0,0.0,21.971898704791567,0.0
2024-03-31,Electronics,47,2350.0,72,6,1,0,50.0,0.0,24.251091924066305,1.1961189441051694
2024-04-01,Electronics,41,2050.0,61,0,0,0,50.0,0.0,25.222812576044774,1.5805301697334406
2024-04-02,Electronics,44,2200.0,66,1,0,0,50.0,0.0,23.54548460907695,0.0
2024-04-03,Electronics,43,2150.0,61,2,0,0,50.0,0.0,30.196495401164512,0.9241211820077873
2024-04-04,Electronics,41,2050.0,61,3,0,0,50.0,0.0,25.085072878001174,1.611720152694116
2024-04-05,Electronics,41,2050.0,61,4,0,0,50.0,0.0,24.726389828465212,1.7731992905397425
2024-04-06,Electronics,47,2350.0,71,5,1,0,50.0,0.0,23.975025955736026,3.0244516338372804
2024-04-07,Electronics,51,2550.0,76,6,1,0,50.0,0.0,26.55561990888549,
2024-04-08,Electronics,41,2050.0,61,0,0,0,50.0,0.0,24.196229586369746,2.172022301094886
2024-04-09,Electronics,42,2100.0,61,1,0,0,50.0,0.0,28.081385770940155,2.9038377966430695
2024-04-10,Electronics,42,2100.0,61,2,0,0,50.0,0.0,27.7088384741702,0.07966462279377362
2024-04-11,Electronics,43,2150.0,61,3,0,0,50.0,0.0,29.30226962766952,
2024-04-12,Electronics,44,2200.0,66,4,0,0,50.0,0.0,25.075382453375706,0.0
2024-04-13,Electronics,46,2300.0,71,5,1,0,50.0,0.0,22.805892177796046,1.4024793274844578
2024-04-14,Electronics,47,2350.0,71,6,1,0,50.0,0.0,24.92983493747902,1.9245982422751262
2024-04-15,Electronics,44,2200.0,66,0,0,0,50.0,0.0,25.346526703083477,0.0
2024-04-16,Electronics,42,2100.0,61,1,0,0,50.0,0.0,26.78127799894843,4.025772053081575
2024-04-17,Electronics,44,2200.0,66,2,0,0,50.0,0.0,25.539762548279427,0.0
2024-04-18,Electronics,46,2300.0,66,3,0,0,50.0,0.0,,0.0
2024-04-19,Electronics,42,2100.0,61,4,0,0,50.0,0.0,26.700168362718475,0.6840639482627136
2024-04-20,Electronics,47,2350.0,71,5,1,0,50.0,0.0,24.93123228455414,2.0105642847703624
2024-04-21,Electronics,48,2400.0,71,6,1,0,50.0,0.0,27.02999265126077,0.7620017703699318
2024-04-22,Electronics,41,2050.0,61,0,0,0,50.0,0.0,25.183037341345322,0.7751971839239871
2024-04-23,Electronics,42,2100.0,61,1,0,0,50.0,0.0,27.64371577306234,2.556842892469985
2024-04-24,Electronics,41,2050.0,61,2,0,0,50.0,0.0,24.124966663929477,0.2780772274111216
2024-04-25,Electronics,40,2000.0,61,3,0,0,50.0,0.0,23.32235156526897,1.5240789149171836
2024-04-26,Electronics,39,1950.0,61,4,0,0,50.0,0.0,20.8188356879891,0.8494485268238188
2024-04-27,Electronics,50,2500.0,75,5,1,0,50.0,0.0,26.73641018729283,0.0
2024-04-28,Electronics,45,2250.0,70,6,1,0,50.0,0.0,21.53540914336493,0.18322280855061446
2024-04-29,Electronics,41,2050.0,60,0,0,0,50.0,0.0,26.112382791071518,2.056947184128437
2024-04-30,Electronics,41,2050.0,60,1,0,0,50.0,0.0,25.98870951778968,0.05262679754013688
2024-05-01,Electronics,42,2100.0,65,2,0,0,50.0,0.0,21.905982208229563,0.0
2024-05-02,Electronics,39,1950.0,60,3,0,0,50.0,0.0,20.850246069531078,0.8235337904855717
2024-05-03,Electronics,63,2677.5,65,4,0,0,42.5,1.0,22.004759054208215,0.0
2024-05-04,Electronics,73,3102.5,75,5,1,0,42.5,1.0,23.99412272991388,
2024-05-05,Electronics,73,3102.5,75,6,1,0,42.5,1.0,23.26754505076718,0.0
2024-05-06,Electronics,66,2805.0,65,0,0,0,42.5,1.0,26.339164635936335,0.0
2024-05-07,Electronics,44,2200.0,65,1,0,0,50.0,,25.676589817702986,0.0
2024-05-08,Electronics,43,2150.0,64,2,0,0,50.0,0.0,24.37993872016986,0.0
2024-05-09,Electronics,39,1950.0,59,3,0,0,50.0,0.0,21.605795016554453,0.30459449347960144
2024-05-10,Electronics,39,1950.0,59,4,0,0,50.0,0.0,23.6189989334029,2.325448935521915
2024-05-11,Electronics,45,2250.0,69,5,1,0,50.0,0.0,23.349752875060826,0.28709906355523085
2024-05-12,Electronics,45,2250.0,69,6,1,0,50.0,0.0,21.710707368576415,0.004306982211268684
2024-05-13,Electronics,38,1900.0,59,0,0,0,50.0,0.0,21.060636466845494,0.7632487287675027
2024-05-14,Electronics,39,1950.0,59,1,0,0,50.0,0.0,22.78442781163863,3.276209286498501
2024-05-15,Electronics,42,2100.0,64,2,0,0,50.0,0.0,21.715395266438875,0.0
2024-05-16,Electronics,41,2050.0,64,3,0,0,50.0,0.0,,0.0
2024-05-17,Electronics,39,1950.0,58,4,0,0,50.0,0.0,23.043718022007862,0.05791461245397711
2024-05-18,Electronics,61,3050.0,93,5,1,0,50.0,0.0,26.150458660357064,0.2949669608745742
2024-05-19,Electronics,62,3100.0,98,6,1,0,50.0,0.0,22.750568079822752,0.0
2024-05-20,Electronics,55,2750.0,88,0,0,0,50.0,0.0,,0.0
2024-05-21,Electronics,37,1850.0,58,1,0,0,50.0,0.0,20.190701168514973,1.794941378830905
2024-05-22,Electronics,39,1950.0,58,2,0,0,50.0,0.0,24.886960305008948,2.0441041656631156
2024-05-23,Electronics,39,1950.0,58,3,0,0,50.0,0.0,24.25626007489567,1.8397844083735455
2024-05-24,Electronics,,,58,4,0,0,50.0,0.0,26.399197781631322,0.663063601481412
2024-05-25,Electronics,45,2250.0,72,5,1,0,50.0,0.0,17.690376655278857,0.0
2024-05-26,Electronics,43,2150.0,67,6,1,0,50.0,0.0,21.02389648218467,2.051651664063467
2024-05-27,Electronics,37,1850.0,57,0,0,0,50.0,0.0,20.178649741205593,0.17030996973585166
2024-05-28,Electronics,36,1800.0,57,1,0,0,50.0,0.0,18.11761620490772,0.9556629524391902
2024-05-29,Electronics,35,1750.0,57,2,0,0,50.0,0.0,16.45685045320326,1.2310650303053778
2024-05-30,Electronics,38,1900.0,57,3,0,0,50.0,0.0,22.745420290563644,1.2034194551719621
2024-05-31,Electronics,37,1850.0,57,4,0,0,50.0,0.0,20.91632171742278,0.46488688702311887
2024-06-01,Electronics,43,2150.0,66,5,1,0,50.0,0.0,22.077345467316793,0.47164314991116507
2024-06-02,Electronics,64,2720.0,66,6,1,0,42.5,1.0,21.96470177670782,3.341639932400298
2024-06-03,Electronics,59,2507.5,61,0,0,0,42.5,1.0,21.11065384699502,0.0
2024-06-04,Electronics,55,2337.5,56,1,0,0,42.5,1.0,22.355518105649512,0.923550808218023
2024-06-05,Electronics,55,2337.5,56,2,0,0,42.5,1.0,21.348511836513016,2.727502747008525
2024-06-06,Electronics,37,1850.0,56,3,0,0,50.0,0.0,21.37133487174675,0.8298626426599003
2024-06-07,Electronics,34,1700.0,55,4,0,0,50.0,0.0,15.793362199876679,1.3969884089534346
2024-06-08,Electronics,45,2250.0,70,5,1,0,50.0,0.0,20.998950198773564,0.0
2024-06-09,Electronics,43,2150.0,70,6,1,0,50.0,0.0,15.3704489694289,0.0
2024-06-10,Electronics,38,1900.0,60,0,0,0,50.0,0.0,18.316134015501525,
2024-06-11,Electronics,34,1700.0,55,1,0,0,50.0,0.0,16.737136462157046,1.0312465590469655
2024-06-12,Electronics,35,1750.0,55,2,0,0,50.0,0.0,19.698333756200178,1.366603606058297
2024-06-13,Electronics,36,1800.0,59,3,0,0,50.0,0.0,16.1601895486121,0.0
2024-06-14,Electronics,34,1700.0,54,4,0,0,50.0,0.0,18.2672527491995,1.0060844979551407
2024-06-15,Electronics,43,2150.0,69,5,1,0,50.0,0.0,18.174952808122,0.0
2024-06-16,Electronics,41,2050.0,64,6,1,0,50.0,0.0,19.316431482788467,0.37020952231193616
2024-06-17,Electronics,33,1650.0,54,0,0,0,50.0,0.0,16.11918026441289,1.1127492875435037
2024-06-18,Electronics,34,1700.0,54,1,0,0,50.0,,18.117079507437914,0.15718635225754185
2024-06-19,Electronics,36,1800.0,58,2,0,0,50.0,0.0,15.618200618070048,0.0
2024-06-20,Electronics,32,1600.0,53,3,0,0,50.0,0.0,13.973609728119074,2.169587411226784
2024-06-21,Electronics,36,1800.0,58,4,0,0,50.0,0.0,16.294449764000046,0.0
2024-06-22,Electronics,43,2150.0,68,5,1,0,50.0,0.0,18.444674470958322,0.0
2024-06-23,Electronics,41,2050.0,68,6,1,0,50.0,0.0,13.600005062924842,
2024-06-24,Electronics,32,1600.0,53,0,0,0,50.0,0.0,15.335783371050477,1.9165625824141723
2024-06-25,Electronics,31,1550.0,52,1,0,0,50.0,0.0,13.859762856371947,0.4030522812774433
2024-06-26,Electronics,33,1650.0,52,2,0,0,50.0,0.0,18.098056470103003,0.31048044267334407
2024-06-27,Electronics,47,2350.0,77,3,0,0,50.0,0.0,14.976588893979928,4.150468156343229
2024-06-28,Electronics,47,2350.0,77,4,0,0,50.0,0.0,16.579843603296993,3.2184707675077187
2024-06-29,Electronics,52,2600.0,87,5,1,0,50.0,0.0,14.411726260822256,0.9873548251481234
2024-06-30,Electronics,,,67,6,1,0,50.0,0.0,13.853827229965056,0.0
2024-07-01,Electronics,30,1500.0,51,0,0,0,50.0,0.0,12.134238194005821,3.6535873484008388
2024-07-02,Electronics,31,1550.0,51,1,0,0,50.0,0.0,13.7687535217683,1.1379310260733284
2024-07-03,Electronics,31,1550.0,51,2,0,0,50.0,0.0,14.322106926675561,1.14956560925945
2024-07-04,Electronics,38,1900.0,66,3,0,1,50.0,0.0,8.934290786876796,3.0606579532340676
2024-07-05,Electronics,35,1750.0,56,4,0,0,50.0,0.0,18.159603199301532,0.0
2024-07-06,Electronics,37,1850.0,61,5,1,0,50.0,0.0,14.374390068149978,3.810887807398779
2024-07-07,Electronics,39,1950.0,65,6,1,0,50.0,0.0,14.953708803878733,0.0
2024-07-08,Electronics,30,1500.0,50,0,0,0,50.0,0.0,14.906037497401808,0.009930562326858183
2024-07-09,Electronics,33,1650.0,55,1,0,0,50.0,0.0,14.56432248053115,
2024-07-10,Electronics,45,1912.5,50,2,0,0,42.5,1.0,14.490626287911606,0.5919282423548533
2024-07-11,Electronics,44,1870.0,50,3,0,0,42.5,1.0,12.624075574889435,2.590494646121454
2024-07-12,Electronics,43,1827.5,50,4,0,0,42.5,1.0,11.089981923090383,0.8026724061348063
2024-07-13,Electronics,52,2210.0,59,5,1,0,42.5,1.0,12.626630595335435,
2024-07-14,Electronics,34,1700.0,59,6,1,0,50.0,0.0,10.773953324683847,3.03019565842504
2024-07-15,Electronics,44,1870.0,49,0,0,0,42.5,1.0,13.53364844577808,1.1381234877921456
2024-07-16,Electronics,43,1827.5,49,1,0,0,42.5,1.0,11.933531243937297,0.0623657385618106
2024-07-17,Electronics,42,1785.0,49,2,0,0,42.5,1.0,11.327872669886368,1.942661748147843
2024-07-18,Electronics,44,1870.0,49,3,0,0,42.5,1.0,,0.9322749481992934
2024-07-19,Electronics,30,1500.0,53,4,0,0,50.0,0.0,9.948337246979545,
2024-07-20,Electronics,33,1650.0,58,5,1,0,50.0,,9.203328813944951,1.3104681902248672
2024-07-21,Electronics,34,1700.0,58,6,1,0,50.0,0.0,12.07063250861648,2.5399189895608436
2024-07-22,Electronics,31,1550.0,53,0,0,0,50.0,0.0,12.140439475360878,0.0
2024-07-23,Electronics,28,1400.0,48,1,0,0,50.0,0.0,11.201852889916411,0.4639485511723298
2024-07-24,Electronics,41,1742.5,48,2,0,0,42.5,1.0,10.256797439100248,0.2573413751913165
2024-07-25,Electronics,30,1275.0,37,3,0,0,42.5,1.0,9.19419079398785,5.277047347032267
2024-07-26,Electronics,40,1700.0,47,4,0,0,42.5,1.0,10.55405489957884,0.6471171281970249
2024-07-27,Electronics,47,1997.5,57,5,1,0,42.5,1.0,7.598128448082202,0.29930587668159037
2024-07-28,Electronics,34,1700.0,57,6,1,0,50.0,0.0,12.25211790278936,2.6565321161005757
2024-07-29,Electronics,30,1500.0,52,0,0,0,50.0,0.0,9.66678338153091,0.0
2024-07-30,Electronics,213,10650.0,47,1,0,0,50.0,0.0,6.418201523909415,0.4165538567489473
2024-07-31,Electronics,27,1350.0,47,2,0,0,50.0,0.0,10.903519039812467,0.8621619703965211
2024-08-01,Electronics,29,1450.0,51,3,0,0,50.0,0.0,10.121217345706011,0.0
2024-08-02,Electronics,26,1300.0,46,4,0,0,50.0,0.0,8.910029448073942,0.02597011341668698
2024-08-03,Electronics,31,1550.0,56,5,1,0,50.0,0.0,6.776545081636359,0.33395802436720334
2024-08-04,Electronics,34,1700.0,61,6,1,0,50.0,0.0,7.693029686453182,0.0
2024-08-05,Electronics,26,1300.0,46,0,0,0,50.0,0.0,9.335797900664947,0.028042025220174516
2024-08-06,Electronics,28,1400.0,51,1,0,0,50.0,0.0,8.325603215993686,0.0
2024-08-07,Electronics,27,1350.0,46,2,0,0,50.0,0.0,11.140415341496519,2.1185869861524584
2024-08-08,Electronics,24,1200.0,45,3,0,0,50.0,0.0,6.04831726718917,0.7870374886479197
2024-08-09,Electronics,26,1300.0,45,4,0,0,50.0,0.0,11.333671331429418,1.423097254164324
2024-08-10,Electronics,31,1550.0,55,5,1,0,50.0,0.0,8.721288947295951,4.905507970246179
2024-08-11,Electronics,31,1550.0,55,6,1,0,50.0,0.0,9.703045196314253,1.8757293863540587
2024-08-12,Electronics,24,1200.0,45,0,0,0,50.0,0.0,5.964275923824457,0.3036707932136309
