store_sales_forecasting_raw.csv
Date,Product_Category,Units_Sold,Daily_Revenue,Demand_Index,Day_of_Week,Is_Weekend,Is_Holiday,Price,Is_On_Sale,Avg_Daily_Temperature,Rainfall_mm
2024-08-13,Electronics,24,1200.0,45,1,0,0,50.0,0.0,6.12614523197518,0.13545583279008855
2024-08-14,Electronics,27,1350.0,45,2,0,0,50.0,,12.860995067585245,2.344637779590414
2024-08-15,Electronics,23,1150.0,44,3,0,0,50.0,0.0,6.180868349588517,0.13913718864595737
2024-08-16,Electronics,24,1200.0,44,4,0,0,50.0,0.0,8.545546976704998,0.895701003118692
2024-08-17,Electronics,30,1500.0,54,5,1,0,50.0,0.0,7.679121634096743,2.1981093023950438
2024-08-18,Electronics,31,1550.0,54,6,1,0,50.0,0.0,9.8833869261638,1.5681098460908025
2024-08-19,Electronics,24,1200.0,44,0,0,0,50.0,0.0,6.921910249033074,0.2966653102431296
2024-08-20,Electronics,42,2100.0,74,1,0,0,50.0,0.0,7.030544913840908,0.0
2024-08-21,Electronics,33,1650.0,59,2,0,0,50.0,0.0,6.716028041263325,5.960410925269556
2024-08-22,Electronics,39,1950.0,69,3,0,0,50.0,0.0,6.995610982861144,1.088457426913569
2024-08-23,Electronics,39,1950.0,69,4,0,0,50.0,0.0,7.036962373058233,1.0044033332928368
2024-08-24,Electronics,39,1950.0,68,5,1,0,50.0,0.0,8.5099052001672,12.794949981185757
2024-08-25,Electronics,29,1450.0,53,6,1,0,50.0,0.0,5.795858319332007,2.244030593448335
2024-08-26,Electronics,25,1250.0,43,0,0,0,50.0,0.0,10.837877303301028,1.1605432200837598
2024-08-27,Electronics,24,1200.0,43,1,0,0,50.0,0.0,8.474973504399523,
2024-08-28,Electronics,26,1300.0,48,2,0,0,50.0,0.0,6.474867602195573,0.0
2024-08-29,Electronics,22,1100.0,43,3,0,0,50.0,0.0,4.238418928742769,2.3892818230955064
2024-08-30,Electronics,23,1150.0,43,4,0,0,50.0,0.0,,3.92939229236511
2024-08-31,Electronics,28,1400.0,53,5,1,0,50.0,0.0,5.354774774093756,3.10623136497519
2024-09-01,Electronics,28,1400.0,53,6,1,0,50.0,0.0,4.453221504537312,0.31142431090355993
2024-09-02,Electronics,23,1150.0,43,0,0,0,50.0,0.0,7.101705663814854,0.6860846958389599
2024-09-03,Electronics,26,1300.0,48,1,0,0,50.0,0.0,7.907792626383905,0.0
2024-09-04,Electronics,22,1100.0,42,2,0,0,50.0,0.0,,0.6697245721001044
2024-09-05,Electronics,23,1150.0,42,3,0,0,50.0,0.0,8.767672540008224,2.5643524804609483
2024-09-06,Electronics,25,1250.0,47,4,0,0,50.0,0.0,5.284643601301765,0.0
2024-09-07,Electronics,29,1450.0,52,5,1,0,50.0,0.0,7.554643403989479,0.9180412700847522
2024-09-08,Electronics,27,1350.0,52,6,1,0,50.0,0.0,4.212817375303739,0.9136029760003119
2024-09-09,Electronics,25,1250.0,47,0,0,0,50.0,0.0,6.223443800816966,0.0
2024-09-10,Electronics,26,1300.0,47,1,0,0,50.0,0.0,8.054607928247192,0.0
2024-09-11,Electronics,27,1350.0,47,2,0,0,50.0,0.0,10.213423636411608,0.0
2024-09-12,Electronics,22,1100.0,42,3,0,0,50.0,0.0,5.265061899073191,1.8338183513431718
2024-09-13,Electronics,23,1150.0,42,4,0,0,50.0,0.0,8.400530239277748,
2024-09-14,Electronics,27,1350.0,52,5,1,0,50.0,0.0,4.524762119817704,
2024-09-15,Electronics,26,1300.0,52,6,1,0,50.0,0.0,,3.72323475779348
2024-09-16,Electronics,19,950.0,42,0,0,0,50.0,0.0,-0.6074671468279309,2.245086530328609
2024-09-17,Electronics,20,1000.0,42,1,0,0,50.0,0.0,0.9750150522696899,0.013091669552042884
2024-09-18,Electronics,23,1150.0,42,2,0,0,50.0,0.0,9.037880902640078,1.9709588395337998
2024-09-19,Electronics,22,1100.0,42,3,0,0,50.0,0.0,5.503446038153632,0.9700727354131014
2024-09-20,Electronics,22,1100.0,42,4,0,0,50.0,0.0,6.952964792634653,1.19067441497165
2024-09-21,Electronics,28,1400.0,52,5,1,0,50.0,0.0,6.131438137618592,0.5536919982123822
2024-09-22,Electronics,31,1550.0,57,6,1,0,50.0,0.0,4.70447970657666,
2024-09-23,Electronics,22,1100.0,42,0,0,0,50.0,0.0,5.580228767537977,0.8119190336439852
2024-09-24,Electronics,21,1050.0,42,1,0,0,50.0,0.0,3.362751128269034,0.03922987028798808
2024-09-25,Electronics,24,1200.0,42,2,0,0,50.0,0.0,9.994267253195915,1.2540902107864302
2024-09-26,Electronics,37,1572.5,47,3,0,0,42.5,1.0,6.070389970120779,0.0
2024-09-27,Electronics,35,1487.5,42,4,0,0,42.5,1.0,10.244627588377313,0.7431361064642976
2024-09-28,Electronics,43,1827.5,52,5,1,0,42.5,1.0,7.319524633592659,0.35762958125446653
2024-09-29,Electronics,43,1827.5,52,6,1,0,42.5,1.0,8.17976675880869,0.18667515980502025
2024-09-30,Electronics,20,1000.0,42,0,0,0,50.0,0.0,,0.6662095458150912
2024-10-01,Electronics,23,1150.0,42,1,0,0,50.0,0.0,8.229863423766588,2.9549385416680964
2024-10-02,Electronics,16,800.0,32,2,0,0,50.0,0.0,5.697608939675114,
2024-10-03,Electronics,20,1000.0,42,3,0,0,50.0,0.0,1.846139669502898,0.19278280679358106
2024-10-04,Electronics,23,1150.0,42,4,0,0,50.0,0.0,8.503253550558854,1.455485652937452
2024-10-05,Electronics,27,1350.0,52,5,1,0,50.0,0.0,4.009744992250789,0.9011486093916539
2024-10-06,Electronics,28,1400.0,52,6,1,0,50.0,0.0,5.920438816099197,0.37610425599919206
2024-10-07,Electronics,21,1050.0,42,0,0,0,50.0,0.0,4.344179309356364,2.473914020850277
2024-10-08,Electronics,24,1200.0,47,1,0,0,50.0,0.0,4.253746002258384,
2024-10-09,Electronics,21,1050.0,42,2,0,0,50.0,0.0,4.311096874195215,0.9393464841163239
2024-10-10,Electronics,22,1100.0,42,3,0,0,50.0,0.0,5.515357646262714,1.3629245056608474
2024-10-11,Electronics,22,1100.0,42,4,0,0,50.0,0.0,4.589110789675603,1.294697595489826
2024-10-12,Electronics,27,1350.0,52,5,1,0,50.0,0.0,3.553465215454932,0.2124995786590662
2024-10-13,Electronics,31,1550.0,57,6,1,0,50.0,0.0,5.802861647769329,0.0
2024-10-14,Electronics,23,1150.0,42,0,0,0,50.0,0.0,7.170010845525649,0.16217487541942255
2024-10-15,Electronics,24,1200.0,47,1,0,0,50.0,0.0,3.5394823472684793,0.0
2024-10-16,Electronics,24,1200.0,47,2,0,0,50.0,0.0,3.8373570029753825,0.0
2024-10-17,Electronics,22,1100.0,42,3,0,0,50.0,0.0,6.792719201768875,0.8183311884596618
2024-10-18,Electronics,22,1100.0,42,4,0,0,50.0,0.0,5.950868225089514,2.603914803561162
2024-10-19,Electronics,29,1450.0,52,5,1,0,50.0,0.0,7.653657834464147,0.28782524212703064
2024-10-20,Electronics,31,1550.0,57,6,1,0,50.0,0.0,5.395534951168995,0.0
2024-10-21,Electronics,21,1050.0,42,0,0,0,50.0,0.0,3.071192786021738,0.07480167864082876
2024-10-22,Electronics,16,800.0,32,1,0,0,50.0,0.0,6.9405965408950046,5.891236369223168
2024-10-23,Electronics,24,1200.0,47,2,0,0,50.0,0.0,3.52815644511936,0.0
2024-10-24,Electronics,21,1050.0,42,3,0,0,50.0,0.0,3.689583825460848,0.08773480263891975
2024-10-25,Electronics,39,1657.5,47,4,0,0,42.5,1.0,8.430815816685124,0.0
2024-10-26,Electronics,42,1785.0,52,5,1,0,42.5,1.0,6.123199265281974,1.0899268978226937
2024-10-27,Electronics,46,1955.0,58,6,1,0,42.5,1.0,3.7080041747058985,0.0
2024-10-28,Electronics,35,1487.5,43,0,0,0,42.5,1.0,7.355051900950155,1.9168440503691135
2024-10-29,Electronics,25,1250.0,48,1,0,0,50.0,0.0,3.140562794357,0.0
2024-10-30,Electronics,16,800.0,33,2,0,0,50.0,0.0,3.363215837693648,
2024-10-31,Electronics,23,1150.0,43,3,0,0,50.0,0.0,7.591810249844689,0.7461248860912324
2024-11-01,Electronics,25,1250.0,48,4,0,0,50.0,0.0,5.0282214468385416,0.0
2024-11-02,Electronics,29,1450.0,53,5,1,0,50.0,0.0,5.943170304423948,
2024-11-03,Electronics,30,1500.0,53,6,1,0,50.0,0.0,9.085648225157883,2.031402394481561
2024-11-04,Electronics,25,1250.0,48,0,0,0,50.0,0.0,4.924501078969028,0.0
2024-11-05,Electronics,23,1150.0,43,1,0,0,50.0,0.0,7.595870894386655,1.9831662183513559
2024-11-06,Electronics,23,1150.0,43,2,0,0,50.0,0.0,6.384010903733712,0.17106864114125564
2024-11-07,Electronics,35,1487.5,44,3,0,0,42.5,1.0,6.568143076347766,0.05305686816221589
2024-11-08,Electronics,36,1530.0,44,4,0,0,42.5,1.0,8.224824199007298,1.9939295653052085
2024-11-09,Electronics,44,1870.0,54,5,1,0,42.5,1.0,6.254220679989137,1.233793563752811
2024-11-10,Electronics,38,1615.0,44,6,1,0,42.5,1.0,11.19538532915827,
2024-11-11,Electronics,24,1200.0,44,0,0,0,50.0,0.0,7.988053217232138,0.2977833944097916
2024-11-12,Electronics,41,1742.5,49,1,0,0,42.5,1.0,8.45313038589269,
2024-11-13,Electronics,36,1530.0,44,2,0,0,42.5,1.0,8.69836311491153,0.6535617598517851
2024-11-14,Electronics,35,1487.5,44,3,0,0,42.5,1.0,7.195346827162124,2.1034384786728335
2024-11-15,Electronics,41,1742.5,49,4,0,0,42.5,1.0,9.042068928795038,0.0
2024-11-16,Electronics,31,1550.0,55,5,1,0,50.0,0.0,7.966043960096722,0.24977601288315432
2024-11-17,Electronics,31,1550.0,55,6,1,0,50.0,0.0,8.04401411433757,0.46461726459578867
2024-11-18,Electronics,24,1200.0,45,0,0,0,50.0,0.0,,1.4497288642463984
2024-11-19,Electronics,25,1250.0,45,1,0,0,50.0,0.0,7.793986488671623,0.14450714563108114
2024-11-20,Electronics,25,1250.0,45,2,0,0,50.0,0.0,9.088311725905315,1.7123472281561174
2024-11-21,Electronics,25,1250.0,45,3,0,0,50.0,0.0,9.249286259311306,1.279284079167018
2024-11-22,Electronics,25,1250.0,45,4,0,0,50.0,0.0,9.14889809846507,0.07464636291115401
2024-11-23,Electronics,32,1600.0,56,5,1,0,50.0,0.0,9.514003136050558,1.4494046927946558
2024-11-24,Electronics,35,1750.0,61,6,1,0,50.0,0.0,9.567718826668354,0.0
2024-11-25,Electronics,30,1500.0,51,0,0,0,50.0,0.0,11.743390249636205,0.0
2024-11-26,Electronics,25,1250.0,46,1,0,0,50.0,0.0,,0.27467074794192126
2024-11-27,Electronics,27,1350.0,46,2,0,0,50.0,0.0,11.113894436754217,0.5713347168581746
2024-11-28,Electronics,27,1350.0,51,3,0,0,50.0,0.0,5.867453893470498,0.0
2024-11-29,Electronics,29,1450.0,51,4,0,0,50.0,0.0,10.239040667800438,0.0
2024-11-30,Electronics,31,1550.0,57,5,1,0,50.0,0.0,5.586888367953217,0.17903032022523702
2024-12-01,Electronics,33,1650.0,57,6,1,0,50.0,0.0,9.727005652957157,1.285296708990507
2024-12-02,Electronics,27,1350.0,47,0,0,0,50.0,0.0,11.675827023734259,0.5389422458137851
2024-12-03,Electronics,31,1550.0,52,1,0,0,50.0,0.0,12.920165270944977,0.0
2024-12-04,Electronics,28,1400.0,47,2,0,0,50.0,0.0,13.883828245210871,0.579101703274796
2024-12-05,Electronics,28,1400.0,47,3,0,0,50.0,0.0,12.444731206606072,
2024-12-06,Electronics,28,1400.0,47,4,0,0,50.0,0.0,12.629177236555448,3.62412123013016
2024-12-07,Electronics,34,1700.0,58,5,1,0,50.0,0.0,11.862728238178933,0.5925350630234076
2024-12-08,Electronics,34,1700.0,58,6,1,0,50.0,0.0,11.947020399352674,1.7388277666733662
2024-12-09,Electronics,28,1400.0,48,0,0,0,50.0,0.0,10.756665286411497,0.7252173487503899
2024-12-10,Electronics,32,1600.0,53,1,0,0,50.0,0.0,13.898840734043773,0.0
2024-12-11,Electronics,23,1150.0,38,2,0,0,50.0,0.0,13.073693207630459,8.435292199832473
2024-12-12,Electronics,28,1400.0,48,3,0,0,50.0,0.0,11.448411634075212,2.911674010777699
2024-12-13,Electronics,28,1400.0,49,4,0,0,50.0,,10.728105660386541,2.191594967165278
2024-12-14,Electronics,35,1750.0,59,5,1,0,50.0,0.0,11.69381101313525,0.47632930383034067
2024-12-15,Electronics,35,1750.0,59,6,1,0,50.0,0.0,12.568570509926856,1.5508639935995236
2024-12-16,Electronics,44,1870.0,49,0,0,0,42.5,1.0,13.212761257542246,3.873297117951825
2024-12-17,Electronics,45,1912.5,49,1,0,0,42.5,1.0,15.700413529566063,1.2896997182785563
2024-12-18,Electronics,43,1827.5,49,2,0,0,42.5,1.0,12.146388696553768,1.8797753854201598
2024-12-19,Electronics,42,1785.0,50,3,0,0,42.5,1.0,9.896484893333074,0.5406884954369693
2024-12-20,Electronics,30,1500.0,50,4,0,0,50.0,0.0,13.193949297786814,2.9573067804535276
2024-12-21,Electronics,58,2465.0,65,5,1,0,42.5,1.0,12.967426151955706,0.0
2024-12-22,Electronics,57,2422.5,65,6,1,0,42.5,1.0,12.026746720477085,0.0
2024-12-23,Electronics,44,1870.0,50,0,0,0,42.5,1.0,13.187752918718154,3.2101883459291978
2024-12-24,Electronics,44,1870.0,50,1,0,0,42.5,1.0,13.011052751844392,0.6387339087161179
2024-12-25,Electronics,40,2000.0,66,2,0,1,50.0,0.0,15.39535572306894,0.1961746220034577
2024-12-26,Electronics,31,1550.0,51,3,0,0,50.0,0.0,14.230074921788868,0.5390345921123765
2024-12-27,Electronics,30,1500.0,51,4,0,0,50.0,0.0,12.302807441738555,0.27183877178369587
2024-12-28,Electronics,36,1800.0,61,5,1,0,50.0,0.0,13.28573409949633,0.15331975166981437
2024-12-29,Electronics,39,1950.0,61,6,1,0,50.0,0.0,19.273054148206047,0.27874549105586466
2024-12-30,Electronics,34,1700.0,56,0,0,0,50.0,0.0,15.679075310022405,0.0
2024-12-31,Electronics,35,1750.0,57,1,0,0,50.0,0.0,16.6526373730604,0.0
2025-01-01,Electronics,43,2150.0,74,2,0,1,50.0,0.0,11.340759520457508,0.0
2025-01-02,Electronics,33,1650.0,54,3,0,0,50.0,0.0,14.437793924130853,0.45065995894177724
2025-01-03,Electronics,37,1850.0,59,4,0,0,50.0,0.0,16.980308066980285,0.0
2025-01-04,Electronics,38,1900.0,64,5,1,0,50.0,0.0,13.128643833936938,0.7452719747093739
2025-01-05,Electronics,39,1950.0,64,6,1,0,50.0,0.0,16.048906783009034,0.37010870125990913
2025-01-06,Electronics,36,1800.0,60,0,0,0,50.0,0.0,12.695891521616659,0.0
2025-01-07,Electronics,38,1900.0,60,1,0,0,50.0,0.0,18.421863631706326,0.0
2025-01-08,Electronics,33,1650.0,55,2,0,0,50.0,0.0,14.096043389440702,2.3568479758590652
2025-01-09,Electronics,37,1850.0,60,3,0,0,50.0,0.0,16.910462026627712,0.0
2025-01-10,Electronics,34,1700.0,55,4,0,0,50.0,0.0,16.070988495831585,0.7749830118878736
2025-01-11,Electronics,42,2100.0,70,5,1,0,50.0,0.0,14.453533494326269,0.0
2025-01-12,Electronics,45,2250.0,71,6,1,0,50.0,0.0,18.86689615691971,0.0
2025-01-13,Electronics,34,1700.0,56,0,0,0,50.0,0.0,14.435840344845195,0.09387019534935837
2025-01-14,Electronics,39,1950.0,61,1,0,0,50.0,0.0,19.30826781686219,0.0
2025-01-15,Electronics,55,2337.5,61,2,0,0,42.5,1.0,14.822827083521535,0.0
2025-01-16,Electronics,54,2295.0,56,3,0,0,42.5,1.0,,3.0108523348696643
2025-01-17,Electronics,56,2380.0,61,4,0,0,42.5,1.0,16.19598189993126,0.0
2025-01-18,Electronics,66,2805.0,72,5,1,0,42.5,1.0,15.921831480680709,0.0
2025-01-19,Electronics,45,2250.0,72,6,1,0,50.0,0.0,17.5535762793729,0.0
2025-01-20,Electronics,36,1800.0,57,0,0,0,50.0,0.0,17.99711020757223,1.3813040615336853
2025-01-21,Electronics,36,1800.0,57,1,0,0,50.0,0.0,17.51182480998547,
2025-01-22,Electronics,37,1850.0,57,2,0,0,50.0,0.0,20.13151865737808,0.1306895529442904
2025-01-23,Electronics,40,2000.0,62,3,0,0,50.0,0.0,21.11854955748786,0.0
2025-01-24,Electronics,37,1850.0,58,4,0,0,50.0,0.0,18.411013737656976,1.4671425672341836
2025-01-25,Electronics,43,2150.0,68,5,1,0,50.0,0.0,19.97018053852171,
2025-01-26,Electronics,44,2200.0,68,6,1,0,50.0,0.0,21.360514902992374,
2025-01-27,Electronics,39,1950.0,58,0,0,0,50.0,0.0,23.031468192934984,0.39707547975846746
2025-01-28,Electronics,38,1900.0,58,1,0,0,50.0,0.0,21.77969050637051,2.734135404665736
2025-01-29,Electronics,40,2000.0,63,2,0,0,50.0,0.0,20.167277231443872,0.0
2025-01-30,Electronics,38,1900.0,58,3,0,0,50.0,0.0,20.61332868180307,2.0132197989029246
2025-01-31,Electronics,39,1950.0,59,4,0,0,50.0,0.0,22.854332468924788,3.6193371947840784
2025-02-01,Electronics,64,2720.0,69,5,1,0,42.5,1.0,17.897552178379232,3.101539156328748
2025-02-02,Electronics,64,2720.0,69,6,1,0,42.5,1.0,17.737118063495995,0.5660846718536301
2025-02-03,Electronics,58,2465.0,59,0,0,0,42.5,1.0,22.819039692409184,0.6086440198445398
2025-02-04,Electronics,58,2465.0,59,1,0,0,42.5,1.0,21.73241466068199,2.2062792779500864
2025-02-05,Electronics,39,1950.0,59,2,0,0,50.0,0.0,23.14830155350016,0.09565948467470009
2025-02-06,Electronics,57,2422.5,59,3,0,0,42.5,1.0,20.450288069919832,0.2845268713132756
2025-02-07,Electronics,59,2507.5,60,4,0,0,42.5,1.0,22.33020552745049,2.0630625852042024
2025-02-08,Electronics,69,2932.5,70,5,1,0,42.5,1.0,24.578231288913035,1.882687093164856
2025-02-09,Electronics,72,3060.0,75,6,1,0,42.5,1.0,,0.0
2025-02-10,Electronics,40,2000.0,60,0,0,0,50.0,0.0,23.98620940987879,0.014483946643822687
2025-02-11,Electronics,38,1900.0,60,1,0,0,50.0,0.0,19.728254770054757,0.7170364332435759
2025-02-12,Electronics,38,1900.0,60,2,0,0,50.0,0.0,17.5634474513062,0.48031457536092836
2025-02-13,Electronics,40,2000.0,60,3,0,0,50.0,0.0,23.014622868346027,0.6620091191715463
2025-02-14,Electronics,39,1950.0,60,4,0,0,50.0,0.0,21.176143831775484,0.29276247632915053
2025-02-15,Electronics,44,2200.0,71,5,1,0,50.0,0.0,17.73585075780555,0.4680845381088694
2025-02-16,Electronics,45,2250.0,71,6,1,0,50.0,0.0,20.884146424501196,1.2438128178248826
2025-02-17,Electronics,39,1950.0,61,0,0,0,50.0,0.0,20.563194890554705,
2025-02-18,Electronics,40,2000.0,61,1,0,0,50.0,0.0,21.64386952753652,
2025-02-19,Electronics,33,1650.0,51,2,0,0,50.0,0.0,20.477594070107713,10.899091933647805
2025-02-20,Electronics,43,2150.0,66,3,0,0,50.0,0.0,22.602976110885198,0.0
2025-02-21,Electronics,43,2150.0,66,4,0,0,50.0,0.0,21.482512448961433,0.0
2025-02-22,Electronics,45,2250.0,71,5,1,0,50.0,0.0,19.476851882588377,0.18618092146542287
2025-02-23,Electronics,49,2450.0,77,6,1,0,50.0,0.0,21.66903816855493,0.0
2025-02-24,Electronics,41,2050.0,62,0,0,0,50.0,0.0,23.093650468056275,2.4233183240407974
2025-02-25,Electronics,42,2100.0,62,1,0,0,50.0,0.0,25.75342044126541,1.799213544518825
2025-02-26,Electronics,41,2050.0,62,2,0,0,50.0,0.0,23.961810765614153,3.4523801710995254
2025-02-27,Electronics,56,2800.0,87,3,0,0,50.0,0.0,23.013864755141174,0.9171010291782533
2025-02-28,Electronics,60,3000.0,92,4,0,0,50.0,0.0,24.78575099345361,0.0
2025-03-01,Electronics,64,3200.0,100,5,1,0,50.0,0.0,24.813018199261997,0.0
2025-03-02,Electronics,47,2350.0,72,6,1,0,50.0,0.0,22.829042480873586,0.8086178143790255
2025-03-03,Electronics,42,2100.0,67,0,0,0,50.0,0.0,17.200653948074613,0.0
2025-03-04,Electronics,42,2100.0,62,1,0,0,50.0,0.0,25.298667193596348,0.6936729842344411
2025-03-05,Electronics,40,2000.0,62,2,0,0,50.0,0.0,20.320325284327623,
2025-03-06,Electronics,41,2050.0,62,3,0,0,50.0,0.0,23.881792920446898,0.05146886256860039
2025-03-07,Electronics,45,2250.0,68,4,0,0,50.0,0.0,25.29519313275695,0.0
2025-03-08,Electronics,50,2500.0,78,5,1,0,50.0,0.0,20.5641177056869,0.0
2025-03-09,Electronics,51,2550.0,78,6,1,0,50.0,0.0,23.846316632307335,
2025-03-10,Electronics,37,1850.0,53,0,0,0,50.0,0.0,26.195439025051073,6.685193739269185
2025-03-11,Electronics,45,2250.0,68,1,0,0,50.0,0.0,23.87129706843179,0.0
2025-03-12,Electronics,42,2100.0,63,2,0,0,50.0,0.0,23.486309529150702,0.9516713951206517
2025-03-13,Electronics,42,2100.0,63,3,0,0,50.0,0.0,25.436621777018402,2.3932855962955193
2025-03-14,Electronics,41,2050.0,63,4,0,0,50.0,0.0,21.617148004122644,2.2159565165912136
2025-03-15,Electronics,47,2350.0,73,5,1,0,50.0,0.0,20.582452503268193,0.02644425834318076
2025-03-16,Electronics,48,2400.0,73,6,1,0,50.0,0.0,23.54466776928108,3.7712337684404105
